system_sam_b.c:63:18:system_clock_config	16	static
system_sam_b.c:110:10:system_clock_get_value	8	static
system_sam_b.c:126:18:system_clock_peripheral_enable	16	static
system_sam_b.c:417:18:system_clock_peripheral_disable	16	static
system_sam_b.c:709:18:system_clock_peripheral_freq_config	16	static
system_sam_b.c:806:6:system_global_reset	8	static
system_sam_b.c:825:18:system_peripheral_reset	16	static
system_sam_b.c:1145:6:system_register_isr	24	static
system_sam_b.c:1161:6:system_unregister_isr	24	static
system_sam_b.c:1178:6:system_calibration_get_config_defaults	16	static
system_sam_b.c:1196:6:system_calibration_set_config	16	static
system_sam_b.c:1220:32:system_calibration_get_interrupt_status	16	static
system_sam_b.c:1269:6:system_osc_calibration_enable	8	static
system_sam_b.c:1280:6:system_osc_calibration_disable	8	static
system_sam_b.c:1298:32:system_osc_calibration_get_status	8	static
system_sam_b.c:1314:6:system_osc_calibration_clear_status	8	static
system_sam_b.c:1326:6:system_osc_calibration_result	16	static
system_sam_b.c:1337:6:system_rtc_calibration_enable	8	static
system_sam_b.c:1348:6:system_rtc_calibration_disable	8	static
system_sam_b.c:1366:32:system_rtc_calibration_get_status	8	static
system_sam_b.c:1382:6:system_rtc_calibration_clear_status	8	static
system_sam_b.c:1394:6:system_rtc_calibration_result	16	static
system_sam_b.c:1412:18:system_clock_aon_config	16	static
system_sam_b.c:1476:18:system_clock_peripheral_aon_enable	16	static
system_sam_b.c:1506:18:system_clock_peripheral_aon_disable	16	static
