Archive member included because of file (symbol)

../src/ASF/thirdparty/wireless/ble_smart_sdk/lib/cm0/gcc\libblusdk.a(event.o)
                              src/ASF/thirdparty/wireless/ble_smart_sdk/ble_services/ble_mgr/ble_manager.o (at_ble_event_get)
../src/ASF/thirdparty/wireless/ble_smart_sdk/lib/cm0/gcc\libblusdk.a(gap.o)
                              src/ASF/thirdparty/wireless/ble_smart_sdk/ble_services/ble_mgr/ble_manager.o (at_ble_device_name_set)
../src/ASF/thirdparty/wireless/ble_smart_sdk/lib/cm0/gcc\libblusdk.a(gatt_client.o)
                              ../src/ASF/thirdparty/wireless/ble_smart_sdk/lib/cm0/gcc\libblusdk.a(gap.o) (init_gatt_client_module)
../src/ASF/thirdparty/wireless/ble_smart_sdk/lib/cm0/gcc\libblusdk.a(gatt_server.o)
                              ../src/ASF/thirdparty/wireless/ble_smart_sdk/lib/cm0/gcc\libblusdk.a(gap.o) (initi_gatt_server_module)
../src/ASF/thirdparty/wireless/ble_smart_sdk/lib/cm0/gcc\libblusdk.a(l2cc_task.o)
                              ../src/ASF/thirdparty/wireless/ble_smart_sdk/lib/cm0/gcc\libblusdk.a(gap.o) (init_l2cc_task_module)
../src/ASF/thirdparty/wireless/ble_smart_sdk/lib/cm0/gcc\libblusdk.a(security.o)
                              src/ASF/thirdparty/wireless/ble_smart_sdk/ble_services/ble_mgr/ble_manager.o (at_ble_authenticate)
../src/ASF/thirdparty/wireless/ble_smart_sdk/lib/cm0/gcc\libblusdk.a(interface.o)
                              ../src/ASF/thirdparty/wireless/ble_smart_sdk/lib/cm0/gcc\libblusdk.a(gap.o) (rx_callback)
../src/ASF/thirdparty/wireless/ble_smart_sdk/lib/cm0/gcc\libblusdk.a(calib_task.o)
                              ../src/ASF/thirdparty/wireless/ble_smart_sdk/lib/cm0/gcc\libblusdk.a(gap.o) (calib_config)
../src/ASF/thirdparty/wireless/ble_smart_sdk/lib/cm0/gcc\libblusdk.a(dbg_task.o)
                              ../src/ASF/thirdparty/wireless/ble_smart_sdk/lib/cm0/gcc\libblusdk.a(gap.o) (dbg_le_set_bd_addr_req_handler)
../src/ASF/thirdparty/wireless/ble_smart_sdk/lib/cm0/gcc\libblusdk.a(gapc_task.o)
                              ../src/ASF/thirdparty/wireless/ble_smart_sdk/lib/cm0/gcc\libblusdk.a(security.o) (check_ConnData_idx_role)
../src/ASF/thirdparty/wireless/ble_smart_sdk/lib/cm0/gcc\libblusdk.a(gapm_task.o)
                              ../src/ASF/thirdparty/wireless/ble_smart_sdk/lib/cm0/gcc\libblusdk.a(gap.o) (gapm_reset_req_handler)
../src/ASF/thirdparty/wireless/ble_smart_sdk/lib/cm0/gcc\libblusdk.a(gattc_task.o)
                              ../src/ASF/thirdparty/wireless/ble_smart_sdk/lib/cm0/gcc\libblusdk.a(gatt_server.o) (gattc_read_req_ind_parser)
../src/ASF/thirdparty/wireless/ble_smart_sdk/lib/cm0/gcc\libblusdk.a(gattm_task.o)
                              ../src/ASF/thirdparty/wireless/ble_smart_sdk/lib/cm0/gcc\libblusdk.a(gatt_server.o) (gattm_add_svc_req_handler)
../src/ASF/thirdparty/wireless/ble_smart_sdk/lib/cm0/gcc\libblusdk.a(htpt_task.o)
                              ../src/ASF/thirdparty/wireless/ble_smart_sdk/lib/cm0/gcc\libblusdk.a(event.o) (htpt_enable_rsp_handler)
c:/program files (x86)/atmel/studio/7.0/toolchain/arm/arm-gnu-toolchain/bin/../lib/gcc/arm-none-eabi/4.9.3/armv6-m\libgcc.a(_thumb1_case_sqi.o)
                              ../src/ASF/thirdparty/wireless/ble_smart_sdk/lib/cm0/gcc\libblusdk.a(gap.o) (__gnu_thumb1_case_sqi)
c:/program files (x86)/atmel/studio/7.0/toolchain/arm/arm-gnu-toolchain/bin/../lib/gcc/arm-none-eabi/4.9.3/armv6-m\libgcc.a(_thumb1_case_uqi.o)
                              src/ASF/common2/components/memory/eeprom/at30tse75x/at30tse75x.o (__gnu_thumb1_case_uqi)
c:/program files (x86)/atmel/studio/7.0/toolchain/arm/arm-gnu-toolchain/bin/../lib/gcc/arm-none-eabi/4.9.3/armv6-m\libgcc.a(_thumb1_case_uhi.o)
                              src/ASF/sam0/drivers/system/system_sam_b.o (__gnu_thumb1_case_uhi)
c:/program files (x86)/atmel/studio/7.0/toolchain/arm/arm-gnu-toolchain/bin/../lib/gcc/arm-none-eabi/4.9.3/armv6-m\libgcc.a(_udivsi3.o)
                              src/ASF/sam0/drivers/uart/uart.o (__aeabi_uidiv)
c:/program files (x86)/atmel/studio/7.0/toolchain/arm/arm-gnu-toolchain/bin/../lib/gcc/arm-none-eabi/4.9.3/armv6-m\libgcc.a(_dvmd_tls.o)
                              c:/program files (x86)/atmel/studio/7.0/toolchain/arm/arm-gnu-toolchain/bin/../lib/gcc/arm-none-eabi/4.9.3/armv6-m\libgcc.a(_udivsi3.o) (__aeabi_idiv0)
c:/program files (x86)/atmel/studio/7.0/toolchain/arm/arm-gnu-toolchain/bin/../lib/gcc/arm-none-eabi/4.9.3/armv6-m\libgcc.a(_fixunsdfsi.o)
                              src/ASF/thirdparty/wireless/ble_smart_sdk/services/console_serial.o (__aeabi_d2uiz)
c:/program files (x86)/atmel/studio/7.0/toolchain/arm/arm-gnu-toolchain/bin/../lib/gcc/arm-none-eabi/4.9.3/armv6-m\libgcc.a(mulsf3.o)
                              ../src/ASF/thirdparty/wireless/ble_smart_sdk/lib/cm0/gcc\libblusdk.a(calib_task.o) (__aeabi_fmul)
[...]
Memory Configuration

Name             Origin             Length             Attributes
ram              0x10008000         0x00017800         xrw
lram             0x1001f800         0x00000800         xrw
*default*        0x00000000         0xffffffff

Linker script and memory map

LOAD c:/program files (x86)/atmel/studio/7.0/toolchain/arm/arm-gnu-toolchain/bin/../lib/gcc/arm-none-eabi/4.9.3/armv6-m/crti.o
LOAD c:/program files (x86)/atmel/studio/7.0/toolchain/arm/arm-gnu-toolchain/bin/../lib/gcc/arm-none-eabi/4.9.3/armv6-m/crtbegin.o
LOAD c:/program files (x86)/atmel/studio/7.0/toolchain/arm/arm-gnu-toolchain/bin/../lib/gcc/arm-none-eabi/4.9.3/../../../../arm-none-eabi/lib/armv6-m/crt0.o
LOAD src/ASF/common2/components/memory/eeprom/at30tse75x/at30tse75x.o
LOAD src/ASF/common/utils/interrupt/interrupt_sam_nvic.o
LOAD src/ASF/sam0/boards/samb11_xplained_pro/board_init.o
LOAD src/ASF/sam0/drivers/dualtimer/dualtimer.o
LOAD src/ASF/sam0/drivers/gpio/gpio.o
LOAD src/ASF/sam0/drivers/i2c/i2c_master.o
LOAD src/ASF/sam0/drivers/i2c/i2c_master_interrupt.o
LOAD src/ASF/sam0/drivers/system/system_sam_b.o
LOAD src/ASF/sam0/drivers/timer/timer.o
LOAD src/ASF/sam0/drivers/uart/uart.o
LOAD src/ASF/sam0/utils/cmsis/samb11/source/gcc/startup_samb11.o
LOAD src/ASF/sam0/utils/cmsis/samb11/source/system_samb11.o
LOAD src/ASF/sam0/utils/stdio/read.o
LOAD src/ASF/sam0/utils/stdio/write.o
LOAD src/ASF/sam0/utils/syscalls/gcc/syscalls.o
LOAD src/ASF/thirdparty/wireless/ble_smart_sdk/ble_services/battery/battery.o
LOAD src/ASF/thirdparty/wireless/ble_smart_sdk/ble_services/ble_mgr/ble_manager.o
LOAD src/ASF/thirdparty/wireless/ble_smart_sdk/services/button.o
LOAD src/ASF/thirdparty/wireless/ble_smart_sdk/services/console_serial.o
LOAD src/ASF/thirdparty/wireless/ble_smart_sdk/services/led.o
LOAD src/ASF/thirdparty/wireless/ble_smart_sdk/services/timer_hw.o
LOAD src/ASF/thirdparty/wireless/ble_smart_sdk/src/event_handler.o
LOAD src/ASF/thirdparty/wireless/ble_smart_sdk/src/platform_drv.o
LOAD src/ASF/thirdparty/wireless/ble_smart_sdk/src/port_from_sdk.o
LOAD src/sms_button.o
LOAD src/main.o
START GROUP
LOAD ../src/ASF/thirdparty/CMSIS/Lib/GCC\libarm_cortexM0l_math.a
LOAD ../src/ASF/thirdparty/wireless/ble_smart_sdk/lib/cm0/gcc\libblusdk.a
LOAD c:/program files (x86)/atmel/studio/7.0/toolchain/arm/arm-gnu-toolchain/bin/../lib/gcc/arm-none-eabi/4.9.3/../../../../arm-none-eabi/lib/armv6-m\libm.a
END GROUP
START GROUP
LOAD c:/program files (x86)/atmel/studio/7.0/toolchain/arm/arm-gnu-toolchain/bin/../lib/gcc/arm-none-eabi/4.9.3/armv6-m\libgcc.a
LOAD c:/program files (x86)/atmel/studio/7.0/toolchain/arm/arm-gnu-toolchain/bin/../lib/gcc/arm-none-eabi/4.9.3/../../../../arm-none-eabi/lib/armv6-m\libc_nano.a
END GROUP
START GROUP
LOAD c:/program files (x86)/atmel/studio/7.0/toolchain/arm/arm-gnu-toolchain/bin/../lib/gcc/arm-none-eabi/4.9.3/armv6-m\libgcc.a
LOAD c:/program files (x86)/atmel/studio/7.0/toolchain/arm/arm-gnu-toolchain/bin/../lib/gcc/arm-none-eabi/4.9.3/../../../../arm-none-eabi/lib/armv6-m\libc_nano.a
END GROUP
LOAD c:/program files (x86)/atmel/studio/7.0/toolchain/arm/arm-gnu-toolchain/bin/../lib/gcc/arm-none-eabi/4.9.3/armv6-m/crtend.o
LOAD c:/program files (x86)/atmel/studio/7.0/toolchain/arm/arm-gnu-toolchain/bin/../lib/gcc/arm-none-eabi/4.9.3/armv6-m/crtn.o
                0x00000800                STACK_SIZE = DEFINED (STACK_SIZE)?STACK_SIZE:DEFINED (__stack_size__)?__stack_size__:0x800

.text           0x10008000     0x7d80
                0x10008000                . = ALIGN (0x4)
                0x10008000                _sfixed = .
 *(.test.main .text.app_entry)
 .text.app_entry
                0x10008000       0x54 src/ASF/sam0/utils/cmsis/samb11/source/gcc/startup_samb11.o
                0x10008000                app_entry
 *(.text .text.* .gnu.linkonce.t.*)
 .text          0x10008054       0x60 c:/program files (x86)/atmel/studio/7.0/toolchain/arm/arm-gnu-toolchain/bin/../lib/gcc/arm-none-eabi/4.9.3/armv6-m/crtbegin.o
 .text.dualtimer_isr_handler
                0x100080b4       0x48 src/ASF/sam0/drivers/dualtimer/dualtimer.o
 .text.dualtimer_get_config_defaults
                0x100080fc       0x22 src/ASF/sam0/drivers/dualtimer/dualtimer.o
                0x100080fc                dualtimer_get_config_defaults
 *fill*         0x1000811e        0x2 
 .text.dualtimer_enable
                0x10008120       0x28 src/ASF/sam0/drivers/dualtimer/dualtimer.o
                0x10008120                dualtimer_enable
 .text.dualtimer_disable
                0x10008148       0x24 src/ASF/sam0/drivers/dualtimer/dualtimer.o
                0x10008148                dualtimer_disable
 .text.dualtimer_init
                0x1000816c      0x10c src/ASF/sam0/drivers/dualtimer/dualtimer.o
                0x1000816c                dualtimer_init
 .text.dualtimer_register_callback
                0x10008278       0x14 src/ASF/sam0/drivers/dualtimer/dualtimer.o
                0x10008278                dualtimer_register_callback
 .text.gpio_port0_isr_handler
                0x1000828c       0x5c src/ASF/sam0/drivers/gpio/gpio.o
 .text.gpio_port1_isr_handler
                0x100082e8       0x6c src/ASF/sam0/drivers/gpio/gpio.o
 .text.gpio_get_config_defaults
                0x10008354        0xe src/ASF/sam0/drivers/gpio/gpio.o
                0x10008354                gpio_get_config_defaults
 *fill*         0x10008362        0x2 
 .text.gpio_pin_set_config
                0x10008364      0x150 src/ASF/sam0/drivers/gpio/gpio.o
                0x10008364                gpio_pin_set_config
 .text.gpio_pin_set_output_level
                0x100084b4       0x4c src/ASF/sam0/drivers/gpio/gpio.o
                0x100084b4                gpio_pin_set_output_level
 .text.gpio_pinmux_cofiguration
                0x10008500      0x100 src/ASF/sam0/drivers/gpio/gpio.o
                0x10008500                gpio_pinmux_cofiguration
 .text.gpio_register_callback
                0x10008600       0xbc src/ASF/sam0/drivers/gpio/gpio.o
                0x10008600                gpio_register_callback
 .text.gpio_enable_callback
                0x100086bc       0x30 src/ASF/sam0/drivers/gpio/gpio.o
                0x100086bc                gpio_enable_callback
 .text.gpio_init
                0x100086ec       0x64 src/ASF/sam0/drivers/gpio/gpio.o
                0x100086ec                gpio_init
 .text.system_clock_config
                0x10008750       0x78 src/ASF/sam0/drivers/system/system_sam_b.o
                0x10008750                system_clock_config
 .text.system_clock_get_value
                0x100087c8        0xc src/ASF/sam0/drivers/system/system_sam_b.o
                0x100087c8                system_clock_get_value
 .text.system_clock_peripheral_enable
                0x100087d4      0x1e8 src/ASF/sam0/drivers/system/system_sam_b.o
                0x100087d4                system_clock_peripheral_enable
 .text.system_peripheral_reset
                0x100089bc      0x388 src/ASF/sam0/drivers/system/system_sam_b.o
                0x100089bc                system_peripheral_reset
 .text.system_register_isr
                0x10008d44        0xc src/ASF/sam0/drivers/system/system_sam_b.o
                0x10008d44                system_register_isr
 .text.uart_tx0_isr_handler
                0x10008d50       0x8c src/ASF/sam0/drivers/uart/uart.o
 .text.uart_rx1_isr_handler
                0x10008ddc       0x8c src/ASF/sam0/drivers/uart/uart.o
 .text.uart_rx0_isr_handler
                0x10008e68       0x8c src/ASF/sam0/drivers/uart/uart.o
 .text.uart_tx1_isr_handler
                0x10008ef4       0x8c src/ASF/sam0/drivers/uart/uart.o
 .text.uart_get_config_defaults
                0x10008f80       0x2a src/ASF/sam0/drivers/uart/uart.o
                0x10008f80                uart_get_config_defaults
 *fill*         0x10008faa        0x2 
 .text.uart_init
                0x10008fac      0x15c src/ASF/sam0/drivers/uart/uart.o
                0x10008fac                uart_init
 .text.uart_write_wait
                0x10009108        0xe src/ASF/sam0/drivers/uart/uart.o
                0x10009108                uart_write_wait
 .text.uart_read_wait
                0x10009116       0x10 src/ASF/sam0/drivers/uart/uart.o
                0x10009116                uart_read_wait
 .text.uart_read_buffer_job
                0x10009126       0x26 src/ASF/sam0/drivers/uart/uart.o
                0x10009126                uart_read_buffer_job
 .text.uart_register_callback
                0x1000914c       0x16 src/ASF/sam0/drivers/uart/uart.o
                0x1000914c                uart_register_callback
 .text.uart_unregister_callback
                0x10009162       0x18 src/ASF/sam0/drivers/uart/uart.o
                0x10009162                uart_unregister_callback
 .text.uart_enable_callback
                0x1000917a       0x1e src/ASF/sam0/drivers/uart/uart.o
                0x1000917a                uart_enable_callback
 .text.uart_disable_callback
                0x10009198       0x1e src/ASF/sam0/drivers/uart/uart.o
                0x10009198                uart_disable_callback
 *fill*         0x100091b6        0x2 
 .text._read    0x100091b8       0x38 src/ASF/sam0/utils/stdio/read.o
                0x100091b8                _read
 .text._write   0x100091f0       0x34 src/ASF/sam0/utils/stdio/write.o
                0x100091f0                _write
 .text._sbrk    0x10009224       0x20 src/ASF/sam0/utils/syscalls/gcc/syscalls.o
                0x10009224                _sbrk
 .text._close   0x10009244        0x6 src/ASF/sam0/utils/syscalls/gcc/syscalls.o
                0x10009244                _close
 .text._fstat   0x1000924a        0xa src/ASF/sam0/utils/syscalls/gcc/syscalls.o
                0x1000924a                _fstat
 .text._isatty  0x10009254        0x4 src/ASF/sam0/utils/syscalls/gcc/syscalls.o
                0x10009254                _isatty
 .text._lseek   0x10009258        0x4 src/ASF/sam0/utils/syscalls/gcc/syscalls.o
                0x10009258                _lseek
 .text.ble_undefined_event_handler
                0x1000925c        0x4 src/ASF/thirdparty/wireless/ble_smart_sdk/ble_services/ble_mgr/ble_manager.o
                0x1000925c                ble_undefined_event_handler
 .text.ble_scan_report_handler
                0x10009260        0xa src/ASF/thirdparty/wireless/ble_smart_sdk/ble_services/ble_mgr/ble_manager.o
                0x10009260                ble_scan_report_handler
 .text.ble_mtu_changed_indication_handler
                0x1000926a        0x4 src/ASF/thirdparty/wireless/ble_smart_sdk/ble_services/ble_mgr/ble_manager.o
                0x1000926a                ble_mtu_changed_indication_handler
 .text.ble_mtu_changed_cmd_complete_handler
                0x1000926e        0xa src/ASF/thirdparty/wireless/ble_smart_sdk/ble_services/ble_mgr/ble_manager.o
                0x1000926e                ble_mtu_changed_cmd_complete_handler
 .text.ble_characteristic_write_cmd_complete_handler
                0x10009278        0xa src/ASF/thirdparty/wireless/ble_smart_sdk/ble_services/ble_mgr/ble_manager.o
                0x10009278                ble_characteristic_write_cmd_complete_handler
 *fill*         0x10009282        0x2 
 .text.ble_disconnected_state_handler
                0x10009284       0x6c src/ASF/thirdparty/wireless/ble_smart_sdk/ble_services/ble_mgr/ble_manager.o
                0x10009284                ble_disconnected_state_handler
 .text.ble_conn_param_update
                0x100092f0        0x4 src/ASF/thirdparty/wireless/ble_smart_sdk/ble_services/ble_mgr/ble_manager.o
                0x100092f0                ble_conn_param_update
 .text.ble_encryption_status_change_handler
                0x100092f4       0x6c src/ASF/thirdparty/wireless/ble_smart_sdk/ble_services/ble_mgr/ble_manager.o
                0x100092f4                ble_encryption_status_change_handler
 .text.ble_pair_done_handler
                0x10009360       0xb0 src/ASF/thirdparty/wireless/ble_smart_sdk/ble_services/ble_mgr/ble_manager.o
                0x10009360                ble_pair_done_handler
 .text.ble_conn_param_update_req
                0x10009410       0x18 src/ASF/thirdparty/wireless/ble_smart_sdk/ble_services/ble_mgr/ble_manager.o
                0x10009410                ble_conn_param_update_req
 .text.ble_slave_security_request_handler
                0x10009428      0x168 src/ASF/thirdparty/wireless/ble_smart_sdk/ble_services/ble_mgr/ble_manager.o
                0x10009428                ble_slave_security_request_handler
 .text.ble_pair_request_handler
                0x10009590       0xf8 src/ASF/thirdparty/wireless/ble_smart_sdk/ble_services/ble_mgr/ble_manager.o
                0x10009590                ble_pair_request_handler
 .text.ble_encryption_request_handler
                0x10009688       0x90 src/ASF/thirdparty/wireless/ble_smart_sdk/ble_services/ble_mgr/ble_manager.o
                0x10009688                ble_encryption_request_handler
 .text.ble_scan_info_handler
                0x10009718       0x40 src/ASF/thirdparty/wireless/ble_smart_sdk/ble_services/ble_mgr/ble_manager.o
                0x10009718                ble_scan_info_handler
 .text.ble_pair_key_request_handler
                0x10009758       0x88 src/ASF/thirdparty/wireless/ble_smart_sdk/ble_services/ble_mgr/ble_manager.o
                0x10009758                ble_pair_key_request_handler
 .text.ble_set_device_name
                0x100097e0       0x1c src/ASF/thirdparty/wireless/ble_smart_sdk/ble_services/ble_mgr/ble_manager.o
                0x100097e0                ble_set_device_name
 .text.ble_mgr_events_callback_handler
                0x100097fc       0x64 src/ASF/thirdparty/wireless/ble_smart_sdk/ble_services/ble_mgr/ble_manager.o
                0x100097fc                ble_mgr_events_callback_handler
 .text.ble_device_init
                0x10009860      0x1bc src/ASF/thirdparty/wireless/ble_smart_sdk/ble_services/ble_mgr/ble_manager.o
                0x10009860                ble_device_init
 .text.ble_send_slave_sec_request
                0x10009a1c       0x18 src/ASF/thirdparty/wireless/ble_smart_sdk/ble_services/ble_mgr/ble_manager.o
                0x10009a1c                ble_send_slave_sec_request
 .text.ble_connected_state_handler
                0x10009a34      0x16c src/ASF/thirdparty/wireless/ble_smart_sdk/ble_services/ble_mgr/ble_manager.o
                0x10009a34                ble_connected_state_handler
 .text.ble_resolv_rand_addr_handler
                0x10009ba0       0xc4 src/ASF/thirdparty/wireless/ble_smart_sdk/ble_services/ble_mgr/ble_manager.o
                0x10009ba0                ble_resolv_rand_addr_handler
 .text.ble_event_manager
                0x10009c64      0x104 src/ASF/thirdparty/wireless/ble_smart_sdk/ble_services/ble_mgr/ble_manager.o
                0x10009c64                ble_event_manager
 .text.ble_event_task
                0x10009d68       0x30 src/ASF/thirdparty/wireless/ble_smart_sdk/ble_services/ble_mgr/ble_manager.o
                0x10009d68                ble_event_task
 .text.ble_advertisement_data_set
                0x10009d98       0x60 src/ASF/thirdparty/wireless/ble_smart_sdk/ble_services/ble_mgr/ble_manager.o
                0x10009d98                ble_advertisement_data_set
 .text.register_ble_user_event_cb
                0x10009df8        0xc src/ASF/thirdparty/wireless/ble_smart_sdk/ble_services/ble_mgr/ble_manager.o
                0x10009df8                register_ble_user_event_cb
 .text.uart_read_complete_callback
                0x10009e04        0xc src/ASF/thirdparty/wireless/ble_smart_sdk/services/console_serial.o
 .text.usart_serial_getchar
                0x10009e10       0x18 src/ASF/thirdparty/wireless/ble_smart_sdk/services/console_serial.o
 .text.usart_serial_putchar
                0x10009e28       0x18 src/ASF/thirdparty/wireless/ble_smart_sdk/services/console_serial.o
 .text.serial_console_init
                0x10009e40       0x94 src/ASF/thirdparty/wireless/ble_smart_sdk/services/console_serial.o
                0x10009e40                serial_console_init
 .text._time_start
                0x10009ed4       0x54 src/ASF/thirdparty/wireless/ble_smart_sdk/services/console_serial.o
                0x10009ed4                _time_start
 .text._time_done
                0x10009f28       0x10 src/ASF/thirdparty/wireless/ble_smart_sdk/services/console_serial.o
                0x10009f28                _time_done
 .text.getchar_b11_timeout
                0x10009f38       0x8c src/ASF/thirdparty/wireless/ble_smart_sdk/services/console_serial.o
                0x10009f38                getchar_b11_timeout
 .text.dualtimer_callback2
                0x10009fc4       0x14 src/ASF/thirdparty/wireless/ble_smart_sdk/services/timer_hw.o
                0x10009fc4                dualtimer_callback2
 .text.hw_timer_init
                0x10009fd8       0x2c src/ASF/thirdparty/wireless/ble_smart_sdk/services/timer_hw.o
                0x10009fd8                hw_timer_init
 .text.hw_timer_register_callback
                0x1000a004       0x34 src/ASF/thirdparty/wireless/ble_smart_sdk/services/timer_hw.o
                0x1000a004                hw_timer_register_callback
 .text.platform_event_free
                0x1000a038       0x10 src/ASF/thirdparty/wireless/ble_smart_sdk/src/event_handler.o
                0x1000a038                platform_event_free
 .text.platform_event_post
                0x1000a048       0x3c src/ASF/thirdparty/wireless/ble_smart_sdk/src/event_handler.o
                0x1000a048                platform_event_post
 .text.platform_event_init
                0x1000a084       0x2c src/ASF/thirdparty/wireless/ble_smart_sdk/src/event_handler.o
                0x1000a084                platform_event_init
 .text.samb11_plf_resume_callback
                0x1000a0b0       0x2c src/ASF/thirdparty/wireless/ble_smart_sdk/src/platform_drv.o
                0x1000a0b0                samb11_plf_resume_callback
 .text.at_ke_msg_send
                0x1000a0dc       0x6c src/ASF/thirdparty/wireless/ble_smart_sdk/src/platform_drv.o
 .text.init_port_list
                0x1000a148       0x48 src/ASF/thirdparty/wireless/ble_smart_sdk/src/platform_drv.o
                0x1000a148                init_port_list
 .text.init_clock
                0x1000a190       0x30 src/ASF/thirdparty/wireless/ble_smart_sdk/src/platform_drv.o
                0x1000a190                init_clock
 .text.platform_driver_init
                0x1000a1c0      0x1f4 src/ASF/thirdparty/wireless/ble_smart_sdk/src/platform_drv.o
                0x1000a1c0                platform_driver_init
 .text.platform_register_ble_msg_handler
                0x1000a3b4       0x1c src/ASF/thirdparty/wireless/ble_smart_sdk/src/platform_drv.o
                0x1000a3b4                platform_register_ble_msg_handler
 .text.platform_interface_send
                0x1000a3d0       0x48 src/ASF/thirdparty/wireless/ble_smart_sdk/src/platform_drv.o
                0x1000a3d0                platform_interface_send
 .text.send_plf_int_msg_ind
                0x1000a418       0x58 src/ASF/thirdparty/wireless/ble_smart_sdk/src/platform_drv.o
                0x1000a418                send_plf_int_msg_ind
 .text.platform_event_wait
                0x1000a470      0x200 src/ASF/thirdparty/wireless/ble_smart_sdk/src/platform_drv.o
                0x1000a470                platform_event_wait
 .text.acquire_sleep_lock
                0x1000a670       0x70 src/ASF/thirdparty/wireless/ble_smart_sdk/src/platform_drv.o
                0x1000a670                acquire_sleep_lock
 .text.release_sleep_lock
                0x1000a6e0       0x14 src/ASF/thirdparty/wireless/ble_smart_sdk/src/platform_drv.o
                0x1000a6e0                release_sleep_lock
 .text.register_resume_callback
                0x1000a6f4       0x14 src/ASF/thirdparty/wireless/ble_smart_sdk/src/platform_drv.o
                0x1000a6f4                register_resume_callback
 .text.gpio1_combined_isr_handler
                0x1000a708       0x58 src/ASF/thirdparty/wireless/ble_smart_sdk/src/port_from_sdk.o
                0x1000a708                gpio1_combined_isr_handler
 .text.gpio0_combined_isr_handler
                0x1000a760       0x58 src/ASF/thirdparty/wireless/ble_smart_sdk/src/port_from_sdk.o
                0x1000a760                gpio0_combined_isr_handler
 .text.PORT1_COMB_Handler
                0x1000a7b8       0x40 src/ASF/thirdparty/wireless/ble_smart_sdk/src/port_from_sdk.o
                0x1000a7b8                PORT1_COMB_Handler
 .text.sms_gpio_0_callback
                0x1000a7f8       0x14 src/sms_button.o
                0x1000a7f8                sms_gpio_0_callback
 .text.sms_button_cb
                0x1000a80c       0x28 src/sms_button.o
                0x1000a80c                sms_button_cb
 .text.sms_gpio_init
                0x1000a834       0x60 src/sms_button.o
                0x1000a834                sms_gpio_init
 .text.sms_service_init
                0x1000a894       0x62 src/sms_button.o
                0x1000a894                sms_service_init
 *fill*         0x1000a8f6        0x2 
 .text.sms_button_primary_service_define
                0x1000a8f8       0x20 src/sms_button.o
                0x1000a8f8                sms_button_primary_service_define
 .text.sms_service_advertise
                0x1000a918       0x3c src/sms_button.o
                0x1000a918                sms_service_advertise
 .text.sms_gpio_register_callback
                0x1000a954       0x34 src/sms_button.o
                0x1000a954                sms_gpio_register_callback
 .text.ble_connected_app_event
                0x1000a988       0x18 src/main.o
 .text.ble_notification_confirmed_app_event
                0x1000a9a0        0xa src/main.o
 .text.ble_char_changed_app_event
                0x1000a9aa        0x4 src/main.o
 *fill*         0x1000a9ae        0x2 
 .text.sms_platform_interrupt
                0x1000a9b0       0x18 src/main.o
 .text.ble_disconnected_app_event
                0x1000a9c8       0x18 src/main.o
 .text.ble_paired_app_event
                0x1000a9e0       0x18 src/main.o
 .text.resume_cb
                0x1000a9f8       0x14 src/main.o
 .text.timer_callback_fn
                0x1000aa0c       0x1c src/main.o
 .text.startup.main
                0x1000aa28      0x120 src/main.o
                0x1000aa28                main
 .text.internal_event_post
                0x1000ab48       0x3c ../src/ASF/thirdparty/wireless/ble_smart_sdk/lib/cm0/gcc\libblusdk.a(event.o)
                0x1000ab48                internal_event_post
 .text.internal_event_init
                0x1000ab84       0x30 ../src/ASF/thirdparty/wireless/ble_smart_sdk/lib/cm0/gcc\libblusdk.a(event.o)
                0x1000ab84                internal_event_init
 .text.special_events_handler
                0x1000abb4       0x90 ../src/ASF/thirdparty/wireless/ble_smart_sdk/lib/cm0/gcc\libblusdk.a(event.o)
                0x1000abb4                special_events_handler
 .text.at_ble_event_get
                0x1000ac44      0x628 ../src/ASF/thirdparty/wireless/ble_smart_sdk/lib/cm0/gcc\libblusdk.a(event.o)
                0x1000ac44                at_ble_event_get
 .text.internal_event_flush
                0x1000b26c       0x44 ../src/ASF/thirdparty/wireless/ble_smart_sdk/lib/cm0/gcc\libblusdk.a(event.o)
                0x1000b26c                internal_event_flush
 .text.internal_conn_flush
                0x1000b2b0       0x54 ../src/ASF/thirdparty/wireless/ble_smart_sdk/lib/cm0/gcc\libblusdk.a(event.o)
                0x1000b2b0                internal_conn_flush
 .text.at_ble_device_name_set
                0x1000b304       0x34 ../src/ASF/thirdparty/wireless/ble_smart_sdk/lib/cm0/gcc\libblusdk.a(gap.o)
                0x1000b304                at_ble_device_name_set
 .text.at_ble_addr_get
                0x1000b338       0x24 ../src/ASF/thirdparty/wireless/ble_smart_sdk/lib/cm0/gcc\libblusdk.a(gap.o)
                0x1000b338                at_ble_addr_get
 .text.at_ble_set_dev_config
                0x1000b35c       0x90 ../src/ASF/thirdparty/wireless/ble_smart_sdk/lib/cm0/gcc\libblusdk.a(gap.o)
                0x1000b35c                at_ble_set_dev_config
 .text.at_ble_init
                0x1000b3ec      0x198 ../src/ASF/thirdparty/wireless/ble_smart_sdk/lib/cm0/gcc\libblusdk.a(gap.o)
                0x1000b3ec                at_ble_init
 .text.at_ble_addr_set
                0x1000b584       0x54 ../src/ASF/thirdparty/wireless/ble_smart_sdk/lib/cm0/gcc\libblusdk.a(gap.o)
                0x1000b584                at_ble_addr_set
 .text.at_ble_adv_data_set
                0x1000b5d8       0x84 ../src/ASF/thirdparty/wireless/ble_smart_sdk/lib/cm0/gcc\libblusdk.a(gap.o)
                0x1000b5d8                at_ble_adv_data_set
 .text.at_ble_adv_start
                0x1000b65c      0x13c ../src/ASF/thirdparty/wireless/ble_smart_sdk/lib/cm0/gcc\libblusdk.a(gap.o)
                0x1000b65c                at_ble_adv_start
 .text.at_ble_scan_stop
                0x1000b798       0x20 ../src/ASF/thirdparty/wireless/ble_smart_sdk/lib/cm0/gcc\libblusdk.a(gap.o)
                0x1000b798                at_ble_scan_stop
 .text.at_ble_disconnect
                0x1000b7b8       0x20 ../src/ASF/thirdparty/wireless/ble_smart_sdk/lib/cm0/gcc\libblusdk.a(gap.o)
                0x1000b7b8                at_ble_disconnect
 .text.at_ble_conn_update_reply
                0x1000b7d8        0xc ../src/ASF/thirdparty/wireless/ble_smart_sdk/lib/cm0/gcc\libblusdk.a(gap.o)
                0x1000b7d8                at_ble_conn_update_reply
 .text.at_ble_random_address_resolve
                0x1000b7e4       0x28 ../src/ASF/thirdparty/wireless/ble_smart_sdk/lib/cm0/gcc\libblusdk.a(gap.o)
                0x1000b7e4                at_ble_random_address_resolve
 .text.at_ble_uuid_type2len
                0x1000b80c       0x14 ../src/ASF/thirdparty/wireless/ble_smart_sdk/lib/cm0/gcc\libblusdk.a(gap.o)
                0x1000b80c                at_ble_uuid_type2len
 .text.at_ble_uuid_len2type
                0x1000b820       0x14 ../src/ASF/thirdparty/wireless/ble_smart_sdk/lib/cm0/gcc\libblusdk.a(gap.o)
                0x1000b820                at_ble_uuid_len2type
 .text.init_gatt_client_module
                0x1000b834        0xc ../src/ASF/thirdparty/wireless/ble_smart_sdk/lib/cm0/gcc\libblusdk.a(gatt_client.o)
                0x1000b834                init_gatt_client_module
 .text.db_searchATT
                0x1000b840       0x40 ../src/ASF/thirdparty/wireless/ble_smart_sdk/lib/cm0/gcc\libblusdk.a(gatt_server.o)
 .text.att_permissions
                0x1000b880       0x58 ../src/ASF/thirdparty/wireless/ble_smart_sdk/lib/cm0/gcc\libblusdk.a(gatt_server.o)
 .text.char_permissions
                0x1000b8d8       0x9c ../src/ASF/thirdparty/wireless/ble_smart_sdk/lib/cm0/gcc\libblusdk.a(gatt_server.o)
 .text.presentation_format_define
                0x1000b974       0x2c ../src/ASF/thirdparty/wireless/ble_smart_sdk/lib/cm0/gcc\libblusdk.a(gatt_server.o)
 .text.db_addATT
                0x1000b9a0       0xb8 ../src/ASF/thirdparty/wireless/ble_smart_sdk/lib/cm0/gcc\libblusdk.a(gatt_server.o)
 .text.user_description_define
                0x1000ba58       0x50 ../src/ASF/thirdparty/wireless/ble_smart_sdk/lib/cm0/gcc\libblusdk.a(gatt_server.o)
 .text.at_ble_read_authorize_reply.part.2
                0x1000baa8       0x30 ../src/ASF/thirdparty/wireless/ble_smart_sdk/lib/cm0/gcc\libblusdk.a(gatt_server.o)
 .text.internal_at_ble_service_define.part.1
                0x1000bad8      0x398 ../src/ASF/thirdparty/wireless/ble_smart_sdk/lib/cm0/gcc\libblusdk.a(gatt_server.o)
 .text.initi_gatt_server_module
                0x1000be70       0x34 ../src/ASF/thirdparty/wireless/ble_smart_sdk/lib/cm0/gcc\libblusdk.a(gatt_server.o)
                0x1000be70                initi_gatt_server_module
 .text.db_init  0x1000bea4       0x44 ../src/ASF/thirdparty/wireless/ble_smart_sdk/lib/cm0/gcc\libblusdk.a(gatt_server.o)
                0x1000bea4                db_init
 .text.at_ble_primary_service_define
                0x1000bee8       0x34 ../src/ASF/thirdparty/wireless/ble_smart_sdk/lib/cm0/gcc\libblusdk.a(gatt_server.o)
                0x1000bee8                at_ble_primary_service_define
 .text.at_ble_characteristic_value_set
                0x1000bf1c       0x3c ../src/ASF/thirdparty/wireless/ble_smart_sdk/lib/cm0/gcc\libblusdk.a(gatt_server.o)
                0x1000bf1c                at_ble_characteristic_value_set
 .text.at_ble_characteristic_value_get
                0x1000bf58       0x40 ../src/ASF/thirdparty/wireless/ble_smart_sdk/lib/cm0/gcc\libblusdk.a(gatt_server.o)
                0x1000bf58                at_ble_characteristic_value_get
 .text.at_ble_write_authorize_reply
                0x1000bf98       0x88 ../src/ASF/thirdparty/wireless/ble_smart_sdk/lib/cm0/gcc\libblusdk.a(gatt_server.o)
                0x1000bf98                at_ble_write_authorize_reply
 .text.gatts_handle_read_req
                0x1000c020       0x30 ../src/ASF/thirdparty/wireless/ble_smart_sdk/lib/cm0/gcc\libblusdk.a(gatt_server.o)
                0x1000c020                gatts_handle_read_req
 .text.gatts_handle_att_info_req
                0x1000c050       0x3c ../src/ASF/thirdparty/wireless/ble_smart_sdk/lib/cm0/gcc\libblusdk.a(gatt_server.o)
                0x1000c050                gatts_handle_att_info_req
 .text.gatts_handle_write_req
                0x1000c08c       0x30 ../src/ASF/thirdparty/wireless/ble_smart_sdk/lib/cm0/gcc\libblusdk.a(gatt_server.o)
                0x1000c08c                gatts_handle_write_req
 .text.at_ble_notification_send
                0x1000c0bc       0x74 ../src/ASF/thirdparty/wireless/ble_smart_sdk/lib/cm0/gcc\libblusdk.a(gatt_server.o)
                0x1000c0bc                at_ble_notification_send
 .text.init_l2cc_task_module
                0x1000c130        0xc ../src/ASF/thirdparty/wireless/ble_smart_sdk/lib/cm0/gcc\libblusdk.a(l2cc_task.o)
                0x1000c130                init_l2cc_task_module
 .text.l2cc_data_send_rsp_handler
                0x1000c13c       0x2c ../src/ASF/thirdparty/wireless/ble_smart_sdk/lib/cm0/gcc\libblusdk.a(l2cc_task.o)
                0x1000c13c                l2cc_data_send_rsp_handler
 .text.l2cc_data_received_handler
                0x1000c168       0x30 ../src/ASF/thirdparty/wireless/ble_smart_sdk/lib/cm0/gcc\libblusdk.a(l2cc_task.o)
                0x1000c168                l2cc_data_received_handler
 .text.at_ble_authenticate
                0x1000c198      0x130 ../src/ASF/thirdparty/wireless/ble_smart_sdk/lib/cm0/gcc\libblusdk.a(security.o)
                0x1000c198                at_ble_authenticate
 .text.at_ble_pair_key_reply
                0x1000c2c8       0x7c ../src/ASF/thirdparty/wireless/ble_smart_sdk/lib/cm0/gcc\libblusdk.a(security.o)
                0x1000c2c8                at_ble_pair_key_reply
 .text.at_ble_send_slave_sec_request
                0x1000c344       0x40 ../src/ASF/thirdparty/wireless/ble_smart_sdk/lib/cm0/gcc\libblusdk.a(security.o)
                0x1000c344                at_ble_send_slave_sec_request
 .text.at_ble_encryption_start
                0x1000c384       0x78 ../src/ASF/thirdparty/wireless/ble_smart_sdk/lib/cm0/gcc\libblusdk.a(security.o)
                0x1000c384                at_ble_encryption_start
 .text.at_ble_encryption_request_reply
                0x1000c3fc       0x34 ../src/ASF/thirdparty/wireless/ble_smart_sdk/lib/cm0/gcc\libblusdk.a(security.o)
                0x1000c3fc                at_ble_encryption_request_reply
 .text.rx_callback
                0x1000c430       0x88 ../src/ASF/thirdparty/wireless/ble_smart_sdk/lib/cm0/gcc\libblusdk.a(interface.o)
                0x1000c430                rx_callback
 .text.interface_send
                0x1000c4b8       0x10 ../src/ASF/thirdparty/wireless/ble_smart_sdk/lib/cm0/gcc\libblusdk.a(interface.o)
                0x1000c4b8                interface_send
 .text.interface_init
                0x1000c4c8       0x40 ../src/ASF/thirdparty/wireless/ble_smart_sdk/lib/cm0/gcc\libblusdk.a(interface.o)
                0x1000c4c8                interface_init
 .text.platform_cmd_cmpl_signal
                0x1000c508        0xc ../src/ASF/thirdparty/wireless/ble_smart_sdk/lib/cm0/gcc\libblusdk.a(interface.o)
                0x1000c508                platform_cmd_cmpl_signal
 .text.platform_cmd_cmpl_wait
                0x1000c514       0x2c ../src/ASF/thirdparty/wireless/ble_smart_sdk/lib/cm0/gcc\libblusdk.a(interface.o)
                0x1000c514                platform_cmd_cmpl_wait
 .text.start_timer
                0x1000c540        0x2 ../src/ASF/thirdparty/wireless/ble_smart_sdk/lib/cm0/gcc\libblusdk.a(interface.o)
                0x1000c540                start_timer
 .text.stop_timer
                0x1000c542        0x2 ../src/ASF/thirdparty/wireless/ble_smart_sdk/lib/cm0/gcc\libblusdk.a(interface.o)
                0x1000c542                stop_timer
 .text.dbg_le_set_bd_addr_req_handler
                0x1000c544       0x7c ../src/ASF/thirdparty/wireless/ble_smart_sdk/lib/cm0/gcc\libblusdk.a(dbg_task.o)
                0x1000c544                dbg_le_set_bd_addr_req_handler
 .text.gapc_get_dev_info_cfm.constprop.1
                0x1000c5c0       0xc0 ../src/ASF/thirdparty/wireless/ble_smart_sdk/lib/cm0/gcc\libblusdk.a(gapc_task.o)
 .text.check_ConnData_idx_role
                0x1000c680       0x3c ../src/ASF/thirdparty/wireless/ble_smart_sdk/lib/cm0/gcc\libblusdk.a(gapc_task.o)
                0x1000c680                check_ConnData_idx_role
 .text.check_ConnData_emptyEntry
                0x1000c6bc       0x28 ../src/ASF/thirdparty/wireless/ble_smart_sdk/lib/cm0/gcc\libblusdk.a(gapc_task.o)
                0x1000c6bc                check_ConnData_emptyEntry
 .text.gapc_cmp_evt
                0x1000c6e4       0xd0 ../src/ASF/thirdparty/wireless/ble_smart_sdk/lib/cm0/gcc\libblusdk.a(gapc_task.o)
                0x1000c6e4                gapc_cmp_evt
 .text.gapc_connection_cfm_handler
                0x1000c7b4       0xc4 ../src/ASF/thirdparty/wireless/ble_smart_sdk/lib/cm0/gcc\libblusdk.a(gapc_task.o)
                0x1000c7b4                gapc_connection_cfm_handler
 .text.gapc_con_req_ind
                0x1000c878       0xe0 ../src/ASF/thirdparty/wireless/ble_smart_sdk/lib/cm0/gcc\libblusdk.a(gapc_task.o)
                0x1000c878                gapc_con_req_ind
 .text.gapc_disconnect_cmd_handler
                0x1000c958       0x44 ../src/ASF/thirdparty/wireless/ble_smart_sdk/lib/cm0/gcc\libblusdk.a(gapc_task.o)
                0x1000c958                gapc_disconnect_cmd_handler
 .text.gapc_disconnect_ind
                0x1000c99c       0x34 ../src/ASF/thirdparty/wireless/ble_smart_sdk/lib/cm0/gcc\libblusdk.a(gapc_task.o)
                0x1000c99c                gapc_disconnect_ind
 .text.gapc_bond_cmd_handler
                0x1000c9d0       0x68 ../src/ASF/thirdparty/wireless/ble_smart_sdk/lib/cm0/gcc\libblusdk.a(gapc_task.o)
                0x1000c9d0                gapc_bond_cmd_handler
 .text.gapc_bond_ind
                0x1000ca38       0xd8 ../src/ASF/thirdparty/wireless/ble_smart_sdk/lib/cm0/gcc\libblusdk.a(gapc_task.o)
                0x1000ca38                gapc_bond_ind
 .text.gapc_bond_req_ind
                0x1000cb10       0xe0 ../src/ASF/thirdparty/wireless/ble_smart_sdk/lib/cm0/gcc\libblusdk.a(gapc_task.o)
                0x1000cb10                gapc_bond_req_ind
 .text.gapc_bond_cfm_handler_pair_resp
                0x1000cbf0       0x7c ../src/ASF/thirdparty/wireless/ble_smart_sdk/lib/cm0/gcc\libblusdk.a(gapc_task.o)
                0x1000cbf0                gapc_bond_cfm_handler_pair_resp
 .text.gapc_bond_cfm_handler_key_exch
                0x1000cc6c       0x50 ../src/ASF/thirdparty/wireless/ble_smart_sdk/lib/cm0/gcc\libblusdk.a(gapc_task.o)
                0x1000cc6c                gapc_bond_cfm_handler_key_exch
 .text.gapc_security_cmd_handler
                0x1000ccbc       0x40 ../src/ASF/thirdparty/wireless/ble_smart_sdk/lib/cm0/gcc\libblusdk.a(gapc_task.o)
                0x1000ccbc                gapc_security_cmd_handler
 .text.gapc_encrypt_cmd_handler
                0x1000ccfc       0x9c ../src/ASF/thirdparty/wireless/ble_smart_sdk/lib/cm0/gcc\libblusdk.a(gapc_task.o)
                0x1000ccfc                gapc_encrypt_cmd_handler
 .text.gapc_encrypt_req_ind
                0x1000cd98       0x20 ../src/ASF/thirdparty/wireless/ble_smart_sdk/lib/cm0/gcc\libblusdk.a(gapc_task.o)
                0x1000cd98                gapc_encrypt_req_ind
 .text.gapc_encrypt_cfm_handler
                0x1000cdb8       0x80 ../src/ASF/thirdparty/wireless/ble_smart_sdk/lib/cm0/gcc\libblusdk.a(gapc_task.o)
                0x1000cdb8                gapc_encrypt_cfm_handler
 .text.gapc_encrypt_ind
                0x1000ce38        0xe ../src/ASF/thirdparty/wireless/ble_smart_sdk/lib/cm0/gcc\libblusdk.a(gapc_task.o)
                0x1000ce38                gapc_encrypt_ind
 *fill*         0x1000ce46        0x2 
 .text.gapc_param_update_cfm_handler
                0x1000ce48       0x4c ../src/ASF/thirdparty/wireless/ble_smart_sdk/lib/cm0/gcc\libblusdk.a(gapc_task.o)
                0x1000ce48                gapc_param_update_cfm_handler
 .text.gapc_param_updated_ind
                0x1000ce94       0x2a ../src/ASF/thirdparty/wireless/ble_smart_sdk/lib/cm0/gcc\libblusdk.a(gapc_task.o)
                0x1000ce94                gapc_param_updated_ind
 .text.gapc_param_updated_req_ind
                0x1000cebe       0x30 ../src/ASF/thirdparty/wireless/ble_smart_sdk/lib/cm0/gcc\libblusdk.a(gapc_task.o)
                0x1000cebe                gapc_param_updated_req_ind
 *fill*         0x1000ceee        0x2 
 .text.gapc_dev_info_req_ind_handler
                0x1000cef0       0x28 ../src/ASF/thirdparty/wireless/ble_smart_sdk/lib/cm0/gcc\libblusdk.a(gapc_task.o)
                0x1000cef0                gapc_dev_info_req_ind_handler
 .text.gapc_sec_req_ind
                0x1000cf18       0x16 ../src/ASF/thirdparty/wireless/ble_smart_sdk/lib/cm0/gcc\libblusdk.a(gapc_task.o)
                0x1000cf18                gapc_sec_req_ind
 .text.gapc_sign_counter_ind_handler
                0x1000cf2e       0x34 ../src/ASF/thirdparty/wireless/ble_smart_sdk/lib/cm0/gcc\libblusdk.a(gapc_task.o)
                0x1000cf2e                gapc_sign_counter_ind_handler
 *fill*         0x1000cf62        0x2 
 .text.gapc_peer_att_info_ind_handler
                0x1000cf64       0x7c ../src/ASF/thirdparty/wireless/ble_smart_sdk/lib/cm0/gcc\libblusdk.a(gapc_task.o)
                0x1000cf64                gapc_peer_att_info_ind_handler
 .text.gapc_con_channel_map_ind_handler
                0x1000cfe0       0x18 ../src/ASF/thirdparty/wireless/ble_smart_sdk/lib/cm0/gcc\libblusdk.a(gapc_task.o)
                0x1000cfe0                gapc_con_channel_map_ind_handler
 .text.gapc_lecb_connected
                0x1000cff8       0x2e ../src/ASF/thirdparty/wireless/ble_smart_sdk/lib/cm0/gcc\libblusdk.a(gapc_task.o)
                0x1000cff8                gapc_lecb_connected
 .text.gapc_lecb_disconnected
                0x1000d026       0x16 ../src/ASF/thirdparty/wireless/ble_smart_sdk/lib/cm0/gcc\libblusdk.a(gapc_task.o)
                0x1000d026                gapc_lecb_disconnected
 .text.gapc_lecb_connect_req_ind
                0x1000d03c       0x2a ../src/ASF/thirdparty/wireless/ble_smart_sdk/lib/cm0/gcc\libblusdk.a(gapc_task.o)
                0x1000d03c                gapc_lecb_connect_req_ind
 .text.gapc_lecb_add_credit_resp_handler
                0x1000d066       0x20 ../src/ASF/thirdparty/wireless/ble_smart_sdk/lib/cm0/gcc\libblusdk.a(gapc_task.o)
                0x1000d066                gapc_lecb_add_credit_resp_handler
 *fill*         0x1000d086        0x2 
 .text.gapm_reset_req_handler
                0x1000d088       0x70 ../src/ASF/thirdparty/wireless/ble_smart_sdk/lib/cm0/gcc\libblusdk.a(gapm_task.o)
                0x1000d088                gapm_reset_req_handler
 .text.gapm_set_dev_config_cmd_handler
                0x1000d0f8      0x108 ../src/ASF/thirdparty/wireless/ble_smart_sdk/lib/cm0/gcc\libblusdk.a(gapm_task.o)
                0x1000d0f8                gapm_set_dev_config_cmd_handler
 .text.gapm_get_dev_config_cmd_handler
                0x1000d200       0xe0 ../src/ASF/thirdparty/wireless/ble_smart_sdk/lib/cm0/gcc\libblusdk.a(gapm_task.o)
                0x1000d200                gapm_get_dev_config_cmd_handler
 .text.gapm_cancel_cmd_handler
                0x1000d2e0       0x70 ../src/ASF/thirdparty/wireless/ble_smart_sdk/lib/cm0/gcc\libblusdk.a(gapm_task.o)
                0x1000d2e0                gapm_cancel_cmd_handler
 .text.gapm_dev_bdaddr_ind_handler
                0x1000d350       0x1c ../src/ASF/thirdparty/wireless/ble_smart_sdk/lib/cm0/gcc\libblusdk.a(gapm_task.o)
                0x1000d350                gapm_dev_bdaddr_ind_handler
 .text.gapm_cmp_evt
                0x1000d36c      0x148 ../src/ASF/thirdparty/wireless/ble_smart_sdk/lib/cm0/gcc\libblusdk.a(gapm_task.o)
                0x1000d36c                gapm_cmp_evt
 .text.gapm_start_adv_cmd_handler
                0x1000d4b4      0x120 ../src/ASF/thirdparty/wireless/ble_smart_sdk/lib/cm0/gcc\libblusdk.a(gapm_task.o)
                0x1000d4b4                gapm_start_adv_cmd_handler
 .text.get_gap_local_addr_type
                0x1000d5d4       0x18 ../src/ASF/thirdparty/wireless/ble_smart_sdk/lib/cm0/gcc\libblusdk.a(gapm_task.o)
                0x1000d5d4                get_gap_local_addr_type
 .text.gapm_adv_report_evt_handler
                0x1000d5ec       0x88 ../src/ASF/thirdparty/wireless/ble_smart_sdk/lib/cm0/gcc\libblusdk.a(gapm_task.o)
                0x1000d5ec                gapm_adv_report_evt_handler
 .text.gapm_resolv_addr_cmd_handler
                0x1000d674       0x68 ../src/ASF/thirdparty/wireless/ble_smart_sdk/lib/cm0/gcc\libblusdk.a(gapm_task.o)
                0x1000d674                gapm_resolv_addr_cmd_handler
 .text.gapm_addr_solved_ind_handler
                0x1000d6dc       0x24 ../src/ASF/thirdparty/wireless/ble_smart_sdk/lib/cm0/gcc\libblusdk.a(gapm_task.o)
                0x1000d6dc                gapm_addr_solved_ind_handler
 .text.gapm_profile_added_ind_handler
                0x1000d700       0x20 ../src/ASF/thirdparty/wireless/ble_smart_sdk/lib/cm0/gcc\libblusdk.a(gapm_task.o)
                0x1000d700                gapm_profile_added_ind_handler
 .text.gattc_read_req_ind_parser
                0x1000d720        0xc ../src/ASF/thirdparty/wireless/ble_smart_sdk/lib/cm0/gcc\libblusdk.a(gattc_task.o)
                0x1000d720                gattc_read_req_ind_parser
 .text.gattc_write_req_ind_parser
                0x1000d72c       0x38 ../src/ASF/thirdparty/wireless/ble_smart_sdk/lib/cm0/gcc\libblusdk.a(gattc_task.o)
                0x1000d72c                gattc_write_req_ind_parser
 .text.gattc_att_info_req_parser
                0x1000d764        0xc ../src/ASF/thirdparty/wireless/ble_smart_sdk/lib/cm0/gcc\libblusdk.a(gattc_task.o)
                0x1000d764                gattc_att_info_req_parser
 .text.gattc_read_cfm
                0x1000d770       0x6c ../src/ASF/thirdparty/wireless/ble_smart_sdk/lib/cm0/gcc\libblusdk.a(gattc_task.o)
                0x1000d770                gattc_read_cfm
 .text.gattc_write_cfm
                0x1000d7dc       0x44 ../src/ASF/thirdparty/wireless/ble_smart_sdk/lib/cm0/gcc\libblusdk.a(gattc_task.o)
                0x1000d7dc                gattc_write_cfm
 .text.gattc_att_info_cfm
                0x1000d820       0x48 ../src/ASF/thirdparty/wireless/ble_smart_sdk/lib/cm0/gcc\libblusdk.a(gattc_task.o)
                0x1000d820                gattc_att_info_cfm
 .text.gattc_send_evt_cmd_handler
                0x1000d868       0x78 ../src/ASF/thirdparty/wireless/ble_smart_sdk/lib/cm0/gcc\libblusdk.a(gattc_task.o)
                0x1000d868                gattc_send_evt_cmd_handler
 .text.gattc_event_cfm_handler
                0x1000d8e0       0x40 ../src/ASF/thirdparty/wireless/ble_smart_sdk/lib/cm0/gcc\libblusdk.a(gattc_task.o)
                0x1000d8e0                gattc_event_cfm_handler
 .text.gattc_disc_svc_ind_parser
                0x1000d920       0x3c ../src/ASF/thirdparty/wireless/ble_smart_sdk/lib/cm0/gcc\libblusdk.a(gattc_task.o)
                0x1000d920                gattc_disc_svc_ind_parser
 .text.gattc_disc_svc_incl_ind_parser
                0x1000d95c       0x48 ../src/ASF/thirdparty/wireless/ble_smart_sdk/lib/cm0/gcc\libblusdk.a(gattc_task.o)
                0x1000d95c                gattc_disc_svc_incl_ind_parser
 .text.gattc_disc_char_ind_parser
                0x1000d9a4       0x44 ../src/ASF/thirdparty/wireless/ble_smart_sdk/lib/cm0/gcc\libblusdk.a(gattc_task.o)
                0x1000d9a4                gattc_disc_char_ind_parser
 .text.gattc_disc_char_desc_ind_parser
                0x1000d9e8       0x34 ../src/ASF/thirdparty/wireless/ble_smart_sdk/lib/cm0/gcc\libblusdk.a(gattc_task.o)
                0x1000d9e8                gattc_disc_char_desc_ind_parser
 .text.gattc_event_ind_and_notification_parser
                0x1000da1c       0x54 ../src/ASF/thirdparty/wireless/ble_smart_sdk/lib/cm0/gcc\libblusdk.a(gattc_task.o)
                0x1000da1c                gattc_event_ind_and_notification_parser
 .text.gattc_complete_evt_handler
                0x1000da70       0x78 ../src/ASF/thirdparty/wireless/ble_smart_sdk/lib/cm0/gcc\libblusdk.a(gattc_task.o)
                0x1000da70                gattc_complete_evt_handler
 .text.gattc_event_mtu_changed_ind_parser
                0x1000dae8       0x10 ../src/ASF/thirdparty/wireless/ble_smart_sdk/lib/cm0/gcc\libblusdk.a(gattc_task.o)
                0x1000dae8                gattc_event_mtu_changed_ind_parser
 .text.gattc_read_ind_parser
                0x1000daf8       0x40 ../src/ASF/thirdparty/wireless/ble_smart_sdk/lib/cm0/gcc\libblusdk.a(gattc_task.o)
                0x1000daf8                gattc_read_ind_parser
 .text.gattc_svc_changed_cfg_ind_parser
                0x1000db38       0x10 ../src/ASF/thirdparty/wireless/ble_smart_sdk/lib/cm0/gcc\libblusdk.a(gattc_task.o)
                0x1000db38                gattc_svc_changed_cfg_ind_parser
 .text.init_gattc_task_module
                0x1000db48       0x14 ../src/ASF/thirdparty/wireless/ble_smart_sdk/lib/cm0/gcc\libblusdk.a(gattc_task.o)
                0x1000db48                init_gattc_task_module
 .text.gattm_add_svc_req_handler
                0x1000db5c      0x10c ../src/ASF/thirdparty/wireless/ble_smart_sdk/lib/cm0/gcc\libblusdk.a(gattm_task.o)
                0x1000db5c                gattm_add_svc_req_handler
 .text.gattm_add_attribute_req_handler
                0x1000dc68       0x70 ../src/ASF/thirdparty/wireless/ble_smart_sdk/lib/cm0/gcc\libblusdk.a(gattm_task.o)
                0x1000dc68                gattm_add_attribute_req_handler
 .text.gattm_att_set_value_req_handler
                0x1000dcd8       0x8c ../src/ASF/thirdparty/wireless/ble_smart_sdk/lib/cm0/gcc\libblusdk.a(gattm_task.o)
                0x1000dcd8                gattm_att_set_value_req_handler
 .text.gattm_att_get_value_req_handler
                0x1000dd64       0x9c ../src/ASF/thirdparty/wireless/ble_smart_sdk/lib/cm0/gcc\libblusdk.a(gattm_task.o)
                0x1000dd64                gattm_att_get_value_req_handler
 .text.htpt_enable_rsp_handler
                0x1000de00        0xa ../src/ASF/thirdparty/wireless/ble_smart_sdk/lib/cm0/gcc\libblusdk.a(htpt_task.o)
                0x1000de00                htpt_enable_rsp_handler
 .text.htpt_temp_send_rsp_handler
                0x1000de0a        0x6 ../src/ASF/thirdparty/wireless/ble_smart_sdk/lib/cm0/gcc\libblusdk.a(htpt_task.o)
                0x1000de0a                htpt_temp_send_rsp_handler
 .text.htpt_meas_intv_upd_rsp_handler
                0x1000de10        0x6 ../src/ASF/thirdparty/wireless/ble_smart_sdk/lib/cm0/gcc\libblusdk.a(htpt_task.o)
                0x1000de10                htpt_meas_intv_upd_rsp_handler
 .text.htpt_meas_intv_chg_req_ind_handler
                0x1000de16        0xc ../src/ASF/thirdparty/wireless/ble_smart_sdk/lib/cm0/gcc\libblusdk.a(htpt_task.o)
                0x1000de16                htpt_meas_intv_chg_req_ind_handler
 .text.htpt_cfg_indntf_ind_handler
                0x1000de22        0xa ../src/ASF/thirdparty/wireless/ble_smart_sdk/lib/cm0/gcc\libblusdk.a(htpt_task.o)
                0x1000de22                htpt_cfg_indntf_ind_handler
 .text          0x1000de2c       0x14 c:/program files (x86)/atmel/studio/7.0/toolchain/arm/arm-gnu-toolchain/bin/../lib/gcc/arm-none-eabi/4.9.3/armv6-m\libgcc.a(_thumb1_case_sqi.o)
                0x1000de2c                __gnu_thumb1_case_sqi
 .text          0x1000de40       0x14 c:/program files (x86)/atmel/studio/7.0/toolchain/arm/arm-gnu-toolchain/bin/../lib/gcc/arm-none-eabi/4.9.3/armv6-m\libgcc.a(_thumb1_case_uqi.o)
                0x1000de40                __gnu_thumb1_case_uqi
 .text          0x1000de54       0x14 c:/program files (x86)/atmel/studio/7.0/toolchain/arm/arm-gnu-toolchain/bin/../lib/gcc/arm-none-eabi/4.9.3/armv6-m\libgcc.a(_thumb1_case_uhi.o)
                0x1000de54                __gnu_thumb1_case_uhi
 .text          0x1000de68      0x120 c:/program files (x86)/atmel/studio/7.0/toolchain/arm/arm-gnu-toolchain/bin/../lib/gcc/arm-none-eabi/4.9.3/armv6-m\libgcc.a(_udivsi3.o)
                0x1000de68                __aeabi_uidiv
                0x1000de68                __udivsi3
                0x1000df74                __aeabi_uidivmod
 .text          0x1000df88        0x4 c:/program files (x86)/atmel/studio/7.0/toolchain/arm/arm-gnu-toolchain/bin/../lib/gcc/arm-none-eabi/4.9.3/armv6-m\libgcc.a(_dvmd_tls.o)
                0x1000df88                __aeabi_idiv0
                0x1000df88                __aeabi_ldiv0
 .text          0x1000df8c       0x3c c:/program files (x86)/atmel/studio/7.0/toolchain/arm/arm-gnu-toolchain/bin/../lib/gcc/arm-none-eabi/4.9.3/armv6-m\libgcc.a(_fixunsdfsi.o)
                0x1000df8c                __aeabi_d2uiz
                0x1000df8c                __fixunsdfsi
 .text          0x1000dfc8      0x534 c:/program files (x86)/atmel/studio/7.0/toolchain/arm/arm-gnu-toolchain/bin/../lib/gcc/arm-none-eabi/4.9.3/armv6-m\libgcc.a(muldf3.o)
                0x1000dfc8                __aeabi_dmul
 .text          0x1000e4fc      0x6f4 c:/program files (x86)/atmel/studio/7.0/toolchain/arm/arm-gnu-toolchain/bin/../lib/gcc/arm-none-eabi/4.9.3/armv6-m\libgcc.a(subdf3.o)
                0x1000e4fc                __aeabi_dsub
 .text          0x1000ebf0       0x6c c:/program files (x86)/atmel/studio/7.0/toolchain/arm/arm-gnu-toolchain/bin/../lib/gcc/arm-none-eabi/4.9.3/armv6-m\libgcc.a(fixdfsi.o)
                0x1000ebf0                __aeabi_d2iz
 .text          0x1000ec5c       0x64 c:/program files (x86)/atmel/studio/7.0/toolchain/arm/arm-gnu-toolchain/bin/../lib/gcc/arm-none-eabi/4.9.3/armv6-m\libgcc.a(floatunsidf.o)
                0x1000ec5c                __aeabi_ui2d
 .text          0x1000ecc0       0x7c c:/program files (x86)/atmel/studio/7.0/toolchain/arm/arm-gnu-toolchain/bin/../lib/gcc/arm-none-eabi/4.9.3/armv6-m\libgcc.a(_arm_cmpdf2.o)
                0x1000ecc0                __aeabi_cdrcmple
                0x1000ecd0                __aeabi_cdcmple
                0x1000ecd0                __aeabi_cdcmpeq
                0x1000ece0                __aeabi_dcmpeq
                0x1000ecec                __aeabi_dcmplt
                0x1000ed00                __aeabi_dcmple
                0x1000ed14                __aeabi_dcmpgt
                0x1000ed28                __aeabi_dcmpge
 .text          0x1000ed3c       0x3c c:/program files (x86)/atmel/studio/7.0/toolchain/arm/arm-gnu-toolchain/bin/../lib/gcc/arm-none-eabi/4.9.3/armv6-m\libgcc.a(_clzsi2.o)
                0x1000ed3c                __clzsi2
 .text          0x1000ed78       0x88 c:/program files (x86)/atmel/studio/7.0/toolchain/arm/arm-gnu-toolchain/bin/../lib/gcc/arm-none-eabi/4.9.3/armv6-m\libgcc.a(eqdf2.o)
                0x1000ed78                __nedf2
                0x1000ed78                __eqdf2
 .text          0x1000ee00       0xe0 c:/program files (x86)/atmel/studio/7.0/toolchain/arm/arm-gnu-toolchain/bin/../lib/gcc/arm-none-eabi/4.9.3/armv6-m\libgcc.a(gedf2.o)
                0x1000ee00                __gedf2
                0x1000ee00                __gtdf2
 .text          0x1000eee0       0xcc c:/program files (x86)/atmel/studio/7.0/toolchain/arm/arm-gnu-toolchain/bin/../lib/gcc/arm-none-eabi/4.9.3/armv6-m\libgcc.a(ledf2.o)
                0x1000eee0                __ledf2
                0x1000eee0                __ltdf2
 .text.__libc_init_array
                0x1000efac       0x4c c:/program files (x86)/atmel/studio/7.0/toolchain/arm/arm-gnu-toolchain/bin/../lib/gcc/arm-none-eabi/4.9.3/../../../../arm-none-eabi/lib/armv6-m\libc_nano.a(lib_a-init.o)
                0x1000efac                __libc_init_array
 .text.memcmp   0x1000eff8       0x1e c:/program files (x86)/atmel/studio/7.0/toolchain/arm/arm-gnu-toolchain/bin/../lib/gcc/arm-none-eabi/4.9.3/../../../../arm-none-eabi/lib/armv6-m\libc_nano.a(lib_a-memcmp.o)
                0x1000eff8                memcmp
 .text.memcpy   0x1000f016       0x12 c:/program files (x86)/atmel/studio/7.0/toolchain/arm/arm-gnu-toolchain/bin/../lib/gcc/arm-none-eabi/4.9.3/../../../../arm-none-eabi/lib/armv6-m\libc_nano.a(lib_a-memcpy.o)
                0x1000f016                memcpy
 .text.memset   0x1000f028       0x10 c:/program files (x86)/atmel/studio/7.0/toolchain/arm/arm-gnu-toolchain/bin/../lib/gcc/arm-none-eabi/4.9.3/../../../../arm-none-eabi/lib/armv6-m\libc_nano.a(lib_a-memset.o)
                0x1000f028                memset
 .text._puts_r  0x1000f038       0xc2 c:/program files (x86)/atmel/studio/7.0/toolchain/arm/arm-gnu-toolchain/bin/../lib/gcc/arm-none-eabi/4.9.3/../../../../arm-none-eabi/lib/armv6-m\libc_nano.a(lib_a-puts.o)
                0x1000f038                _puts_r
 *fill*         0x1000f0fa        0x2 
 .text.puts     0x1000f0fc       0x14 c:/program files (x86)/atmel/studio/7.0/toolchain/arm/arm-gnu-toolchain/bin/../lib/gcc/arm-none-eabi/4.9.3/../../../../arm-none-eabi/lib/armv6-m\libc_nano.a(lib_a-puts.o)
                0x1000f0fc                puts
 .text.rand     0x1000f110       0x78 c:/program files (x86)/atmel/studio/7.0/toolchain/arm/arm-gnu-toolchain/bin/../lib/gcc/arm-none-eabi/4.9.3/../../../../arm-none-eabi/lib/armv6-m\libc_nano.a(lib_a-rand.o)
                0x1000f110                rand
 .text.setbuf   0x1000f188       0x12 c:/program files (x86)/atmel/studio/7.0/toolchain/arm/arm-gnu-toolchain/bin/../lib/gcc/arm-none-eabi/4.9.3/../../../../arm-none-eabi/lib/armv6-m\libc_nano.a(lib_a-setbuf.o)
                0x1000f188                setbuf
 *fill*         0x1000f19a        0x2 
 .text.setvbuf  0x1000f19c      0x10c c:/program files (x86)/atmel/studio/7.0/toolchain/arm/arm-gnu-toolchain/bin/../lib/gcc/arm-none-eabi/4.9.3/../../../../arm-none-eabi/lib/armv6-m\libc_nano.a(lib_a-setvbuf.o)
                0x1000f19c                setvbuf
 .text.__swbuf_r
                0x1000f2a8       0xb0 c:/program files (x86)/atmel/studio/7.0/toolchain/arm/arm-gnu-toolchain/bin/../lib/gcc/arm-none-eabi/4.9.3/../../../../arm-none-eabi/lib/armv6-m\libc_nano.a(lib_a-wbuf.o)
                0x1000f2a8                __swbuf_r
 .text.__swsetup_r
                0x1000f358       0xe8 c:/program files (x86)/atmel/studio/7.0/toolchain/arm/arm-gnu-toolchain/bin/../lib/gcc/arm-none-eabi/4.9.3/../../../../arm-none-eabi/lib/armv6-m\libc_nano.a(lib_a-wsetup.o)
                0x1000f358                __swsetup_r
 .text.__sflush_r
                0x1000f440      0x112 c:/program files (x86)/atmel/studio/7.0/toolchain/arm/arm-gnu-toolchain/bin/../lib/gcc/arm-none-eabi/4.9.3/../../../../arm-none-eabi/lib/armv6-m\libc_nano.a(lib_a-fflush.o)
                0x1000f440                __sflush_r
 *fill*         0x1000f552        0x2 
 .text._fflush_r
                0x1000f554       0x58 c:/program files (x86)/atmel/studio/7.0/toolchain/arm/arm-gnu-toolchain/bin/../lib/gcc/arm-none-eabi/4.9.3/../../../../arm-none-eabi/lib/armv6-m\libc_nano.a(lib_a-fflush.o)
                0x1000f554                _fflush_r
 .text._cleanup_r
                0x1000f5ac       0x10 c:/program files (x86)/atmel/studio/7.0/toolchain/arm/arm-gnu-toolchain/bin/../lib/gcc/arm-none-eabi/4.9.3/../../../../arm-none-eabi/lib/armv6-m\libc_nano.a(lib_a-findfp.o)
                0x1000f5ac                _cleanup_r
 .text.std.isra.0
                0x1000f5bc       0x48 c:/program files (x86)/atmel/studio/7.0/toolchain/arm/arm-gnu-toolchain/bin/../lib/gcc/arm-none-eabi/4.9.3/../../../../arm-none-eabi/lib/armv6-m\libc_nano.a(lib_a-findfp.o)
 .text.__sfmoreglue
                0x1000f604       0x2c c:/program files (x86)/atmel/studio/7.0/toolchain/arm/arm-gnu-toolchain/bin/../lib/gcc/arm-none-eabi/4.9.3/../../../../arm-none-eabi/lib/armv6-m\libc_nano.a(lib_a-findfp.o)
                0x1000f604                __sfmoreglue
 .text.__sinit  0x1000f630       0x64 c:/program files (x86)/atmel/studio/7.0/toolchain/arm/arm-gnu-toolchain/bin/../lib/gcc/arm-none-eabi/4.9.3/../../../../arm-none-eabi/lib/armv6-m\libc_nano.a(lib_a-findfp.o)
                0x1000f630                __sinit
 .text.__sfp    0x1000f694       0x7c c:/program files (x86)/atmel/studio/7.0/toolchain/arm/arm-gnu-toolchain/bin/../lib/gcc/arm-none-eabi/4.9.3/../../../../arm-none-eabi/lib/armv6-m\libc_nano.a(lib_a-findfp.o)
                0x1000f694                __sfp
 .text._fwalk_reent
                0x1000f710       0x42 c:/program files (x86)/atmel/studio/7.0/toolchain/arm/arm-gnu-toolchain/bin/../lib/gcc/arm-none-eabi/4.9.3/../../../../arm-none-eabi/lib/armv6-m\libc_nano.a(lib_a-fwalk.o)
                0x1000f710                _fwalk_reent
 *fill*         0x1000f752        0x2 
 .text.__smakebuf_r
                0x1000f754       0xb0 c:/program files (x86)/atmel/studio/7.0/toolchain/arm/arm-gnu-toolchain/bin/../lib/gcc/arm-none-eabi/4.9.3/../../../../arm-none-eabi/lib/armv6-m\libc_nano.a(lib_a-makebuf.o)
                0x1000f754                __smakebuf_r
 .text.malloc   0x1000f804       0x14 c:/program files (x86)/atmel/studio/7.0/toolchain/arm/arm-gnu-toolchain/bin/../lib/gcc/arm-none-eabi/4.9.3/../../../../arm-none-eabi/lib/armv6-m\libc_nano.a(lib_a-malloc.o)
                0x1000f804                malloc
 .text._free_r  0x1000f818       0x8c c:/program files (x86)/atmel/studio/7.0/toolchain/arm/arm-gnu-toolchain/bin/../lib/gcc/arm-none-eabi/4.9.3/../../../../arm-none-eabi/lib/armv6-m\libc_nano.a(lib_a-nano-freer.o)
                0x1000f818                _free_r
 .text._malloc_r
                0x1000f8a4       0xb0 c:/program files (x86)/atmel/studio/7.0/toolchain/arm/arm-gnu-toolchain/bin/../lib/gcc/arm-none-eabi/4.9.3/../../../../arm-none-eabi/lib/armv6-m\libc_nano.a(lib_a-nano-mallocr.o)
                0x1000f8a4                _malloc_r
 .text._sbrk_r  0x1000f954       0x24 c:/program files (x86)/atmel/studio/7.0/toolchain/arm/arm-gnu-toolchain/bin/../lib/gcc/arm-none-eabi/4.9.3/../../../../arm-none-eabi/lib/armv6-m\libc_nano.a(lib_a-sbrkr.o)
                0x1000f954                _sbrk_r
 .text.__sread  0x1000f978       0x28 c:/program files (x86)/atmel/studio/7.0/toolchain/arm/arm-gnu-toolchain/bin/../lib/gcc/arm-none-eabi/4.9.3/../../../../arm-none-eabi/lib/armv6-m\libc_nano.a(lib_a-stdio.o)
                0x1000f978                __sread
 .text.__swrite
                0x1000f9a0       0x38 c:/program files (x86)/atmel/studio/7.0/toolchain/arm/arm-gnu-toolchain/bin/../lib/gcc/arm-none-eabi/4.9.3/../../../../arm-none-eabi/lib/armv6-m\libc_nano.a(lib_a-stdio.o)
                0x1000f9a0                __swrite
 .text.__sseek  0x1000f9d8       0x2c c:/program files (x86)/atmel/studio/7.0/toolchain/arm/arm-gnu-toolchain/bin/../lib/gcc/arm-none-eabi/4.9.3/../../../../arm-none-eabi/lib/armv6-m\libc_nano.a(lib_a-stdio.o)
                0x1000f9d8                __sseek
 .text.__sclose
                0x1000fa04        0xc c:/program files (x86)/atmel/studio/7.0/toolchain/arm/arm-gnu-toolchain/bin/../lib/gcc/arm-none-eabi/4.9.3/../../../../arm-none-eabi/lib/armv6-m\libc_nano.a(lib_a-stdio.o)
                0x1000fa04                __sclose
 .text._write_r
                0x1000fa10       0x28 c:/program files (x86)/atmel/studio/7.0/toolchain/arm/arm-gnu-toolchain/bin/../lib/gcc/arm-none-eabi/4.9.3/../../../../arm-none-eabi/lib/armv6-m\libc_nano.a(lib_a-writer.o)
                0x1000fa10                _write_r
 .text._close_r
                0x1000fa38       0x24 c:/program files (x86)/atmel/studio/7.0/toolchain/arm/arm-gnu-toolchain/bin/../lib/gcc/arm-none-eabi/4.9.3/../../../../arm-none-eabi/lib/armv6-m\libc_nano.a(lib_a-closer.o)
                0x1000fa38                _close_r
 .text._fstat_r
                0x1000fa5c       0x24 c:/program files (x86)/atmel/studio/7.0/toolchain/arm/arm-gnu-toolchain/bin/../lib/gcc/arm-none-eabi/4.9.3/../../../../arm-none-eabi/lib/armv6-m\libc_nano.a(lib_a-fstatr.o)
                0x1000fa5c                _fstat_r
 .text._isatty_r
                0x1000fa80       0x24 c:/program files (x86)/atmel/studio/7.0/toolchain/arm/arm-gnu-toolchain/bin/../lib/gcc/arm-none-eabi/4.9.3/../../../../arm-none-eabi/lib/armv6-m\libc_nano.a(lib_a-isattyr.o)
                0x1000fa80                _isatty_r
 .text._lseek_r
                0x1000faa4       0x28 c:/program files (x86)/atmel/studio/7.0/toolchain/arm/arm-gnu-toolchain/bin/../lib/gcc/arm-none-eabi/4.9.3/../../../../arm-none-eabi/lib/armv6-m\libc_nano.a(lib_a-lseekr.o)
                0x1000faa4                _lseek_r
 .text._read_r  0x1000facc       0x28 c:/program files (x86)/atmel/studio/7.0/toolchain/arm/arm-gnu-toolchain/bin/../lib/gcc/arm-none-eabi/4.9.3/../../../../arm-none-eabi/lib/armv6-m\libc_nano.a(lib_a-readr.o)
                0x1000facc                _read_r
 .text          0x1000faf4       0x54 c:/program files (x86)/atmel/studio/7.0/toolchain/arm/arm-gnu-toolchain/bin/../lib/gcc/arm-none-eabi/4.9.3/armv6-m\libgcc.a(_muldi3.o)
                0x1000faf4                __muldi3
                0x1000faf4                __aeabi_lmul
 *(.glue_7t)
 .glue_7t       0x00000000        0x0 linker stubs
 *(.glue_7)
 .glue_7        0x00000000        0x0 linker stubs
 *(.rodata .rodata* .gnu.linkonce.r.*)
 .rodata        0x1000fb48       0x16 src/ASF/thirdparty/wireless/ble_smart_sdk/ble_services/ble_mgr/ble_manager.o
 *fill*         0x1000fb5e        0x2 
 .rodata.ble_mgr_gatt_server_handle
                0x1000fb60       0x28 src/ASF/thirdparty/wireless/ble_smart_sdk/ble_services/ble_mgr/ble_manager.o
 .rodata.str1.1
                0x1000fb88        0xa src/ASF/thirdparty/wireless/ble_smart_sdk/ble_services/ble_mgr/ble_manager.o
 *fill*         0x1000fb92        0x2 
 .rodata.ble_mgr_gap_handle
                0x1000fb94       0x4c src/ASF/thirdparty/wireless/ble_smart_sdk/ble_services/ble_mgr/ble_manager.o
 .rodata.CSWTCH.92
                0x1000fbe0        0x7 src/ASF/thirdparty/wireless/ble_smart_sdk/ble_services/ble_mgr/ble_manager.o
 *fill*         0x1000fbe7        0x1 
 .rodata.CSWTCH.93
                0x1000fbe8       0x1c src/ASF/thirdparty/wireless/ble_smart_sdk/ble_services/ble_mgr/ble_manager.o
 .rodata.str1.1
                0x1000fc04       0x11 src/ASF/thirdparty/wireless/ble_smart_sdk/services/timer_hw.o
 *fill*         0x1000fc15        0x3 
 .rodata.startup_template_app_gap_cb
                0x1000fc18       0x4c src/main.o
 .rodata.startup_template_app_gatt_server_cb
                0x1000fc64       0x28 src/main.o
 .rodata        0x1000fc8c        0xb ../src/ASF/thirdparty/wireless/ble_smart_sdk/lib/cm0/gcc\libblusdk.a(gap.o)
 .rodata.CSWTCH.51
                0x1000fc97        0xf ../src/ASF/thirdparty/wireless/ble_smart_sdk/lib/cm0/gcc\libblusdk.a(gap.o)
 .rodata.CSWTCH.49
                0x1000fca6        0x3 ../src/ASF/thirdparty/wireless/ble_smart_sdk/lib/cm0/gcc\libblusdk.a(gap.o)
 .rodata.client_conf_uuid
                0x1000fca9        0x2 ../src/ASF/thirdparty/wireless/ble_smart_sdk/lib/cm0/gcc\libblusdk.a(gatt_server.o)
                0x1000fca9                client_conf_uuid
 .rodata.presentation_format_uuid
                0x1000fcab        0x2 ../src/ASF/thirdparty/wireless/ble_smart_sdk/lib/cm0/gcc\libblusdk.a(gatt_server.o)
                0x1000fcab                presentation_format_uuid
 .rodata.user_desc_uuid
                0x1000fcad        0x2 ../src/ASF/thirdparty/wireless/ble_smart_sdk/lib/cm0/gcc\libblusdk.a(gatt_server.o)
                0x1000fcad                user_desc_uuid
 .rodata.server_conf_uuid
                0x1000fcaf        0x2 ../src/ASF/thirdparty/wireless/ble_smart_sdk/lib/cm0/gcc\libblusdk.a(gatt_server.o)
                0x1000fcaf                server_conf_uuid
 .rodata.extended_props_uuid
                0x1000fcb1        0x2 ../src/ASF/thirdparty/wireless/ble_smart_sdk/lib/cm0/gcc\libblusdk.a(gatt_server.o)
                0x1000fcb1                extended_props_uuid
 .rodata.include_uuid
                0x1000fcb3        0x2 ../src/ASF/thirdparty/wireless/ble_smart_sdk/lib/cm0/gcc\libblusdk.a(gatt_server.o)
                0x1000fcb3                include_uuid
 .rodata.char_uuid
                0x1000fcb5        0x2 ../src/ASF/thirdparty/wireless/ble_smart_sdk/lib/cm0/gcc\libblusdk.a(gatt_server.o)
                0x1000fcb5                char_uuid
 *fill*         0x1000fcb7        0x1 
 .rodata        0x1000fcb8       0x40 c:/program files (x86)/atmel/studio/7.0/toolchain/arm/arm-gnu-toolchain/bin/../lib/gcc/arm-none-eabi/4.9.3/armv6-m\libgcc.a(muldf3.o)
 .rodata.str1.1
                0x1000fcf8        0x2 c:/program files (x86)/atmel/studio/7.0/toolchain/arm/arm-gnu-toolchain/bin/../lib/gcc/arm-none-eabi/4.9.3/../../../../arm-none-eabi/lib/armv6-m\libc_nano.a(lib_a-impure.o)
 *fill*         0x1000fcfa        0x2 
 .rodata._global_impure_ptr
                0x1000fcfc        0x4 c:/program files (x86)/atmel/studio/7.0/toolchain/arm/arm-gnu-toolchain/bin/../lib/gcc/arm-none-eabi/4.9.3/../../../../arm-none-eabi/lib/armv6-m\libc_nano.a(lib_a-impure.o)
                0x1000fcfc                _global_impure_ptr
 .rodata.__sf_fake_stdin
                0x1000fd00       0x20 c:/program files (x86)/atmel/studio/7.0/toolchain/arm/arm-gnu-toolchain/bin/../lib/gcc/arm-none-eabi/4.9.3/../../../../arm-none-eabi/lib/armv6-m\libc_nano.a(lib_a-findfp.o)
                0x1000fd00                __sf_fake_stdin
 .rodata.__sf_fake_stdout
                0x1000fd20       0x20 c:/program files (x86)/atmel/studio/7.0/toolchain/arm/arm-gnu-toolchain/bin/../lib/gcc/arm-none-eabi/4.9.3/../../../../arm-none-eabi/lib/armv6-m\libc_nano.a(lib_a-findfp.o)
                0x1000fd20                __sf_fake_stdout
 .rodata.__sf_fake_stderr
                0x1000fd40       0x20 c:/program files (x86)/atmel/studio/7.0/toolchain/arm/arm-gnu-toolchain/bin/../lib/gcc/arm-none-eabi/4.9.3/../../../../arm-none-eabi/lib/armv6-m\libc_nano.a(lib_a-findfp.o)
                0x1000fd40                __sf_fake_stderr
 *(.ARM.extab* .gnu.linkonce.armextab.*)
                0x1000fd60                . = ALIGN (0x4)
 *(.init)
 .init          0x1000fd60        0x4 c:/program files (x86)/atmel/studio/7.0/toolchain/arm/arm-gnu-toolchain/bin/../lib/gcc/arm-none-eabi/4.9.3/armv6-m/crti.o
                0x1000fd60                _init
 .init          0x1000fd64        0x8 c:/program files (x86)/atmel/studio/7.0/toolchain/arm/arm-gnu-toolchain/bin/../lib/gcc/arm-none-eabi/4.9.3/armv6-m/crtn.o
                0x1000fd6c                . = ALIGN (0x4)
                0x1000fd6c                __preinit_array_start = .
 *(.preinit_array)
                0x1000fd6c                __preinit_array_end = .
                0x1000fd6c                . = ALIGN (0x4)
                0x1000fd6c                __init_array_start = .
 *(SORT(.init_array.*))
 *(.init_array)
 .init_array    0x1000fd6c        0x4 c:/program files (x86)/atmel/studio/7.0/toolchain/arm/arm-gnu-toolchain/bin/../lib/gcc/arm-none-eabi/4.9.3/armv6-m/crtbegin.o
                0x1000fd70                __init_array_end = .
                0x1000fd70                . = ALIGN (0x4)
 *crtbegin.o(.ctors)
 *(EXCLUDE_FILE(*crtend.o) .ctors)
 *(SORT(.ctors.*))
 *crtend.o(.ctors)
                0x1000fd70                . = ALIGN (0x4)
 *(.fini)
 .fini          0x1000fd70        0x4 c:/program files (x86)/atmel/studio/7.0/toolchain/arm/arm-gnu-toolchain/bin/../lib/gcc/arm-none-eabi/4.9.3/armv6-m/crti.o
                0x1000fd70                _fini
 .fini          0x1000fd74        0x8 c:/program files (x86)/atmel/studio/7.0/toolchain/arm/arm-gnu-toolchain/bin/../lib/gcc/arm-none-eabi/4.9.3/armv6-m/crtn.o
                0x1000fd7c                . = ALIGN (0x4)
                0x1000fd7c                __fini_array_start = .
 *(.fini_array)
 .fini_array    0x1000fd7c        0x4 c:/program files (x86)/atmel/studio/7.0/toolchain/arm/arm-gnu-toolchain/bin/../lib/gcc/arm-none-eabi/4.9.3/armv6-m/crtbegin.o
 *(SORT(.fini_array.*))
                0x1000fd80                __fini_array_end = .
 *crtbegin.o(.dtors)
 *(EXCLUDE_FILE(*crtend.o) .dtors)
 *(SORT(.dtors.*))
 *crtend.o(.dtors)
                0x1000fd80                . = ALIGN (0x4)
                0x1000fd80                _efixed = .

.vfp11_veneer   0x1000fd80        0x0
 .vfp11_veneer  0x00000000        0x0 linker stubs

.v4_bx          0x1000fd80        0x0
 .v4_bx         0x00000000        0x0 linker stubs

.iplt           0x1000fd80        0x0
 .iplt          0x00000000        0x0 c:/program files (x86)/atmel/studio/7.0/toolchain/arm/arm-gnu-toolchain/bin/../lib/gcc/arm-none-eabi/4.9.3/armv6-m/crtbegin.o

.eh_frame       0x1000fd80        0x0
 .eh_frame      0x1000fd80        0x0 c:/program files (x86)/atmel/studio/7.0/toolchain/arm/arm-gnu-toolchain/bin/../lib/gcc/arm-none-eabi/4.9.3/armv6-m/crtbegin.o

.rel.dyn        0x1000fd80        0x0
 .rel.iplt      0x00000000        0x0 c:/program files (x86)/atmel/studio/7.0/toolchain/arm/arm-gnu-toolchain/bin/../lib/gcc/arm-none-eabi/4.9.3/armv6-m/crtbegin.o

.jcr            0x1000fd80        0x0
 .jcr           0x1000fd80        0x0 c:/program files (x86)/atmel/studio/7.0/toolchain/arm/arm-gnu-toolchain/bin/../lib/gcc/arm-none-eabi/4.9.3/armv6-m/crtbegin.o

.igot.plt       0x1000fd80        0x0
 .igot.plt      0x00000000        0x0 c:/program files (x86)/atmel/studio/7.0/toolchain/arm/arm-gnu-toolchain/bin/../lib/gcc/arm-none-eabi/4.9.3/armv6-m/crtbegin.o
                0x1000fd80                . = ALIGN (0x4)
                0x1000fd80                _etext = .

.relocate       0x1000fd80       0x6c
                0x1000fd80                . = ALIGN (0x4)
                0x1000fd80                _srelocate = .
 *(.ramfunc .ramfunc.*)
 *(.data .data.*)
 .data.dbg_gpio_pin
                0x1000fd80        0x1 src/sms_button.o
                0x1000fd80                dbg_gpio_pin
 .data.l2cap_avail_buffers
                0x1000fd81        0x1 ../src/ASF/thirdparty/wireless/ble_smart_sdk/lib/cm0/gcc\libblusdk.a(l2cc_task.o)
                0x1000fd81                l2cap_avail_buffers
 *fill*         0x1000fd82        0x2 
 .data.dummy_buffer
                0x1000fd84        0x4 ../src/ASF/thirdparty/wireless/ble_smart_sdk/lib/cm0/gcc\libblusdk.a(interface.o)
                0x1000fd84                dummy_buffer
 .data.impure_data
                0x1000fd88       0x60 c:/program files (x86)/atmel/studio/7.0/toolchain/arm/arm-gnu-toolchain/bin/../lib/gcc/arm-none-eabi/4.9.3/../../../../arm-none-eabi/lib/armv6-m\libc_nano.a(lib_a-impure.o)
 .data._impure_ptr
                0x1000fde8        0x4 c:/program files (x86)/atmel/studio/7.0/toolchain/arm/arm-gnu-toolchain/bin/../lib/gcc/arm-none-eabi/4.9.3/../../../../arm-none-eabi/lib/armv6-m\libc_nano.a(lib_a-impure.o)
                0x1000fde8                _impure_ptr
                0x1000fdec                . = ALIGN (0x4)
                0x1000fdec                _erelocate = .

.bss            0x1000fdec     0x1bc8
                0x1000fdec                . = ALIGN (0x4)
                0x1000fdec                _sbss = .
                0x1000fdec                _szero = .
 *(.bss .bss.*)
 .bss           0x1000fdec       0x1c c:/program files (x86)/atmel/studio/7.0/toolchain/arm/arm-gnu-toolchain/bin/../lib/gcc/arm-none-eabi/4.9.3/armv6-m/crtbegin.o
 .bss.dualtimer_callback_timer1
                0x1000fe08        0x4 src/ASF/sam0/drivers/dualtimer/dualtimer.o
 .bss.dualtimer_callback_timer2
                0x1000fe0c        0x4 src/ASF/sam0/drivers/dualtimer/dualtimer.o
 .bss.heap.5211
                0x1000fe10        0x4 src/ASF/sam0/utils/syscalls/gcc/syscalls.o
 .bss.att_db_data
                0x1000fe14      0x4e0 src/ASF/thirdparty/wireless/ble_smart_sdk/ble_services/ble_mgr/ble_manager.o
                0x1000fe14                att_db_data
 .bss.ble_user_event_cb
                0x100102f4        0x4 src/ASF/thirdparty/wireless/ble_smart_sdk/ble_services/ble_mgr/ble_manager.o
                0x100102f4                ble_user_event_cb
 .bss.scan_response_count
                0x100102f8        0x1 src/ASF/thirdparty/wireless/ble_smart_sdk/ble_services/ble_mgr/ble_manager.o
                0x100102f8                scan_response_count
 .bss.ble_peripheral_dev_address
                0x100102f9        0x7 src/ASF/thirdparty/wireless/ble_smart_sdk/ble_services/ble_mgr/ble_manager.o
 .bss.read_complete_flag
                0x10010300        0x1 src/ASF/thirdparty/wireless/ble_smart_sdk/services/console_serial.o
 *fill*         0x10010301        0x3 
 .bss.tick      0x10010304        0x4 src/ASF/thirdparty/wireless/ble_smart_sdk/services/console_serial.o
                0x10010304                tick
 .bss.string_input
                0x10010308        0x1 src/ASF/thirdparty/wireless/ble_smart_sdk/services/console_serial.o
                0x10010308                string_input
 *fill*         0x10010309        0x3 
 .bss.platform_event_pending_list
                0x1001030c        0x4 src/ASF/thirdparty/wireless/ble_smart_sdk/src/event_handler.o
 .bss.platform_event_free_list
                0x10010310        0x4 src/ASF/thirdparty/wireless/ble_smart_sdk/src/event_handler.o
 .bss.platform_event_pool
                0x10010314       0x78 src/ASF/thirdparty/wireless/ble_smart_sdk/src/event_handler.o
 .bss.ke_free   0x1001038c        0x4 src/ASF/thirdparty/wireless/ble_smart_sdk/src/platform_drv.o
 .bss.gapm_get_id_from_task
                0x10010390        0x4 src/ASF/thirdparty/wireless/ble_smart_sdk/src/platform_drv.o
 .bss.gapm_get_task_from_id
                0x10010394        0x4 src/ASF/thirdparty/wireless/ble_smart_sdk/src/platform_drv.o
 .bss.os_sem_up
                0x10010398        0x4 src/ASF/thirdparty/wireless/ble_smart_sdk/src/platform_drv.o
 .bss.ke_msg_hdr.12813
                0x1001039c        0x4 src/ASF/thirdparty/wireless/ble_smart_sdk/src/platform_drv.o
 .bss.pwr_wait_BLE_out_of_reset
                0x100103a0        0x4 src/ASF/thirdparty/wireless/ble_smart_sdk/src/platform_drv.o
 .bss.platform_initialized
                0x100103a4        0x1 src/ASF/thirdparty/wireless/ble_smart_sdk/src/platform_drv.o
                0x100103a4                platform_initialized
 *fill*         0x100103a5        0x3 
 .bss.pwr_disable_arm_wakeup
                0x100103a8        0x4 src/ASF/thirdparty/wireless/ble_smart_sdk/src/platform_drv.o
 .bss.gstrFwSem
                0x100103ac        0x4 src/ASF/thirdparty/wireless/ble_smart_sdk/src/platform_drv.o
 .bss.os_sem_down
                0x100103b0        0x4 src/ASF/thirdparty/wireless/ble_smart_sdk/src/platform_drv.o
 .bss.rcv_msg.12812
                0x100103b4        0x4 src/ASF/thirdparty/wireless/ble_smart_sdk/src/platform_drv.o
 .bss.pwr_enable_arm_wakeup
                0x100103b8        0x4 src/ASF/thirdparty/wireless/ble_smart_sdk/src/platform_drv.o
 .bss.NMI_MsgQueueRecv
                0x100103bc        0x4 src/ASF/thirdparty/wireless/ble_smart_sdk/src/platform_drv.o
 .bss.ke_msg_send
                0x100103c0        0x4 src/ASF/thirdparty/wireless/ble_smart_sdk/src/platform_drv.o
 .bss.ble_stack_message_handler
                0x100103c4        0x4 src/ASF/thirdparty/wireless/ble_smart_sdk/src/platform_drv.o
 .bss.pwr_arm_wakeup_req
                0x100103c8        0x4 src/ASF/thirdparty/wireless/ble_smart_sdk/src/platform_drv.o
 .bss.ke_msg_alloc
                0x100103cc        0x4 src/ASF/thirdparty/wireless/ble_smart_sdk/src/platform_drv.o
 .bss.InternalAppMsgQHandle
                0x100103d0        0x4 src/ASF/thirdparty/wireless/ble_smart_sdk/src/platform_drv.o
 .bss.dbg_gpio_pin_state
                0x100103d4        0x1 src/sms_button.o
                0x100103d4                dbg_gpio_pin_state
 .bss.conn_status
                0x100103d5        0x1 src/main.o
                0x100103d5                conn_status
 .bss.wakeup_value
                0x100103d6        0x1 src/main.o
                0x100103d6                wakeup_value
 .bss.button_pressed
                0x100103d7        0x1 src/main.o
                0x100103d7                button_pressed
 .bss.wakeup_pressed
                0x100103d8        0x1 src/main.o
                0x100103d8                wakeup_pressed
 *fill*         0x100103d9        0x3 
 .bss.event_pool
                0x100103dc       0xa0 ../src/ASF/thirdparty/wireless/ble_smart_sdk/lib/cm0/gcc\libblusdk.a(event.o)
 .bss.event_pending_list
                0x1001047c        0x4 ../src/ASF/thirdparty/wireless/ble_smart_sdk/lib/cm0/gcc\libblusdk.a(event.o)
 .bss.event_free_list
                0x10010480        0x4 ../src/ASF/thirdparty/wireless/ble_smart_sdk/lib/cm0/gcc\libblusdk.a(event.o)
 .bss.u16GattcSeqNo
                0x10010484        0x2 ../src/ASF/thirdparty/wireless/ble_smart_sdk/lib/cm0/gcc\libblusdk.a(gatt_client.o)
 *fill*         0x10010486        0x2 
 .bss.pu8valuesBuffer
                0x10010488        0x4 ../src/ASF/thirdparty/wireless/ble_smart_sdk/lib/cm0/gcc\libblusdk.a(gatt_server.o)
                0x10010488                pu8valuesBuffer
 .bss.unNull    0x1001048c        0x1 ../src/ASF/thirdparty/wireless/ble_smart_sdk/lib/cm0/gcc\libblusdk.a(gatt_server.o)
                0x1001048c                unNull
 *fill*         0x1001048d        0x3 
 .bss.ptstrattDb
                0x10010490        0x4 ../src/ASF/thirdparty/wireless/ble_smart_sdk/lib/cm0/gcc\libblusdk.a(gatt_server.o)
                0x10010490                ptstrattDb
 .bss.pu8valuesBufferEnd
                0x10010494        0x4 ../src/ASF/thirdparty/wireless/ble_smart_sdk/lib/cm0/gcc\libblusdk.a(gatt_server.o)
                0x10010494                pu8valuesBufferEnd
 .bss.u32numberOfValues
                0x10010498        0x4 ../src/ASF/thirdparty/wireless/ble_smart_sdk/lib/cm0/gcc\libblusdk.a(gatt_server.o)
                0x10010498                u32numberOfValues
 .bss.u32dbMemorySize
                0x1001049c        0x4 ../src/ASF/thirdparty/wireless/ble_smart_sdk/lib/cm0/gcc\libblusdk.a(gatt_server.o)
                0x1001049c                u32dbMemorySize
 .bss.service_setup_buffer
                0x100104a0        0x4 ../src/ASF/thirdparty/wireless/ble_smart_sdk/lib/cm0/gcc\libblusdk.a(gatt_server.o)
                0x100104a0                service_setup_buffer
 .bss.cmd_cmpl_flag
                0x100104a4        0x4 ../src/ASF/thirdparty/wireless/ble_smart_sdk/lib/cm0/gcc\libblusdk.a(interface.o)
 .bss.dummy_key.7389
                0x100104a8       0x10 ../src/ASF/thirdparty/wireless/ble_smart_sdk/lib/cm0/gcc\libblusdk.a(gapc_task.o)
 .bss.dummy_key.7407
                0x100104b8       0x10 ../src/ASF/thirdparty/wireless/ble_smart_sdk/lib/cm0/gcc\libblusdk.a(gapc_task.o)
 .bss.peer_key_info
                0x100104c8       0x46 ../src/ASF/thirdparty/wireless/ble_smart_sdk/lib/cm0/gcc\libblusdk.a(gapc_task.o)
 .bss.dummy_key.7271
                0x1001050e       0x10 ../src/ASF/thirdparty/wireless/ble_smart_sdk/lib/cm0/gcc\libblusdk.a(gapc_task.o)
 .bss.g_seq_num_tx
                0x1001051e        0x2 ../src/ASF/thirdparty/wireless/ble_smart_sdk/lib/cm0/gcc\libblusdk.a(gattc_task.o)
 .bss.Seq_NUM   0x10010520        0x2 ../src/ASF/thirdparty/wireless/ble_smart_sdk/lib/cm0/gcc\libblusdk.a(gattc_task.o)
                0x10010520                Seq_NUM
 *fill*         0x10010522        0x2 
 .bss.u32usedBuffers
                0x10010524        0x4 ../src/ASF/thirdparty/wireless/ble_smart_sdk/lib/cm0/gcc\libblusdk.a(gattm_task.o)
                0x10010524                u32usedBuffers
 .bss.__malloc_sbrk_start
                0x10010528        0x4 c:/program files (x86)/atmel/studio/7.0/toolchain/arm/arm-gnu-toolchain/bin/../lib/gcc/arm-none-eabi/4.9.3/../../../../arm-none-eabi/lib/armv6-m\libc_nano.a(lib_a-nano-mallocr.o)
                0x10010528                __malloc_sbrk_start
 .bss.__malloc_free_list
                0x1001052c        0x4 c:/program files (x86)/atmel/studio/7.0/toolchain/arm/arm-gnu-toolchain/bin/../lib/gcc/arm-none-eabi/4.9.3/../../../../arm-none-eabi/lib/armv6-m\libc_nano.a(lib_a-nano-mallocr.o)
                0x1001052c                __malloc_free_list
 *(COMMON)
 COMMON         0x10010530       0x90 src/ASF/sam0/drivers/gpio/gpio.o
                0x10010530                _gpio_instances
 COMMON         0x100105c0        0x4 src/ASF/sam0/drivers/system/system_sam_b.o
                0x100105c0                system_clock_value
 COMMON         0x100105c4        0x8 src/ASF/sam0/drivers/uart/uart.o
                0x100105c4                _uart_instances
 COMMON         0x100105cc        0x4 src/ASF/sam0/utils/stdio/read.o
                0x100105cc                ptr_get
 COMMON         0x100105d0        0x8 src/ASF/sam0/utils/stdio/write.o
                0x100105d0                ptr_put
                0x100105d4                stdio_base
 COMMON         0x100105d8      0x830 src/ASF/thirdparty/wireless/ble_smart_sdk/ble_services/ble_mgr/ble_manager.o
                0x100105d8                ble_mgr_htpt_event_cb
                0x100105dc                ble_mgr_gatt_server_event_cb
                0x100105f0                ble_dev_info
                0x1001085c                ble_device_count
                0x10010860                ble_mgr_dtm_event_cb
                0x10010874                ble_mgr_gap_event_cb
                0x10010888                ble_mgr_gatt_client_event_cb
                0x1001089c                connected_state_info
                0x100108b0                pf_cfg
                0x100108bc                event
                0x100108c0                ble_mgr_l2cap_event_cb
                0x100108c4                scan_info
                0x10010bf8                ble_event_params
                0x10010e04                ble_mgr_custom_event_cb
 COMMON         0x10010e08       0x4c src/ASF/thirdparty/wireless/ble_smart_sdk/services/console_serial.o
                0x10010e08                uart_instance
                0x10010e2c                config_uart
 COMMON         0x10010e54      0x2e2 src/ASF/thirdparty/wireless/ble_smart_sdk/src/platform_drv.o
                0x10010e54                default_samb11_clock_init
                0x10010e5c                rwip_prevent_sleep_set
                0x10010e60                platform_unregister_isr
                0x10010e64                rwip_prevent_sleep_clear
                0x10010e68                actualfreq
                0x10010e6c                port_list
                0x10010e9e                rx_buffer
                0x10011120                platform_register_isr
                0x10011124                handle_ext_wakeup_isr
                0x10011128                samb11_app_resume_cb
                0x1001112c                updateuartbr_fp
                0x10011130                apps_resume_cb
                0x10011134                plf_event_buff_index
 COMMON         0x10011136        0x1 src/sms_button.o
                0x10011136                sms_timer_done
 *fill*         0x10011137        0x1 
 COMMON         0x10011138       0xa4 src/main.o
                0x10011138                smsb_service_handler
                0x10011188                sms_connection_handle
                0x1001118c                bas_service_handler
 COMMON         0x100111dc        0xc ../src/ASF/thirdparty/wireless/ble_smart_sdk/lib/cm0/gcc\libblusdk.a(event.o)
                0x100111dc                watched_event
 COMMON         0x100111e8      0x16a ../src/ASF/thirdparty/wireless/ble_smart_sdk/lib/cm0/gcc\libblusdk.a(gap.o)
                0x100111e8                app_task_type
                0x100111ea                gstrConnData
                0x1001127a                device
 *fill*         0x10011352        0x2 
 COMMON         0x10011354      0x65c ../src/ASF/thirdparty/wireless/ble_smart_sdk/lib/cm0/gcc\libblusdk.a(interface.o)
                0x10011354                event_param_buff_index
                0x10011358                dummy_buffer_buff
                0x10011558                interface_send_msg
                0x10011758                event_param_buff
 COMMON         0x100119b0        0x4 c:/program files (x86)/atmel/studio/7.0/toolchain/arm/arm-gnu-toolchain/bin/../lib/gcc/arm-none-eabi/4.9.3/../../../../arm-none-eabi/lib/armv6-m\libc_nano.a(lib_a-reent.o)
                0x100119b0                errno
                0x100119b4                . = ALIGN (0x4)
                0x100119b4                _ebss = .
                0x100119b4                _ezero = .

.stack          0x100119b4      0x804
                0x100119b8                . = ALIGN (0x8)
 *fill*         0x100119b4        0x4 
                0x100119b8                _sstack = .
                0x100121b8                . = (. + STACK_SIZE)
 *fill*         0x100119b8      0x800 
                0x100121b8                . = ALIGN (0x8)
                0x100121b8                _estack = .
                0x100121b8                PROVIDE (__exidx_start, .)

.ARM.exidx
 *(.ARM.exidx* .gnu.linkonce.armexidx.*)
                0x100121b8                PROVIDE (__exidx_end, .)
                0x100121b8                . = ALIGN (0x4)
                0x100121b8                _end = .
OUTPUT(SMSnode1.elf elf32-littlearm)

.ARM.attributes
                0x00000000       0x28
 .ARM.attributes
                0x00000000       0x1e c:/program files (x86)/atmel/studio/7.0/toolchain/arm/arm-gnu-toolchain/bin/../lib/gcc/arm-none-eabi/4.9.3/armv6-m/crti.o
 .ARM.attributes
                0x0000001e       0x2c c:/program files (x86)/atmel/studio/7.0/toolchain/arm/arm-gnu-toolchain/bin/../lib/gcc/arm-none-eabi/4.9.3/armv6-m/crtbegin.o
 .ARM.attributes
                0x0000004a       0x31 src/ASF/sam0/drivers/dualtimer/dualtimer.o
 .ARM.attributes
                0x0000007b       0x31 src/ASF/sam0/drivers/gpio/gpio.o
 .ARM.attributes
                0x000000ac       0x31 src/ASF/sam0/drivers/system/system_sam_b.o
 .ARM.attributes
                0x000000dd       0x31 src/ASF/sam0/drivers/uart/uart.o
 .ARM.attributes
                0x0000010e       0x31 src/ASF/sam0/utils/cmsis/samb11/source/gcc/startup_samb11.o
 .ARM.attributes
                0x0000013f       0x31 src/ASF/sam0/utils/stdio/read.o
 .ARM.attributes
                0x00000170       0x31 src/ASF/sam0/utils/stdio/write.o
 .ARM.attributes
                0x000001a1       0x31 src/ASF/sam0/utils/syscalls/gcc/syscalls.o
 .ARM.attributes
                0x000001d2       0x31 src/ASF/thirdparty/wireless/ble_smart_sdk/ble_services/ble_mgr/ble_manager.o
 .ARM.attributes
                0x00000203       0x31 src/ASF/thirdparty/wireless/ble_smart_sdk/services/console_serial.o
 .ARM.attributes
                0x00000234       0x31 src/ASF/thirdparty/wireless/ble_smart_sdk/services/timer_hw.o
 .ARM.attributes
                0x00000265       0x31 src/ASF/thirdparty/wireless/ble_smart_sdk/src/event_handler.o
 .ARM.attributes
                0x00000296       0x31 src/ASF/thirdparty/wireless/ble_smart_sdk/src/platform_drv.o
 .ARM.attributes
                0x000002c7       0x31 src/ASF/thirdparty/wireless/ble_smart_sdk/src/port_from_sdk.o
 .ARM.attributes
                0x000002f8       0x31 src/sms_button.o
 .ARM.attributes
                0x00000329       0x31 src/main.o
 .ARM.attributes
                0x0000035a       0x31 ../src/ASF/thirdparty/wireless/ble_smart_sdk/lib/cm0/gcc\libblusdk.a(event.o)
 .ARM.attributes
                0x0000038b       0x31 ../src/ASF/thirdparty/wireless/ble_smart_sdk/lib/cm0/gcc\libblusdk.a(gap.o)
 .ARM.attributes
                0x000003bc       0x31 ../src/ASF/thirdparty/wireless/ble_smart_sdk/lib/cm0/gcc\libblusdk.a(gatt_client.o)
 .ARM.attributes
                0x000003ed       0x31 ../src/ASF/thirdparty/wireless/ble_smart_sdk/lib/cm0/gcc\libblusdk.a(gatt_server.o)
 .ARM.attributes
                0x0000041e       0x31 ../src/ASF/thirdparty/wireless/ble_smart_sdk/lib/cm0/gcc\libblusdk.a(l2cc_task.o)
 .ARM.attributes
                0x0000044f       0x31 ../src/ASF/thirdparty/wireless/ble_smart_sdk/lib/cm0/gcc\libblusdk.a(security.o)
 .ARM.attributes
                0x00000480       0x31 ../src/ASF/thirdparty/wireless/ble_smart_sdk/lib/cm0/gcc\libblusdk.a(interface.o)
 .ARM.attributes
                0x000004b1       0x31 ../src/ASF/thirdparty/wireless/ble_smart_sdk/lib/cm0/gcc\libblusdk.a(dbg_task.o)
 .ARM.attributes
                0x000004e2       0x31 ../src/ASF/thirdparty/wireless/ble_smart_sdk/lib/cm0/gcc\libblusdk.a(gapc_task.o)
 .ARM.attributes
                0x00000513       0x31 ../src/ASF/thirdparty/wireless/ble_smart_sdk/lib/cm0/gcc\libblusdk.a(gapm_task.o)
 .ARM.attributes
                0x00000544       0x31 ../src/ASF/thirdparty/wireless/ble_smart_sdk/lib/cm0/gcc\libblusdk.a(gattc_task.o)
 .ARM.attributes
                0x00000575       0x31 ../src/ASF/thirdparty/wireless/ble_smart_sdk/lib/cm0/gcc\libblusdk.a(gattm_task.o)
 .ARM.attributes
                0x000005a6       0x31 ../src/ASF/thirdparty/wireless/ble_smart_sdk/lib/cm0/gcc\libblusdk.a(htpt_task.o)
 .ARM.attributes
                0x000005d7       0x1e c:/program files (x86)/atmel/studio/7.0/toolchain/arm/arm-gnu-toolchain/bin/../lib/gcc/arm-none-eabi/4.9.3/armv6-m\libgcc.a(_thumb1_case_sqi.o)
 .ARM.attributes
                0x000005f5       0x1e c:/program files (x86)/atmel/studio/7.0/toolchain/arm/arm-gnu-toolchain/bin/../lib/gcc/arm-none-eabi/4.9.3/armv6-m\libgcc.a(_thumb1_case_uqi.o)
 .ARM.attributes
                0x00000613       0x1e c:/program files (x86)/atmel/studio/7.0/toolchain/arm/arm-gnu-toolchain/bin/../lib/gcc/arm-none-eabi/4.9.3/armv6-m\libgcc.a(_thumb1_case_uhi.o)
 .ARM.attributes
                0x00000631       0x1e c:/program files (x86)/atmel/studio/7.0/toolchain/arm/arm-gnu-toolchain/bin/../lib/gcc/arm-none-eabi/4.9.3/armv6-m\libgcc.a(_udivsi3.o)
 .ARM.attributes
                0x0000064f       0x1e c:/program files (x86)/atmel/studio/7.0/toolchain/arm/arm-gnu-toolchain/bin/../lib/gcc/arm-none-eabi/4.9.3/armv6-m\libgcc.a(_dvmd_tls.o)
 .ARM.attributes
                0x0000066d       0x2c c:/program files (x86)/atmel/studio/7.0/toolchain/arm/arm-gnu-toolchain/bin/../lib/gcc/arm-none-eabi/4.9.3/armv6-m\libgcc.a(_fixunsdfsi.o)
 .ARM.attributes
                0x00000699       0x2c c:/program files (x86)/atmel/studio/7.0/toolchain/arm/arm-gnu-toolchain/bin/../lib/gcc/arm-none-eabi/4.9.3/armv6-m\libgcc.a(muldf3.o)
 .ARM.attributes
                0x000006c5       0x2c c:/program files (x86)/atmel/studio/7.0/toolchain/arm/arm-gnu-toolchain/bin/../lib/gcc/arm-none-eabi/4.9.3/armv6-m\libgcc.a(subdf3.o)
 .ARM.attributes
                0x000006f1       0x2c c:/program files (x86)/atmel/studio/7.0/toolchain/arm/arm-gnu-toolchain/bin/../lib/gcc/arm-none-eabi/4.9.3/armv6-m\libgcc.a(fixdfsi.o)
 .ARM.attributes
                0x0000071d       0x2c c:/program files (x86)/atmel/studio/7.0/toolchain/arm/arm-gnu-toolchain/bin/../lib/gcc/arm-none-eabi/4.9.3/armv6-m\libgcc.a(floatunsidf.o)
 .ARM.attributes
                0x00000749       0x1e c:/program files (x86)/atmel/studio/7.0/toolchain/arm/arm-gnu-toolchain/bin/../lib/gcc/arm-none-eabi/4.9.3/armv6-m\libgcc.a(_arm_cmpdf2.o)
 .ARM.attributes
                0x00000767       0x1e c:/program files (x86)/atmel/studio/7.0/toolchain/arm/arm-gnu-toolchain/bin/../lib/gcc/arm-none-eabi/4.9.3/armv6-m\libgcc.a(_clzsi2.o)
 .ARM.attributes
                0x00000785       0x2c c:/program files (x86)/atmel/studio/7.0/toolchain/arm/arm-gnu-toolchain/bin/../lib/gcc/arm-none-eabi/4.9.3/armv6-m\libgcc.a(eqdf2.o)
 .ARM.attributes
                0x000007b1       0x2c c:/program files (x86)/atmel/studio/7.0/toolchain/arm/arm-gnu-toolchain/bin/../lib/gcc/arm-none-eabi/4.9.3/armv6-m\libgcc.a(gedf2.o)
 .ARM.attributes
                0x000007dd       0x2c c:/program files (x86)/atmel/studio/7.0/toolchain/arm/arm-gnu-toolchain/bin/../lib/gcc/arm-none-eabi/4.9.3/armv6-m\libgcc.a(ledf2.o)
 .ARM.attributes
                0x00000809       0x2c c:/program files (x86)/atmel/studio/7.0/toolchain/arm/arm-gnu-toolchain/bin/../lib/gcc/arm-none-eabi/4.9.3/../../../../arm-none-eabi/lib/armv6-m\libc_nano.a(lib_a-impure.o)
 .ARM.attributes
                0x00000835       0x2c c:/program files (x86)/atmel/studio/7.0/toolchain/arm/arm-gnu-toolchain/bin/../lib/gcc/arm-none-eabi/4.9.3/../../../../arm-none-eabi/lib/armv6-m\libc_nano.a(lib_a-init.o)
 .ARM.attributes
                0x00000861       0x2c c:/program files (x86)/atmel/studio/7.0/toolchain/arm/arm-gnu-toolchain/bin/../lib/gcc/arm-none-eabi/4.9.3/../../../../arm-none-eabi/lib/armv6-m\libc_nano.a(lib_a-memcmp.o)
 .ARM.attributes
                0x0000088d       0x2c c:/program files (x86)/atmel/studio/7.0/toolchain/arm/arm-gnu-toolchain/bin/../lib/gcc/arm-none-eabi/4.9.3/../../../../arm-none-eabi/lib/armv6-m\libc_nano.a(lib_a-memcpy.o)
 .ARM.attributes
                0x000008b9       0x2c c:/program files (x86)/atmel/studio/7.0/toolchain/arm/arm-gnu-toolchain/bin/../lib/gcc/arm-none-eabi/4.9.3/../../../../arm-none-eabi/lib/armv6-m\libc_nano.a(lib_a-memset.o)
 .ARM.attributes