Archive member included to satisfy reference by file (symbol)

../src/ASF/thirdparty/wireless/ble_smart_sdk/lib/cm0/gcc\libblusdk.a(event.o)
                              src/ASF/thirdparty/wireless/ble_smart_sdk/ble_services/ble_mgr/ble_manager.o (at_ble_event_get)
../src/ASF/thirdparty/wireless/ble_smart_sdk/lib/cm0/gcc\libblusdk.a(gap.o)
                              src/ASF/thirdparty/wireless/ble_smart_sdk/ble_services/ble_mgr/ble_manager.o (at_ble_device_name_set)
../src/ASF/thirdparty/wireless/ble_smart_sdk/lib/cm0/gcc\libblusdk.a(gatt_client.o)
                              ../src/ASF/thirdparty/wireless/ble_smart_sdk/lib/cm0/gcc\libblusdk.a(gap.o) (init_gatt_client_module)
../src/ASF/thirdparty/wireless/ble_smart_sdk/lib/cm0/gcc\libblusdk.a(gatt_server.o)
                              ../src/ASF/thirdparty/wireless/ble_smart_sdk/lib/cm0/gcc\libblusdk.a(gap.o) (initi_gatt_server_module)
../src/ASF/thirdparty/wireless/ble_smart_sdk/lib/cm0/gcc\libblusdk.a(l2cc_task.o)
                              ../src/ASF/thirdparty/wireless/ble_smart_sdk/lib/cm0/gcc\libblusdk.a(gap.o) (init_l2cc_task_module)
../src/ASF/thirdparty/wireless/ble_smart_sdk/lib/cm0/gcc\libblusdk.a(security.o)
                              src/ASF/thirdparty/wireless/ble_smart_sdk/ble_services/ble_mgr/ble_manager.o (at_ble_authenticate)
../src/ASF/thirdparty/wireless/ble_smart_sdk/lib/cm0/gcc\libblusdk.a(interface.o)
                              ../src/ASF/thirdparty/wireless/ble_smart_sdk/lib/cm0/gcc\libblusdk.a(gap.o) (rx_callback)
../src/ASF/thirdparty/wireless/ble_smart_sdk/lib/cm0/gcc\libblusdk.a(calib_task.o)
                              ../src/ASF/thirdparty/wireless/ble_smart_sdk/lib/cm0/gcc\libblusdk.a(gap.o) (calib_config)
../src/ASF/thirdparty/wireless/ble_smart_sdk/lib/cm0/gcc\libblusdk.a(dbg_task.o)
                              ../src/ASF/thirdparty/wireless/ble_smart_sdk/lib/cm0/gcc\libblusdk.a(gap.o) (dbg_le_set_bd_addr_req_handler)
../src/ASF/thirdparty/wireless/ble_smart_sdk/lib/cm0/gcc\libblusdk.a(gapc_task.o)
                              ../src/ASF/thirdparty/wireless/ble_smart_sdk/lib/cm0/gcc\libblusdk.a(security.o) (check_ConnData_idx_role)
../src/ASF/thirdparty/wireless/ble_smart_sdk/lib/cm0/gcc\libblusdk.a(gapm_task.o)
                              ../src/ASF/thirdparty/wireless/ble_smart_sdk/lib/cm0/gcc\libblusdk.a(gap.o) (gapm_reset_req_handler)
../src/ASF/thirdparty/wireless/ble_smart_sdk/lib/cm0/gcc\libblusdk.a(gattc_task.o)
                              ../src/ASF/thirdparty/wireless/ble_smart_sdk/lib/cm0/gcc\libblusdk.a(gatt_server.o) (gattc_read_req_ind_parser)
../src/ASF/thirdparty/wireless/ble_smart_sdk/lib/cm0/gcc\libblusdk.a(gattm_task.o)
                              ../src/ASF/thirdparty/wireless/ble_smart_sdk/lib/cm0/gcc\libblusdk.a(gatt_server.o) (gattm_add_svc_req_handler)
../src/ASF/thirdparty/wireless/ble_smart_sdk/lib/cm0/gcc\libblusdk.a(htpt_task.o)
                              ../src/ASF/thirdparty/wireless/ble_smart_sdk/lib/cm0/gcc\libblusdk.a(event.o) (htpt_enable_rsp_handler)
c:/program files (x86)/atmel/studio/7.0/toolchain/arm/arm-gnu-toolchain/bin/../lib/gcc/arm-none-eabi/5.3.1/armv6-m\libgcc.a(_thumb1_case_sqi.o)
                              ../src/ASF/thirdparty/wireless/ble_smart_sdk/lib/cm0/gcc\libblusdk.a(gap.o) (__gnu_thumb1_case_sqi)
c:/program files (x86)/atmel/studio/7.0/toolchain/arm/arm-gnu-toolchain/bin/../lib/gcc/arm-none-eabi/5.3.1/armv6-m\libgcc.a(_thumb1_case_uqi.o)
                              ../src/ASF/thirdparty/wireless/ble_smart_sdk/lib/cm0/gcc\libblusdk.a(gap.o) (__gnu_thumb1_case_uqi)
c:/program files (x86)/atmel/studio/7.0/toolchain/arm/arm-gnu-toolchain/bin/../lib/gcc/arm-none-eabi/5.3.1/armv6-m\libgcc.a(_udivsi3.o)
                              src/motion_driver/driver/eMPL/inv_mpu.o (__aeabi_uidiv)
c:/program files (x86)/atmel/studio/7.0/toolchain/arm/arm-gnu-toolchain/bin/../lib/gcc/arm-none-eabi/5.3.1/armv6-m\libgcc.a(_divsi3.o)
                              src/motion_driver/driver/eMPL/inv_mpu.o (__aeabi_idiv)
c:/program files (x86)/atmel/studio/7.0/toolchain/arm/arm-gnu-toolchain/bin/../lib/gcc/arm-none-eabi/5.3.1/armv6-m\libgcc.a(_dvmd_tls.o)
                              c:/program files (x86)/atmel/studio/7.0/toolchain/arm/arm-gnu-toolchain/bin/../lib/gcc/arm-none-eabi/5.3.1/armv6-m\libgcc.a(_udivsi3.o) (__aeabi_idiv0)
c:/program files (x86)/atmel/studio/7.0/toolchain/arm/arm-gnu-toolchain/bin/../lib/gcc/arm-none-eabi/5.3.1/armv6-m\libgcc.a(_arm_cmpdf2.o)
                              src/motion_driver/driver/eMPL/inv_mpu.o (__aeabi_dcmpgt)
c:/program files (x86)/atmel/studio/7.0/toolchain/arm/arm-gnu-toolchain/bin/../lib/gcc/arm-none-eabi/5.3.1/armv6-m\libgcc.a(_arm_cmpsf2.o)
                              src/motion_driver/driver/eMPL/inv_mpu.o (__aeabi_fcmplt)
c:/program files (x86)/atmel/studio/7.0/toolchain/arm/arm-gnu-toolchain/bin/../lib/gcc/arm-none-eabi/5.3.1/armv6-m\libgcc.a(_aeabi_ldivmod.o)
[...]
Memory Configuration

Name             Origin             Length             Attributes
ram              0x10008000         0x00017f00         xrw
lram             0x10020000         0x00000100         xrw
*default*        0x00000000         0xffffffff

Linker script and memory map

LOAD c:/program files (x86)/atmel/studio/7.0/toolchain/arm/arm-gnu-toolchain/bin/../lib/gcc/arm-none-eabi/5.3.1/armv6-m/crti.o
LOAD c:/program files (x86)/atmel/studio/7.0/toolchain/arm/arm-gnu-toolchain/bin/../lib/gcc/arm-none-eabi/5.3.1/armv6-m/crtbegin.o
LOAD c:/program files (x86)/atmel/studio/7.0/toolchain/arm/arm-gnu-toolchain/bin/../lib/gcc/arm-none-eabi/5.3.1/../../../../arm-none-eabi/lib/armv6-m/crt0.o
LOAD src/motion_driver/driver/eMPL/inv_mpu.o
LOAD src/motion_driver/driver/eMPL/inv_mpu_dmp_motion_driver.o
LOAD src/sms/Src/sms_ble.o
LOAD src/sms/Src/sms_button.o
LOAD src/sms/Src/sms_delay.o
LOAD src/sms/Src/sms_i2c.o
LOAD src/sms/Src/sms_imu.o
LOAD src/sms/Src/sms_pressure.o
LOAD src/sms/Src/sms_spi.o
LOAD src/sms/Src/sms_timer.o
LOAD src/main.o
LOAD src/ASF/common2/services/delay/sam0/systick_counter.o
LOAD src/ASF/sam0/drivers/aon_sleep_timer/aon_sleep_timer.o
LOAD src/ASF/common2/components/memory/eeprom/at30tse75x/at30tse75x.o
LOAD src/ASF/common/utils/interrupt/interrupt_sam_nvic.o
LOAD src/ASF/sam0/boards/samb11_xplained_pro/board_init.o
LOAD src/ASF/sam0/drivers/dualtimer/dualtimer.o
LOAD src/ASF/sam0/drivers/gpio/gpio.o
LOAD src/ASF/sam0/drivers/i2c/i2c_master.o
LOAD src/ASF/sam0/drivers/i2c/i2c_master_interrupt.o
LOAD src/ASF/sam0/drivers/spi/spi.o
LOAD src/ASF/sam0/drivers/spi/spi_callback.o
LOAD src/ASF/sam0/drivers/system/system_sam_b.o
LOAD src/ASF/sam0/drivers/timer/timer.o
LOAD src/ASF/sam0/drivers/uart/uart.o
LOAD src/ASF/sam0/utils/cmsis/samb11/source/gcc/startup_samb11.o
LOAD src/ASF/sam0/utils/cmsis/samb11/source/system_samb11.o
LOAD src/ASF/sam0/utils/stdio/read.o
LOAD src/ASF/sam0/utils/stdio/write.o
LOAD src/ASF/sam0/utils/syscalls/gcc/syscalls.o
LOAD src/ASF/thirdparty/wireless/ble_smart_sdk/ble_profiles/pxp_reporter/pxp_reporter.o
LOAD src/ASF/thirdparty/wireless/ble_smart_sdk/ble_services/battery/battery.o
LOAD src/ASF/thirdparty/wireless/ble_smart_sdk/ble_services/ble_mgr/ble_manager.o
LOAD src/ASF/thirdparty/wireless/ble_smart_sdk/ble_services/immediate_alert/immediate_alert.o
LOAD src/ASF/thirdparty/wireless/ble_smart_sdk/ble_services/link_loss/link_loss.o
LOAD src/ASF/thirdparty/wireless/ble_smart_sdk/ble_services/tx_power/tx_power.o
LOAD src/ASF/thirdparty/wireless/ble_smart_sdk/services/button.o
LOAD src/ASF/thirdparty/wireless/ble_smart_sdk/services/console_serial.o
LOAD src/ASF/thirdparty/wireless/ble_smart_sdk/services/led.o
LOAD src/ASF/thirdparty/wireless/ble_smart_sdk/src/event_handler.o
LOAD src/ASF/thirdparty/wireless/ble_smart_sdk/src/platform_drv.o
LOAD src/ASF/thirdparty/wireless/ble_smart_sdk/src/port_from_sdk.o
START GROUP
LOAD ../src/ASF/thirdparty/CMSIS/Lib/GCC\libarm_cortexM0l_math.a
LOAD ../src/ASF/thirdparty/wireless/ble_smart_sdk/lib/cm0/gcc\libblusdk.a
LOAD c:/program files (x86)/atmel/studio/7.0/toolchain/arm/arm-gnu-toolchain/bin/../lib/gcc/arm-none-eabi/5.3.1/../../../../arm-none-eabi/lib/armv6-m\libm.a
LOAD C:\_code\AS\SABRe\Invensense_lib\liblibmplmpu_m0\liblibmplmpu.a
LOAD C:\_code\AS\SABRe\Invensense_lib\core\mpl\libmpllib.a
END GROUP
                0x00001000                __stack_size__ = 0x1000
START GROUP
LOAD c:/program files (x86)/atmel/studio/7.0/toolchain/arm/arm-gnu-toolchain/bin/../lib/gcc/arm-none-eabi/5.3.1/armv6-m\libgcc.a
LOAD c:/program files (x86)/atmel/studio/7.0/toolchain/arm/arm-gnu-toolchain/bin/../lib/gcc/arm-none-eabi/5.3.1/../../../../arm-none-eabi/lib/armv6-m\libc_nano.a
END GROUP
START GROUP
LOAD c:/program files (x86)/atmel/studio/7.0/toolchain/arm/arm-gnu-toolchain/bin/../lib/gcc/arm-none-eabi/5.3.1/armv6-m\libgcc.a
LOAD c:/program files (x86)/atmel/studio/7.0/toolchain/arm/arm-gnu-toolchain/bin/../lib/gcc/arm-none-eabi/5.3.1/../../../../arm-none-eabi/lib/armv6-m\libc_nano.a
END GROUP
LOAD c:/program files (x86)/atmel/studio/7.0/toolchain/arm/arm-gnu-toolchain/bin/../lib/gcc/arm-none-eabi/5.3.1/armv6-m/crtend.o
LOAD c:/program files (x86)/atmel/studio/7.0/toolchain/arm/arm-gnu-toolchain/bin/../lib/gcc/arm-none-eabi/5.3.1/armv6-m/crtn.o
                0x00000800                STACK_SIZE = DEFINED (STACK_SIZE)?STACK_SIZE:DEFINED (__stack_size__)?__stack_size__:0x800

.text           0x10008000     0xc7d4
                0x10008000                . = ALIGN (0x4)
                0x10008000                _sfixed = .
 *(.test.main .text.app_entry)
 .text.app_entry
                0x10008000       0x6c src/ASF/sam0/utils/cmsis/samb11/source/gcc/startup_samb11.o
                0x10008000                app_entry
 *(.text .text.* .gnu.linkonce.t.*)
 .text          0x1000806c       0x60 c:/program files (x86)/atmel/studio/7.0/toolchain/arm/arm-gnu-toolchain/bin/../lib/gcc/arm-none-eabi/5.3.1/armv6-m/crtbegin.o
 .text.i2c_write
                0x100080cc       0x78 src/motion_driver/driver/eMPL/inv_mpu.o
                0x100080cc                i2c_write
 .text.set_int_enable
                0x10008144       0x6c src/motion_driver/driver/eMPL/inv_mpu.o
 .text.i2c_read
                0x100081b0       0xf4 src/motion_driver/driver/eMPL/inv_mpu.o
                0x100081b0                i2c_read
 .text.mpu_reset_fifo
                0x100082a4      0x160 src/motion_driver/driver/eMPL/inv_mpu.o
                0x100082a4                mpu_reset_fifo
 .text.mpu_get_gyro_fsr
                0x10008404       0x40 src/motion_driver/driver/eMPL/inv_mpu.o
                0x10008404                mpu_get_gyro_fsr
 .text.mpu_set_gyro_fsr
                0x10008444       0x8c src/motion_driver/driver/eMPL/inv_mpu.o
                0x10008444                mpu_set_gyro_fsr
 .text.mpu_get_accel_fsr
                0x100084d0       0x48 src/motion_driver/driver/eMPL/inv_mpu.o
                0x100084d0                mpu_get_accel_fsr
 .text.mpu_set_accel_fsr
                0x10008518       0x80 src/motion_driver/driver/eMPL/inv_mpu.o
                0x10008518                mpu_set_accel_fsr
 .text.mpu_set_lpf
                0x10008598       0x78 src/motion_driver/driver/eMPL/inv_mpu.o
                0x10008598                mpu_set_lpf
 .text.mpu_get_sample_rate
                0x10008610       0x1c src/motion_driver/driver/eMPL/inv_mpu.o
                0x10008610                mpu_get_sample_rate
 .text.mpu_set_compass_sample_rate
                0x1000862c       0x64 src/motion_driver/driver/eMPL/inv_mpu.o
                0x1000862c                mpu_set_compass_sample_rate
 .text.mpu_configure_fifo
                0x10008690       0x64 src/motion_driver/driver/eMPL/inv_mpu.o
                0x10008690                mpu_configure_fifo
 .text.mpu_read_fifo_stream
                0x100086f4       0xdc src/motion_driver/driver/eMPL/inv_mpu.o
                0x100086f4                mpu_read_fifo_stream
 .text.mpu_set_bypass
                0x100087d0       0xec src/motion_driver/driver/eMPL/inv_mpu.o
                0x100087d0                mpu_set_bypass
 .text.mpu_set_int_latched
                0x100088bc       0x6c src/motion_driver/driver/eMPL/inv_mpu.o
                0x100088bc                mpu_set_int_latched
 .text.mpu_lp_accel_mode
                0x10008928       0xd4 src/motion_driver/driver/eMPL/inv_mpu.o
                0x10008928                mpu_lp_accel_mode
 .text.mpu_set_sample_rate
                0x100089fc       0xcc src/motion_driver/driver/eMPL/inv_mpu.o
                0x100089fc                mpu_set_sample_rate
 .text.mpu_set_sensors
                0x10008ac8      0x1b4 src/motion_driver/driver/eMPL/inv_mpu.o
                0x10008ac8                mpu_set_sensors
 .text.mpu_init
                0x10008c7c      0x2bc src/motion_driver/driver/eMPL/inv_mpu.o
                0x10008c7c                mpu_init
 .text.mpu_write_mem
                0x10008f38       0x5c src/motion_driver/driver/eMPL/inv_mpu.o
                0x10008f38                mpu_write_mem
 .text.mpu_set_dmp_state
                0x10008f94       0x90 src/motion_driver/driver/eMPL/inv_mpu.o
                0x10008f94                mpu_set_dmp_state
 .text.dmp_enable_gyro_cal.part.0
                0x10009024       0x2c src/motion_driver/driver/eMPL/inv_mpu_dmp_motion_driver.o
 .text.dmp_set_tap_thresh
                0x10009050      0x174 src/motion_driver/driver/eMPL/inv_mpu_dmp_motion_driver.o
                0x10009050                dmp_set_tap_thresh
 .text.dmp_set_tap_axes
                0x100091c4       0x48 src/motion_driver/driver/eMPL/inv_mpu_dmp_motion_driver.o
                0x100091c4                dmp_set_tap_axes
 .text.dmp_enable_gyro_cal
                0x1000920c       0x3c src/motion_driver/driver/eMPL/inv_mpu_dmp_motion_driver.o
                0x1000920c                dmp_enable_gyro_cal
 .text.dmp_enable_lp_quat
                0x10009248       0x44 src/motion_driver/driver/eMPL/inv_mpu_dmp_motion_driver.o
                0x10009248                dmp_enable_lp_quat
 .text.dmp_enable_6x_lp_quat
                0x1000928c       0x44 src/motion_driver/driver/eMPL/inv_mpu_dmp_motion_driver.o
                0x1000928c                dmp_enable_6x_lp_quat
 .text.dmp_enable_feature
                0x100092d0      0x24c src/motion_driver/driver/eMPL/inv_mpu_dmp_motion_driver.o
                0x100092d0                dmp_enable_feature
 .text.dmp_read_fifo
                0x1000951c      0x174 src/motion_driver/driver/eMPL/inv_mpu_dmp_motion_driver.o
                0x1000951c                dmp_read_fifo
 .text.sms_service_advertise
                0x10009690       0x3c src/sms/Src/sms_ble.o
                0x10009690                sms_service_advertise
 .text.sms_button_bt1_callback
                0x100096cc       0x34 src/sms/Src/sms_button.o
                0x100096cc                sms_button_bt1_callback
 .text.sms_button_bt2_callback
                0x10009700       0x34 src/sms/Src/sms_button.o
                0x10009700                sms_button_bt2_callback
 .text.sms_button_configure_gpio
                0x10009734       0x3c src/sms/Src/sms_button.o
                0x10009734                sms_button_configure_gpio
 .text.sms_button_register_callbacks
                0x10009770       0x2c src/sms/Src/sms_button.o
                0x10009770                sms_button_register_callbacks
 .text.sms_button_bt1_fn
                0x1000979c       0x44 src/sms/Src/sms_button.o
                0x1000979c                sms_button_bt1_fn
 .text.sms_button_bt2_fn
                0x100097e0       0xa4 src/sms/Src/sms_button.o
                0x100097e0                sms_button_bt2_fn
 .text.sms_button_service_init
                0x10009884       0x70 src/sms/Src/sms_button.o
                0x10009884                sms_button_service_init
 .text.sms_button_primary_service_define
                0x100098f4       0x24 src/sms/Src/sms_button.o
                0x100098f4                sms_button_primary_service_define
 .text.i2c_master_write_callback
                0x10009918        0xc src/sms/Src/sms_i2c.o
                0x10009918                i2c_master_write_callback
 .text.i2c_master_read_callback
                0x10009924        0xc src/sms/Src/sms_i2c.o
                0x10009924                i2c_master_read_callback
 .text.i2c_master_configure
                0x10009930       0x88 src/sms/Src/sms_i2c.o
                0x10009930                i2c_master_configure
 .text.i2c_master_configure_callbacks
                0x100099b8       0x4c src/sms/Src/sms_i2c.o
                0x100099b8                i2c_master_configure_callbacks
 .text.sms_imu_interrupt_callback
                0x10009a04       0x28 src/sms/Src/sms_imu.o
                0x10009a04                sms_imu_interrupt_callback
 .text.sms_imu_configure_gpio
                0x10009a2c       0x38 src/sms/Src/sms_imu.o
                0x10009a2c                sms_imu_configure_gpio
 .text.sms_imu_register_callbacks
                0x10009a64       0x18 src/sms/Src/sms_imu.o
                0x10009a64                sms_imu_register_callbacks
 .text.sms_imu_configure
                0x10009a7c       0x80 src/sms/Src/sms_imu.o
                0x10009a7c                sms_imu_configure
 .text.sms_imu_startup
                0x10009afc       0x58 src/sms/Src/sms_imu.o
                0x10009afc                sms_imu_startup
 .text.sms_imu_poll_data
                0x10009b54       0xec src/sms/Src/sms_imu.o
                0x10009b54                sms_imu_poll_data
 .text.sms_imu_service_init
                0x10009c40       0x6c src/sms/Src/sms_imu.o
                0x10009c40                sms_imu_service_init
 .text.sms_imu_primary_service_define
                0x10009cac       0x24 src/sms/Src/sms_imu.o
                0x10009cac                sms_imu_primary_service_define
 .text.sms_pressure_ms58_read_prom
                0x10009cd0      0x110 src/sms/Src/sms_pressure.o
                0x10009cd0                sms_pressure_ms58_read_prom
 .text.sms_pressure_ms58_init
                0x10009de0       0x50 src/sms/Src/sms_pressure.o
                0x10009de0                sms_pressure_ms58_init
 .text.sms_pressure_ms58_conv_read
                0x10009e30       0xe4 src/sms/Src/sms_pressure.o
                0x10009e30                sms_pressure_ms58_conv_read
 .text.sms_pressure_ms58_calculate
                0x10009f14       0xf0 src/sms/Src/sms_pressure.o
                0x10009f14                sms_pressure_ms58_calculate
 .text.sms_pressure_ms58_poll_data
                0x1000a004       0x28 src/sms/Src/sms_pressure.o
                0x1000a004                sms_pressure_ms58_poll_data
 .text.sms_pressure_service_init
                0x1000a02c       0x70 src/sms/Src/sms_pressure.o
                0x1000a02c                sms_pressure_service_init
 .text.sms_pressure_primary_service_define
                0x1000a09c       0x24 src/sms/Src/sms_pressure.o
                0x1000a09c                sms_pressure_primary_service_define
 .text.spi_master_transceived_callback
                0x1000a0c0        0xc src/sms/Src/sms_spi.o
                0x1000a0c0                spi_master_transceived_callback
 .text.spi_master_configure
                0x1000a0cc       0x78 src/sms/Src/sms_spi.o
                0x1000a0cc                spi_master_configure
 .text.spi_master_configure_callbacks
                0x1000a144       0x48 src/sms/Src/sms_spi.o
                0x1000a144                spi_master_configure_callbacks
 .text.spi_master_transceive
                0x1000a18c       0x60 src/sms/Src/sms_spi.o
                0x1000a18c                spi_master_transceive
 .text.sms_timer_aon_callback
                0x1000a1ec       0x20 src/sms/Src/sms_timer.o
                0x1000a1ec                sms_timer_aon_callback
 .text.sms_timer_aon_init
                0x1000a20c       0x28 src/sms/Src/sms_timer.o
                0x1000a20c                sms_timer_aon_init
 .text.sms_timer_aon_configure_callback
                0x1000a234       0x38 src/sms/Src/sms_timer.o
                0x1000a234                sms_timer_aon_configure_callback
 .text.sms_dualtimer_init
                0x1000a26c       0x34 src/sms/Src/sms_timer.o
                0x1000a26c                sms_dualtimer_init
 .text.ble_connected_app_event
                0x1000a2a0       0x18 src/main.o
 .text.ble_notification_confirmed_app_event
                0x1000a2b8        0xc src/main.o
 .text.ble_char_changed_app_event
                0x1000a2c4        0x4 src/main.o
 .text.sms_plf_event_cb
                0x1000a2c8        0xc src/main.o
 .text.ble_disconnected_app_event
                0x1000a2d4       0x18 src/main.o
 .text.resume_cb
                0x1000a2ec       0x3c src/main.o
 .text.ble_paired_app_event
                0x1000a328        0x4 src/main.o
 .text.ble_adv_report_event
                0x1000a32c        0x4 src/main.o
 .text.startup.main
                0x1000a330      0x22c src/main.o
                0x1000a330                main
 .text.delay_init
                0x1000a55c       0x40 src/ASF/common2/services/delay/sam0/systick_counter.o
                0x1000a55c                delay_init
 .text.delay_cycles_ms
                0x1000a59c       0x30 src/ASF/common2/services/delay/sam0/systick_counter.o
                0x1000a59c                delay_cycles_ms
 .text.aon_sleep_timer_isr_handler
                0x1000a5cc       0x20 src/ASF/sam0/drivers/aon_sleep_timer/aon_sleep_timer.o
 .text.aon_sleep_timer_get_config_defaults
                0x1000a5ec       0x10 src/ASF/sam0/drivers/aon_sleep_timer/aon_sleep_timer.o
                0x1000a5ec                aon_sleep_timer_get_config_defaults
 .text.aon_sleep_timer_get_current_value
                0x1000a5fc        0xc src/ASF/sam0/drivers/aon_sleep_timer/aon_sleep_timer.o
                0x1000a5fc                aon_sleep_timer_get_current_value
 .text.aon_sleep_timer_register_callback
                0x1000a608        0xc src/ASF/sam0/drivers/aon_sleep_timer/aon_sleep_timer.o
                0x1000a608                aon_sleep_timer_register_callback
 .text.aon_sleep_timer_unregister_callback
                0x1000a614        0xc src/ASF/sam0/drivers/aon_sleep_timer/aon_sleep_timer.o
                0x1000a614                aon_sleep_timer_unregister_callback
 .text.aon_sleep_timer_init
                0x1000a620       0xd0 src/ASF/sam0/drivers/aon_sleep_timer/aon_sleep_timer.o
                0x1000a620                aon_sleep_timer_init
 .text.dualtimer_isr_handler
                0x1000a6f0       0x40 src/ASF/sam0/drivers/dualtimer/dualtimer.o
 .text.dualtimer_get_config_defaults
                0x1000a730       0x24 src/ASF/sam0/drivers/dualtimer/dualtimer.o
                0x1000a730                dualtimer_get_config_defaults
 .text.dualtimer_disable
                0x1000a754       0x24 src/ASF/sam0/drivers/dualtimer/dualtimer.o
                0x1000a754                dualtimer_disable
 .text.dualtimer_init
                0x1000a778      0x104 src/ASF/sam0/drivers/dualtimer/dualtimer.o
                0x1000a778                dualtimer_init
 .text.gpio_port0_isr_handler
                0x1000a87c       0x5c src/ASF/sam0/drivers/gpio/gpio.o
 .text.gpio_port1_isr_handler
                0x1000a8d8       0x88 src/ASF/sam0/drivers/gpio/gpio.o
 .text.gpio_get_config_defaults
                0x1000a960       0x10 src/ASF/sam0/drivers/gpio/gpio.o
                0x1000a960                gpio_get_config_defaults
 .text.gpio_pin_set_config
                0x1000a970      0x15c src/ASF/sam0/drivers/gpio/gpio.o
                0x1000a970                gpio_pin_set_config
 .text.gpio_pin_set_output_level
                0x1000aacc       0x50 src/ASF/sam0/drivers/gpio/gpio.o
                0x1000aacc                gpio_pin_set_output_level
 .text.gpio_pinmux_cofiguration
                0x1000ab1c       0xdc src/ASF/sam0/drivers/gpio/gpio.o
                0x1000ab1c                gpio_pinmux_cofiguration
 .text.gpio_register_callback
                0x1000abf8       0xdc src/ASF/sam0/drivers/gpio/gpio.o
                0x1000abf8                gpio_register_callback
 .text.gpio_enable_callback
                0x1000acd4       0x34 src/ASF/sam0/drivers/gpio/gpio.o
                0x1000acd4                gpio_enable_callback
 .text.gpio_disable_callback
                0x1000ad08       0x34 src/ASF/sam0/drivers/gpio/gpio.o
                0x1000ad08                gpio_disable_callback
 .text.gpio_init
                0x1000ad3c       0x64 src/ASF/sam0/drivers/gpio/gpio.o
                0x1000ad3c                gpio_init
 .text.i2c_master_get_config_defaults
                0x1000ada0       0x18 src/ASF/sam0/drivers/i2c/i2c_master.o
                0x1000ada0                i2c_master_get_config_defaults
 .text.i2c_master_init
                0x1000adb8       0xe0 src/ASF/sam0/drivers/i2c/i2c_master.o
                0x1000adb8                i2c_master_init
 .text.i2c_master_send_stop
                0x1000ae98       0x18 src/ASF/sam0/drivers/i2c/i2c_master.o
                0x1000ae98                i2c_master_send_stop
 .text.i2c_master_register_callback
                0x1000aeb0       0x14 src/ASF/sam0/drivers/i2c/i2c_master_interrupt.o
                0x1000aeb0                i2c_master_register_callback
 .text.i2c_master_read_packet_job
                0x1000aec4       0x50 src/ASF/sam0/drivers/i2c/i2c_master_interrupt.o
                0x1000aec4                i2c_master_read_packet_job
 .text.i2c_master_write_packet_job
                0x1000af14       0x44 src/ASF/sam0/drivers/i2c/i2c_master_interrupt.o
                0x1000af14                i2c_master_write_packet_job
 .text.i2c_master_write_packet_job_no_stop
                0x1000af58       0x44 src/ASF/sam0/drivers/i2c/i2c_master_interrupt.o
                0x1000af58                i2c_master_write_packet_job_no_stop
 .text._i2c_master_isr_handler
                0x1000af9c      0x16c src/ASF/sam0/drivers/i2c/i2c_master_interrupt.o
                0x1000af9c                _i2c_master_isr_handler
 .text.spi_slave_inst_get_config_defaults
                0x1000b108        0xc src/ASF/sam0/drivers/spi/spi.o
                0x1000b108                spi_slave_inst_get_config_defaults
 .text.spi_get_config_defaults
                0x1000b114       0x2c src/ASF/sam0/drivers/spi/spi.o
                0x1000b114                spi_get_config_defaults
 .text.spi_attach_slave
                0x1000b140       0x40 src/ASF/sam0/drivers/spi/spi.o
                0x1000b140                spi_attach_slave
 .text.spi_enable
                0x1000b180       0x38 src/ASF/sam0/drivers/spi/spi.o
                0x1000b180                spi_enable
 .text.spi_disable
                0x1000b1b8       0x78 src/ASF/sam0/drivers/spi/spi.o
                0x1000b1b8                spi_disable
 .text.spi_reset
                0x1000b230       0x40 src/ASF/sam0/drivers/spi/spi.o
                0x1000b230                spi_reset
 .text.spi_init
                0x1000b270      0x1c4 src/ASF/sam0/drivers/spi/spi.o
                0x1000b270                spi_init
 .text.spi_select_slave
                0x1000b434       0x20 src/ASF/sam0/drivers/spi/spi.o
                0x1000b434                spi_select_slave
 .text.spi_rx0_isr_handler
                0x1000b454      0x114 src/ASF/sam0/drivers/spi/spi_callback.o
                0x1000b454                spi_rx0_isr_handler
 .text.spi_tx0_isr_handler
                0x1000b568      0x100 src/ASF/sam0/drivers/spi/spi_callback.o
                0x1000b568                spi_tx0_isr_handler
 .text.spi_rx1_isr_handler
                0x1000b668      0x114 src/ASF/sam0/drivers/spi/spi_callback.o
                0x1000b668                spi_rx1_isr_handler
 .text.spi_tx1_isr_handler
                0x1000b77c      0x100 src/ASF/sam0/drivers/spi/spi_callback.o
                0x1000b77c                spi_tx1_isr_handler
 .text.spi_register_callback
                0x1000b87c       0x14 src/ASF/sam0/drivers/spi/spi_callback.o
                0x1000b87c                spi_register_callback
 .text.spi_enable_callback
                0x1000b890       0x10 src/ASF/sam0/drivers/spi/spi_callback.o
                0x1000b890                spi_enable_callback
 .text.spi_transceive_buffer_job
                0x1000b8a0       0x60 src/ASF/sam0/drivers/spi/spi_callback.o
                0x1000b8a0                spi_transceive_buffer_job
 .text.system_clock_config
                0x1000b900       0x84 src/ASF/sam0/drivers/system/system_sam_b.o
                0x1000b900                system_clock_config
 .text.system_clock_get_value
                0x1000b984        0xc src/ASF/sam0/drivers/system/system_sam_b.o
                0x1000b984                system_clock_get_value
 .text.system_clock_peripheral_enable
                0x1000b990      0x2f0 src/ASF/sam0/drivers/system/system_sam_b.o
                0x1000b990                system_clock_peripheral_enable
 .text.system_clock_peripheral_disable
                0x1000bc80      0x304 src/ASF/sam0/drivers/system/system_sam_b.o
                0x1000bc80                system_clock_peripheral_disable
 .text.system_peripheral_reset
                0x1000bf84      0x418 src/ASF/sam0/drivers/system/system_sam_b.o
                0x1000bf84                system_peripheral_reset
 .text.system_register_isr
                0x1000c39c       0x10 src/ASF/sam0/drivers/system/system_sam_b.o
                0x1000c39c                system_register_isr
 .text.uart_rx0_isr_handler
                0x1000c3ac       0x8c src/ASF/sam0/drivers/uart/uart.o
 .text.uart_tx0_isr_handler
                0x1000c438       0x94 src/ASF/sam0/drivers/uart/uart.o
 .text.uart_rx1_isr_handler
                0x1000c4cc       0x8c src/ASF/sam0/drivers/uart/uart.o
 .text.uart_tx1_isr_handler
                0x1000c558       0x94 src/ASF/sam0/drivers/uart/uart.o
 .text.uart_get_config_defaults
                0x1000c5ec       0x2c src/ASF/sam0/drivers/uart/uart.o
                0x1000c5ec                uart_get_config_defaults
 .text.uart_init
                0x1000c618      0x18c src/ASF/sam0/drivers/uart/uart.o
                0x1000c618                uart_init
 .text.uart_write_wait
                0x1000c7a4       0x10 src/ASF/sam0/drivers/uart/uart.o
                0x1000c7a4                uart_write_wait
 .text.uart_read_wait
                0x1000c7b4       0x14 src/ASF/sam0/drivers/uart/uart.o
                0x1000c7b4                uart_read_wait
 .text.uart_read_buffer_job
                0x1000c7c8       0x28 src/ASF/sam0/drivers/uart/uart.o
                0x1000c7c8                uart_read_buffer_job
 .text.uart_register_callback
                0x1000c7f0       0x14 src/ASF/sam0/drivers/uart/uart.o
                0x1000c7f0                uart_register_callback
 .text.uart_unregister_callback
                0x1000c804       0x18 src/ASF/sam0/drivers/uart/uart.o
                0x1000c804                uart_unregister_callback
 .text.uart_enable_callback
                0x1000c81c       0x20 src/ASF/sam0/drivers/uart/uart.o
                0x1000c81c                uart_enable_callback
 .text.uart_disable_callback
                0x1000c83c       0x20 src/ASF/sam0/drivers/uart/uart.o
                0x1000c83c                uart_disable_callback
 .text._read    0x1000c85c       0x40 src/ASF/sam0/utils/stdio/read.o
                0x1000c85c                _read
 .text._write   0x1000c89c       0x4c src/ASF/sam0/utils/stdio/write.o
                0x1000c89c                _write
 .text._sbrk    0x1000c8e8       0x1c src/ASF/sam0/utils/syscalls/gcc/syscalls.o
                0x1000c8e8                _sbrk
 .text._close   0x1000c904        0x8 src/ASF/sam0/utils/syscalls/gcc/syscalls.o
                0x1000c904                _close
 .text._fstat   0x1000c90c        0xc src/ASF/sam0/utils/syscalls/gcc/syscalls.o
                0x1000c90c                _fstat
 .text._isatty  0x1000c918        0x4 src/ASF/sam0/utils/syscalls/gcc/syscalls.o
                0x1000c918                _isatty
 .text._lseek   0x1000c91c        0x4 src/ASF/sam0/utils/syscalls/gcc/syscalls.o
                0x1000c91c                _lseek
 .text.ble_scan_report_handler
                0x1000c920        0xc src/ASF/thirdparty/wireless/ble_smart_sdk/ble_services/ble_mgr/ble_manager.o
                0x1000c920                ble_scan_report_handler
 .text.ble_characteristic_write_cmd_complete_handler
                0x1000c92c        0xc src/ASF/thirdparty/wireless/ble_smart_sdk/ble_services/ble_mgr/ble_manager.o
                0x1000c92c                ble_characteristic_write_cmd_complete_handler
 .text.ble_disconnected_state_handler
                0x1000c938       0x7c src/ASF/thirdparty/wireless/ble_smart_sdk/ble_services/ble_mgr/ble_manager.o
                0x1000c938                ble_disconnected_state_handler
 .text.ble_conn_param_update
                0x1000c9b4        0x4 src/ASF/thirdparty/wireless/ble_smart_sdk/ble_services/ble_mgr/ble_manager.o
                0x1000c9b4                ble_conn_param_update
 .text.ble_encryption_status_change_handler
                0x1000c9b8       0x6c src/ASF/thirdparty/wireless/ble_smart_sdk/ble_services/ble_mgr/ble_manager.o
                0x1000c9b8                ble_encryption_status_change_handler
 .text.ble_resolv_rand_addr_handler
                0x1000ca24       0xb4 src/ASF/thirdparty/wireless/ble_smart_sdk/ble_services/ble_mgr/ble_manager.o
                0x1000ca24                ble_resolv_rand_addr_handler
 .text.ble_conn_param_update_req
                0x1000cad8       0x18 src/ASF/thirdparty/wireless/ble_smart_sdk/ble_services/ble_mgr/ble_manager.o
                0x1000cad8                ble_conn_param_update_req
 .text.ble_slave_security_request_handler
                0x1000caf0      0x190 src/ASF/thirdparty/wireless/ble_smart_sdk/ble_services/ble_mgr/ble_manager.o
                0x1000caf0                ble_slave_security_request_handler
 .text.ble_pair_request_handler
                0x1000cc80      0x118 src/ASF/thirdparty/wireless/ble_smart_sdk/ble_services/ble_mgr/ble_manager.o
                0x1000cc80                ble_pair_request_handler
 .text.ble_encryption_request_handler
                0x1000cd98       0x8c src/ASF/thirdparty/wireless/ble_smart_sdk/ble_services/ble_mgr/ble_manager.o
                0x1000cd98                ble_encryption_request_handler
 .text.ble_scan_info_handler
                0x1000ce24       0x48 src/ASF/thirdparty/wireless/ble_smart_sdk/ble_services/ble_mgr/ble_manager.o
                0x1000ce24                ble_scan_info_handler
 .text.ble_pair_done_handler
                0x1000ce6c       0xa4 src/ASF/thirdparty/wireless/ble_smart_sdk/ble_services/ble_mgr/ble_manager.o
                0x1000ce6c                ble_pair_done_handler
 .text.ble_pair_key_request_handler
                0x1000cf10       0x84 src/ASF/thirdparty/wireless/ble_smart_sdk/ble_services/ble_mgr/ble_manager.o
                0x1000cf10                ble_pair_key_request_handler
 .text.ble_connected_state_handler
                0x1000cf94      0x1a0 src/ASF/thirdparty/wireless/ble_smart_sdk/ble_services/ble_mgr/ble_manager.o
                0x1000cf94                ble_connected_state_handler
 .text.ble_mtu_changed_indication_handler
                0x1000d134        0x4 src/ASF/thirdparty/wireless/ble_smart_sdk/ble_services/ble_mgr/ble_manager.o
                0x1000d134                ble_mtu_changed_indication_handler
 .text.ble_undefined_event_handler
                0x1000d138        0x4 src/ASF/thirdparty/wireless/ble_smart_sdk/ble_services/ble_mgr/ble_manager.o
                0x1000d138                ble_undefined_event_handler
 .text.ble_mtu_changed_cmd_complete_handler
                0x1000d13c        0xc src/ASF/thirdparty/wireless/ble_smart_sdk/ble_services/ble_mgr/ble_manager.o
                0x1000d13c                ble_mtu_changed_cmd_complete_handler
 .text.ble_device_init
                0x1000d148      0x1f0 src/ASF/thirdparty/wireless/ble_smart_sdk/ble_services/ble_mgr/ble_manager.o
                0x1000d148                ble_device_init
 .text.ble_mgr_events_callback_handler
                0x1000d338       0x94 src/ASF/thirdparty/wireless/ble_smart_sdk/ble_services/ble_mgr/ble_manager.o
                0x1000d338                ble_mgr_events_callback_handler
 .text.ble_event_manager
                0x1000d3cc       0xf8 src/ASF/thirdparty/wireless/ble_smart_sdk/ble_services/ble_mgr/ble_manager.o
                0x1000d3cc                ble_event_manager
 .text.ble_event_task
                0x1000d4c4       0x30 src/ASF/thirdparty/wireless/ble_smart_sdk/ble_services/ble_mgr/ble_manager.o
                0x1000d4c4                ble_event_task
 .text.ble_advertisement_data_set
                0x1000d4f4       0x50 src/ASF/thirdparty/wireless/ble_smart_sdk/ble_services/ble_mgr/ble_manager.o
                0x1000d4f4                ble_advertisement_data_set
 .text.register_ble_user_event_cb
                0x1000d544        0xc src/ASF/thirdparty/wireless/ble_smart_sdk/ble_services/ble_mgr/ble_manager.o
                0x1000d544                register_ble_user_event_cb
 .text.uart_read_complete_callback
                0x1000d550        0xc src/ASF/thirdparty/wireless/ble_smart_sdk/services/console_serial.o
 .text.usart_serial_getchar
                0x1000d55c       0x18 src/ASF/thirdparty/wireless/ble_smart_sdk/services/console_serial.o
 .text.usart_serial_putchar
                0x1000d574       0x18 src/ASF/thirdparty/wireless/ble_smart_sdk/services/console_serial.o
 .text.serial_console_init
                0x1000d58c       0x94 src/ASF/thirdparty/wireless/ble_smart_sdk/services/console_serial.o
                0x1000d58c                serial_console_init
 .text._time_start
                0x1000d620       0x5c src/ASF/thirdparty/wireless/ble_smart_sdk/services/console_serial.o
                0x1000d620                _time_start
 .text.getchar_b11_timeout
                0x1000d67c       0x94 src/ASF/thirdparty/wireless/ble_smart_sdk/services/console_serial.o
                0x1000d67c                getchar_b11_timeout
 .text.platform_event_post
                0x1000d710       0x3c src/ASF/thirdparty/wireless/ble_smart_sdk/src/event_handler.o
                0x1000d710                platform_event_post
 .text.platform_event_init
                0x1000d74c       0x30 src/ASF/thirdparty/wireless/ble_smart_sdk/src/event_handler.o
                0x1000d74c                platform_event_init
 .text.samb11_plf_resume_callback
                0x1000d77c       0x2c src/ASF/thirdparty/wireless/ble_smart_sdk/src/platform_drv.o
                0x1000d77c                samb11_plf_resume_callback
 .text.at_ke_msg_send
                0x1000d7a8       0x6c src/ASF/thirdparty/wireless/ble_smart_sdk/src/platform_drv.o
 .text.init_port_list
                0x1000d814       0x48 src/ASF/thirdparty/wireless/ble_smart_sdk/src/platform_drv.o
                0x1000d814                init_port_list
 .text.platform_driver_init
                0x1000d85c      0x22c src/ASF/thirdparty/wireless/ble_smart_sdk/src/platform_drv.o
                0x1000d85c                platform_driver_init
 .text.platform_register_ble_msg_handler
                0x1000da88       0x20 src/ASF/thirdparty/wireless/ble_smart_sdk/src/platform_drv.o
                0x1000da88                platform_register_ble_msg_handler
 .text.platform_interface_send
                0x1000daa8       0x4c src/ASF/thirdparty/wireless/ble_smart_sdk/src/platform_drv.o
                0x1000daa8                platform_interface_send
 .text.send_plf_int_msg_ind
                0x1000daf4       0x58 src/ASF/thirdparty/wireless/ble_smart_sdk/src/platform_drv.o
                0x1000daf4                send_plf_int_msg_ind
 .text.platform_event_wait
                0x1000db4c      0x27c src/ASF/thirdparty/wireless/ble_smart_sdk/src/platform_drv.o
                0x1000db4c                platform_event_wait
 .text.acquire_sleep_lock
                0x1000ddc8       0x70 src/ASF/thirdparty/wireless/ble_smart_sdk/src/platform_drv.o
                0x1000ddc8                acquire_sleep_lock
 .text.release_sleep_lock
                0x1000de38       0x14 src/ASF/thirdparty/wireless/ble_smart_sdk/src/platform_drv.o
                0x1000de38                release_sleep_lock
 .text.register_resume_callback
                0x1000de4c       0x14 src/ASF/thirdparty/wireless/ble_smart_sdk/src/platform_drv.o
                0x1000de4c                register_resume_callback
 .text.gpio1_combined_isr_handler
                0x1000de60       0x60 src/ASF/thirdparty/wireless/ble_smart_sdk/src/port_from_sdk.o
                0x1000de60                gpio1_combined_isr_handler
 .text.gpio0_combined_isr_handler
                0x1000dec0       0x60 src/ASF/thirdparty/wireless/ble_smart_sdk/src/port_from_sdk.o
                0x1000dec0                gpio0_combined_isr_handler
 .text.PORT1_COMB_Handler
                0x1000df20       0x40 src/ASF/thirdparty/wireless/ble_smart_sdk/src/port_from_sdk.o
                0x1000df20                PORT1_COMB_Handler
 .text.internal_event_post
                0x1000df60       0x3c ../src/ASF/thirdparty/wireless/ble_smart_sdk/lib/cm0/gcc\libblusdk.a(event.o)
                0x1000df60                internal_event_post
 .text.internal_event_init
                0x1000df9c       0x30 ../src/ASF/thirdparty/wireless/ble_smart_sdk/lib/cm0/gcc\libblusdk.a(event.o)
                0x1000df9c                internal_event_init
 .text.special_events_handler
                0x1000dfcc       0x90 ../src/ASF/thirdparty/wireless/ble_smart_sdk/lib/cm0/gcc\libblusdk.a(event.o)
                0x1000dfcc                special_events_handler
 .text.at_ble_event_get
                0x1000e05c      0x628 ../src/ASF/thirdparty/wireless/ble_smart_sdk/lib/cm0/gcc\libblusdk.a(event.o)
                0x1000e05c                at_ble_event_get
 .text.internal_event_flush
                0x1000e684       0x44 ../src/ASF/thirdparty/wireless/ble_smart_sdk/lib/cm0/gcc\libblusdk.a(event.o)
                0x1000e684                internal_event_flush
 .text.internal_conn_flush
                0x1000e6c8       0x54 ../src/ASF/thirdparty/wireless/ble_smart_sdk/lib/cm0/gcc\libblusdk.a(event.o)
                0x1000e6c8                internal_conn_flush
 .text.at_ble_device_name_set
                0x1000e71c       0x34 ../src/ASF/thirdparty/wireless/ble_smart_sdk/lib/cm0/gcc\libblusdk.a(gap.o)
                0x1000e71c                at_ble_device_name_set
 .text.at_ble_addr_get
                0x1000e750       0x24 ../src/ASF/thirdparty/wireless/ble_smart_sdk/lib/cm0/gcc\libblusdk.a(gap.o)
                0x1000e750                at_ble_addr_get
 .text.at_ble_set_dev_config
                0x1000e774       0x90 ../src/ASF/thirdparty/wireless/ble_smart_sdk/lib/cm0/gcc\libblusdk.a(gap.o)
                0x1000e774                at_ble_set_dev_config
 .text.at_ble_init
                0x1000e804      0x198 ../src/ASF/thirdparty/wireless/ble_smart_sdk/lib/cm0/gcc\libblusdk.a(gap.o)
                0x1000e804                at_ble_init
 .text.at_ble_addr_set
                0x1000e99c       0x54 ../src/ASF/thirdparty/wireless/ble_smart_sdk/lib/cm0/gcc\libblusdk.a(gap.o)
                0x1000e99c                at_ble_addr_set
 .text.at_ble_adv_data_set
                0x1000e9f0       0x84 ../src/ASF/thirdparty/wireless/ble_smart_sdk/lib/cm0/gcc\libblusdk.a(gap.o)
                0x1000e9f0                at_ble_adv_data_set
 .text.at_ble_adv_start
                0x1000ea74      0x13c ../src/ASF/thirdparty/wireless/ble_smart_sdk/lib/cm0/gcc\libblusdk.a(gap.o)
                0x1000ea74                at_ble_adv_start
 .text.at_ble_scan_stop
                0x1000ebb0       0x20 ../src/ASF/thirdparty/wireless/ble_smart_sdk/lib/cm0/gcc\libblusdk.a(gap.o)
                0x1000ebb0                at_ble_scan_stop
 .text.at_ble_disconnect
                0x1000ebd0       0x20 ../src/ASF/thirdparty/wireless/ble_smart_sdk/lib/cm0/gcc\libblusdk.a(gap.o)
                0x1000ebd0                at_ble_disconnect
 .text.at_ble_conn_update_reply
                0x1000ebf0        0xc ../src/ASF/thirdparty/wireless/ble_smart_sdk/lib/cm0/gcc\libblusdk.a(gap.o)
                0x1000ebf0                at_ble_conn_update_reply
 .text.at_ble_random_address_resolve
                0x1000ebfc       0x28 ../src/ASF/thirdparty/wireless/ble_smart_sdk/lib/cm0/gcc\libblusdk.a(gap.o)
                0x1000ebfc                at_ble_random_address_resolve
 .text.at_ble_uuid_type2len
                0x1000ec24       0x14 ../src/ASF/thirdparty/wireless/ble_smart_sdk/lib/cm0/gcc\libblusdk.a(gap.o)
                0x1000ec24                at_ble_uuid_type2len
 .text.at_ble_uuid_len2type
                0x1000ec38       0x14 ../src/ASF/thirdparty/wireless/ble_smart_sdk/lib/cm0/gcc\libblusdk.a(gap.o)
                0x1000ec38                at_ble_uuid_len2type
 .text.init_gatt_client_module
                0x1000ec4c        0xc ../src/ASF/thirdparty/wireless/ble_smart_sdk/lib/cm0/gcc\libblusdk.a(gatt_client.o)
                0x1000ec4c                init_gatt_client_module
 .text.db_searchATT
                0x1000ec58       0x40 ../src/ASF/thirdparty/wireless/ble_smart_sdk/lib/cm0/gcc\libblusdk.a(gatt_server.o)
 .text.att_permissions
                0x1000ec98       0x58 ../src/ASF/thirdparty/wireless/ble_smart_sdk/lib/cm0/gcc\libblusdk.a(gatt_server.o)
 .text.char_permissions
                0x1000ecf0       0x9c ../src/ASF/thirdparty/wireless/ble_smart_sdk/lib/cm0/gcc\libblusdk.a(gatt_server.o)
 .text.presentation_format_define
                0x1000ed8c       0x2c ../src/ASF/thirdparty/wireless/ble_smart_sdk/lib/cm0/gcc\libblusdk.a(gatt_server.o)
 .text.db_addATT
                0x1000edb8       0xb8 ../src/ASF/thirdparty/wireless/ble_smart_sdk/lib/cm0/gcc\libblusdk.a(gatt_server.o)
 .text.user_description_define
                0x1000ee70       0x50 ../src/ASF/thirdparty/wireless/ble_smart_sdk/lib/cm0/gcc\libblusdk.a(gatt_server.o)
 .text.at_ble_read_authorize_reply.part.2
                0x1000eec0       0x30 ../src/ASF/thirdparty/wireless/ble_smart_sdk/lib/cm0/gcc\libblusdk.a(gatt_server.o)
 .text.internal_at_ble_service_define.part.1
                0x1000eef0      0x398 ../src/ASF/thirdparty/wireless/ble_smart_sdk/lib/cm0/gcc\libblusdk.a(gatt_server.o)
 .text.initi_gatt_server_module
                0x1000f288       0x34 ../src/ASF/thirdparty/wireless/ble_smart_sdk/lib/cm0/gcc\libblusdk.a(gatt_server.o)
                0x1000f288                initi_gatt_server_module
 .text.db_init  0x1000f2bc       0x44 ../src/ASF/thirdparty/wireless/ble_smart_sdk/lib/cm0/gcc\libblusdk.a(gatt_server.o)
                0x1000f2bc                db_init
 .text.at_ble_primary_service_define
                0x1000f300       0x34 ../src/ASF/thirdparty/wireless/ble_smart_sdk/lib/cm0/gcc\libblusdk.a(gatt_server.o)
                0x1000f300                at_ble_primary_service_define
 .text.at_ble_characteristic_value_set
                0x1000f334       0x3c ../src/ASF/thirdparty/wireless/ble_smart_sdk/lib/cm0/gcc\libblusdk.a(gatt_server.o)
                0x1000f334                at_ble_characteristic_value_set
 .text.at_ble_characteristic_value_get
                0x1000f370       0x40 ../src/ASF/thirdparty/wireless/ble_smart_sdk/lib/cm0/gcc\libblusdk.a(gatt_server.o)
                0x1000f370                at_ble_characteristic_value_get
 .text.at_ble_write_authorize_reply
                0x1000f3b0       0x88 ../src/ASF/thirdparty/wireless/ble_smart_sdk/lib/cm0/gcc\libblusdk.a(gatt_server.o)
                0x1000f3b0                at_ble_write_authorize_reply
 .text.gatts_handle_read_req
                0x1000f438       0x30 ../src/ASF/thirdparty/wireless/ble_smart_sdk/lib/cm0/gcc\libblusdk.a(gatt_server.o)
                0x1000f438                gatts_handle_read_req
 .text.gatts_handle_att_info_req
                0x1000f468       0x3c ../src/ASF/thirdparty/wireless/ble_smart_sdk/lib/cm0/gcc\libblusdk.a(gatt_server.o)
                0x1000f468                gatts_handle_att_info_req
 .text.gatts_handle_write_req
                0x1000f4a4       0x30 ../src/ASF/thirdparty/wireless/ble_smart_sdk/lib/cm0/gcc\libblusdk.a(gatt_server.o)
                0x1000f4a4                gatts_handle_write_req
 .text.at_ble_notification_send
                0x1000f4d4       0x74 ../src/ASF/thirdparty/wireless/ble_smart_sdk/lib/cm0/gcc\libblusdk.a(gatt_server.o)
                0x1000f4d4                at_ble_notification_send
 .text.init_l2cc_task_module
                0x1000f548        0xc ../src/ASF/thirdparty/wireless/ble_smart_sdk/lib/cm0/gcc\libblusdk.a(l2cc_task.o)
                0x1000f548                init_l2cc_task_module
 .text.l2cc_data_send_rsp_handler
                0x1000f554       0x2c ../src/ASF/thirdparty/wireless/ble_smart_sdk/lib/cm0/gcc\libblusdk.a(l2cc_task.o)
                0x1000f554                l2cc_data_send_rsp_handler
 .text.l2cc_data_received_handler
                0x1000f580       0x30 ../src/ASF/thirdparty/wireless/ble_smart_sdk/lib/cm0/gcc\libblusdk.a(l2cc_task.o)
                0x1000f580                l2cc_data_received_handler
 .text.at_ble_authenticate
                0x1000f5b0      0x130 ../src/ASF/thirdparty/wireless/ble_smart_sdk/lib/cm0/gcc\libblusdk.a(security.o)
                0x1000f5b0                at_ble_authenticate
 .text.at_ble_pair_key_reply
                0x1000f6e0       0x7c ../src/ASF/thirdparty/wireless/ble_smart_sdk/lib/cm0/gcc\libblusdk.a(security.o)
                0x1000f6e0                at_ble_pair_key_reply
 .text.at_ble_send_slave_sec_request
                0x1000f75c       0x40 ../src/ASF/thirdparty/wireless/ble_smart_sdk/lib/cm0/gcc\libblusdk.a(security.o)
                0x1000f75c                at_ble_send_slave_sec_request
 .text.at_ble_encryption_start
                0x1000f79c       0x78 ../src/ASF/thirdparty/wireless/ble_smart_sdk/lib/cm0/gcc\libblusdk.a(security.o)
                0x1000f79c                at_ble_encryption_start
 .text.at_ble_encryption_request_reply
                0x1000f814       0x34 ../src/ASF/thirdparty/wireless/ble_smart_sdk/lib/cm0/gcc\libblusdk.a(security.o)
                0x1000f814                at_ble_encryption_request_reply
 .text.rx_callback
                0x1000f848       0x88 ../src/ASF/thirdparty/wireless/ble_smart_sdk/lib/cm0/gcc\libblusdk.a(interface.o)
                0x1000f848                rx_callback
 .text.interface_send
                0x1000f8d0       0x10 ../src/ASF/thirdparty/wireless/ble_smart_sdk/lib/cm0/gcc\libblusdk.a(interface.o)
                0x1000f8d0                interface_send
 .text.interface_init
                0x1000f8e0       0x40 ../src/ASF/thirdparty/wireless/ble_smart_sdk/lib/cm0/gcc\libblusdk.a(interface.o)
                0x1000f8e0                interface_init
 .text.platform_cmd_cmpl_signal
                0x1000f920        0xc ../src/ASF/thirdparty/wireless/ble_smart_sdk/lib/cm0/gcc\libblusdk.a(interface.o)
                0x1000f920                platform_cmd_cmpl_signal
 .text.platform_cmd_cmpl_wait
                0x1000f92c       0x2c ../src/ASF/thirdparty/wireless/ble_smart_sdk/lib/cm0/gcc\libblusdk.a(interface.o)
                0x1000f92c                platform_cmd_cmpl_wait
 .text.start_timer
                0x1000f958        0x2 ../src/ASF/thirdparty/wireless/ble_smart_sdk/lib/cm0/gcc\libblusdk.a(interface.o)
                0x1000f958                start_timer
 .text.stop_timer
                0x1000f95a        0x2 ../src/ASF/thirdparty/wireless/ble_smart_sdk/lib/cm0/gcc\libblusdk.a(interface.o)
                0x1000f95a                stop_timer
 .text.dbg_le_set_bd_addr_req_handler
                0x1000f95c       0x7c ../src/ASF/thirdparty/wireless/ble_smart_sdk/lib/cm0/gcc\libblusdk.a(dbg_task.o)
                0x1000f95c                dbg_le_set_bd_addr_req_handler
 .text.gapc_get_dev_info_cfm.constprop.1
                0x1000f9d8       0xc0 ../src/ASF/thirdparty/wireless/ble_smart_sdk/lib/cm0/gcc\libblusdk.a(gapc_task.o)
 .text.check_ConnData_idx_role
                0x1000fa98       0x3c ../src/ASF/thirdparty/wireless/ble_smart_sdk/lib/cm0/gcc\libblusdk.a(gapc_task.o)
                0x1000fa98                check_ConnData_idx_role
 .text.check_ConnData_emptyEntry
                0x1000fad4       0x28 ../src/ASF/thirdparty/wireless/ble_smart_sdk/lib/cm0/gcc\libblusdk.a(gapc_task.o)
                0x1000fad4                check_ConnData_emptyEntry
 .text.gapc_cmp_evt
                0x1000fafc       0xd0 ../src/ASF/thirdparty/wireless/ble_smart_sdk/lib/cm0/gcc\libblusdk.a(gapc_task.o)
                0x1000fafc                gapc_cmp_evt
 .text.gapc_connection_cfm_handler
                0x1000fbcc       0xc4 ../src/ASF/thirdparty/wireless/ble_smart_sdk/lib/cm0/gcc\libblusdk.a(gapc_task.o)
                0x1000fbcc                gapc_connection_cfm_handler
 .text.gapc_con_req_ind
                0x1000fc90       0xe0 ../src/ASF/thirdparty/wireless/ble_smart_sdk/lib/cm0/gcc\libblusdk.a(gapc_task.o)
                0x1000fc90                gapc_con_req_ind
 .text.gapc_disconnect_cmd_handler
                0x1000fd70       0x44 ../src/ASF/thirdparty/wireless/ble_smart_sdk/lib/cm0/gcc\libblusdk.a(gapc_task.o)
                0x1000fd70                gapc_disconnect_cmd_handler
 .text.gapc_disconnect_ind
                0x1000fdb4       0x34 ../src/ASF/thirdparty/wireless/ble_smart_sdk/lib/cm0/gcc\libblusdk.a(gapc_task.o)
                0x1000fdb4                gapc_disconnect_ind
 .text.gapc_bond_cmd_handler
                0x1000fde8       0x68 ../src/ASF/thirdparty/wireless/ble_smart_sdk/lib/cm0/gcc\libblusdk.a(gapc_task.o)
                0x1000fde8                gapc_bond_cmd_handler
 .text.gapc_bond_ind
                0x1000fe50       0xd8 ../src/ASF/thirdparty/wireless/ble_smart_sdk/lib/cm0/gcc\libblusdk.a(gapc_task.o)
                0x1000fe50                gapc_bond_ind
 .text.gapc_bond_req_ind
                0x1000ff28       0xe0 ../src/ASF/thirdparty/wireless/ble_smart_sdk/lib/cm0/gcc\libblusdk.a(gapc_task.o)
                0x1000ff28                gapc_bond_req_ind
 .text.gapc_bond_cfm_handler_pair_resp
                0x10010008       0x7c ../src/ASF/thirdparty/wireless/ble_smart_sdk/lib/cm0/gcc\libblusdk.a(gapc_task.o)
                0x10010008                gapc_bond_cfm_handler_pair_resp
 .text.gapc_bond_cfm_handler_key_exch
                0x10010084       0x50 ../src/ASF/thirdparty/wireless/ble_smart_sdk/lib/cm0/gcc\libblusdk.a(gapc_task.o)
                0x10010084                gapc_bond_cfm_handler_key_exch
 .text.gapc_security_cmd_handler
                0x100100d4       0x40 ../src/ASF/thirdparty/wireless/ble_smart_sdk/lib/cm0/gcc\libblusdk.a(gapc_task.o)
                0x100100d4                gapc_security_cmd_handler
 .text.gapc_encrypt_cmd_handler
                0x10010114       0x9c ../src/ASF/thirdparty/wireless/ble_smart_sdk/lib/cm0/gcc\libblusdk.a(gapc_task.o)
                0x10010114                gapc_encrypt_cmd_handler
 .text.gapc_encrypt_req_ind
                0x100101b0       0x20 ../src/ASF/thirdparty/wireless/ble_smart_sdk/lib/cm0/gcc\libblusdk.a(gapc_task.o)
                0x100101b0                gapc_encrypt_req_ind
 .text.gapc_encrypt_cfm_handler
                0x100101d0       0x80 ../src/ASF/thirdparty/wireless/ble_smart_sdk/lib/cm0/gcc\libblusdk.a(gapc_task.o)
                0x100101d0                gapc_encrypt_cfm_handler
 .text.gapc_encrypt_ind
                0x10010250        0xe ../src/ASF/thirdparty/wireless/ble_smart_sdk/lib/cm0/gcc\libblusdk.a(gapc_task.o)
                0x10010250                gapc_encrypt_ind
 *fill*         0x1001025e        0x2 
 .text.gapc_param_update_cfm_handler
                0x10010260       0x4c ../src/ASF/thirdparty/wireless/ble_smart_sdk/lib/cm0/gcc\libblusdk.a(gapc_task.o)
                0x10010260                gapc_param_update_cfm_handler
 .text.gapc_param_updated_ind
                0x100102ac       0x2a ../src/ASF/thirdparty/wireless/ble_smart_sdk/lib/cm0/gcc\libblusdk.a(gapc_task.o)
                0x100102ac                gapc_param_updated_ind
 .text.gapc_param_updated_req_ind
                0x100102d6       0x30 ../src/ASF/thirdparty/wireless/ble_smart_sdk/lib/cm0/gcc\libblusdk.a(gapc_task.o)
                0x100102d6                gapc_param_updated_req_ind
 *fill*         0x10010306        0x2 
 .text.gapc_dev_info_req_ind_handler
                0x10010308       0x28 ../src/ASF/thirdparty/wireless/ble_smart_sdk/lib/cm0/gcc\libblusdk.a(gapc_task.o)
                0x10010308                gapc_dev_info_req_ind_handler
 .text.gapc_sec_req_ind
                0x10010330       0x16 ../src/ASF/thirdparty/wireless/ble_smart_sdk/lib/cm0/gcc\libblusdk.a(gapc_task.o)
                0x10010330                gapc_sec_req_ind
 .text.gapc_sign_counter_ind_handler
                0x10010346       0x34 ../src/ASF/thirdparty/wireless/ble_smart_sdk/lib/cm0/gcc\libblusdk.a(gapc_task.o)
                0x10010346                gapc_sign_counter_ind_handler
 *fill*         0x1001037a        0x2 
 .text.gapc_peer_att_info_ind_handler
                0x1001037c       0x7c ../src/ASF/thirdparty/wireless/ble_smart_sdk/lib/cm0/gcc\libblusdk.a(gapc_task.o)
                0x1001037c                gapc_peer_att_info_ind_handler
 .text.gapc_con_channel_map_ind_handler
                0x100103f8       0x18 ../src/ASF/thirdparty/wireless/ble_smart_sdk/lib/cm0/gcc\libblusdk.a(gapc_task.o)
                0x100103f8                gapc_con_channel_map_ind_handler
 .text.gapc_lecb_connected
                0x10010410       0x2e ../src/ASF/thirdparty/wireless/ble_smart_sdk/lib/cm0/gcc\libblusdk.a(gapc_task.o)
                0x10010410                gapc_lecb_connected
 .text.gapc_lecb_disconnected
                0x1001043e       0x16 ../src/ASF/thirdparty/wireless/ble_smart_sdk/lib/cm0/gcc\libblusdk.a(gapc_task.o)
                0x1001043e                gapc_lecb_disconnected
 .text.gapc_lecb_connect_req_ind
                0x10010454       0x2a ../src/ASF/thirdparty/wireless/ble_smart_sdk/lib/cm0/gcc\libblusdk.a(gapc_task.o)
                0x10010454                gapc_lecb_connect_req_ind
 .text.gapc_lecb_add_credit_resp_handler
                0x1001047e       0x20 ../src/ASF/thirdparty/wireless/ble_smart_sdk/lib/cm0/gcc\libblusdk.a(gapc_task.o)
                0x1001047e                gapc_lecb_add_credit_resp_handler
 *fill*         0x1001049e        0x2 
 .text.gapm_reset_req_handler
                0x100104a0       0x70 ../src/ASF/thirdparty/wireless/ble_smart_sdk/lib/cm0/gcc\libblusdk.a(gapm_task.o)
                0x100104a0                gapm_reset_req_handler
 .text.gapm_set_dev_config_cmd_handler
                0x10010510      0x108 ../src/ASF/thirdparty/wireless/ble_smart_sdk/lib/cm0/gcc\libblusdk.a(gapm_task.o)
                0x10010510                gapm_set_dev_config_cmd_handler
 .text.gapm_get_dev_config_cmd_handler
                0x10010618       0xe0 ../src/ASF/thirdparty/wireless/ble_smart_sdk/lib/cm0/gcc\libblusdk.a(gapm_task.o)
                0x10010618                gapm_get_dev_config_cmd_handler
 .text.gapm_cancel_cmd_handler
                0x100106f8       0x70 ../src/ASF/thirdparty/wireless/ble_smart_sdk/lib/cm0/gcc\libblusdk.a(gapm_task.o)
                0x100106f8                gapm_cancel_cmd_handler
 .text.gapm_dev_bdaddr_ind_handler
                0x10010768       0x1c ../src/ASF/thirdparty/wireless/ble_smart_sdk/lib/cm0/gcc\libblusdk.a(gapm_task.o)
                0x10010768                gapm_dev_bdaddr_ind_handler
 .text.gapm_cmp_evt
                0x10010784      0x148 ../src/ASF/thirdparty/wireless/ble_smart_sdk/lib/cm0/gcc\libblusdk.a(gapm_task.o)
                0x10010784                gapm_cmp_evt
 .text.gapm_start_adv_cmd_handler
                0x100108cc      0x120 ../src/ASF/thirdparty/wireless/ble_smart_sdk/lib/cm0/gcc\libblusdk.a(gapm_task.o)
                0x100108cc                gapm_start_adv_cmd_handler
 .text.get_gap_local_addr_type
                0x100109ec       0x18 ../src/ASF/thirdparty/wireless/ble_smart_sdk/lib/cm0/gcc\libblusdk.a(gapm_task.o)
                0x100109ec                get_gap_local_addr_type
 .text.gapm_adv_report_evt_handler
                0x10010a04       0x88 ../src/ASF/thirdparty/wireless/ble_smart_sdk/lib/cm0/gcc\libblusdk.a(gapm_task.o)
                0x10010a04                gapm_adv_report_evt_handler
 .text.gapm_resolv_addr_cmd_handler
                0x10010a8c       0x68 ../src/ASF/thirdparty/wireless/ble_smart_sdk/lib/cm0/gcc\libblusdk.a(gapm_task.o)
                0x10010a8c                gapm_resolv_addr_cmd_handler
 .text.gapm_addr_solved_ind_handler
                0x10010af4       0x24 ../src/ASF/thirdparty/wireless/ble_smart_sdk/lib/cm0/gcc\libblusdk.a(gapm_task.o)
                0x10010af4                gapm_addr_solved_ind_handler
 .text.gapm_profile_added_ind_handler
                0x10010b18       0x20 ../src/ASF/thirdparty/wireless/ble_smart_sdk/lib/cm0/gcc\libblusdk.a(gapm_task.o)
                0x10010b18                gapm_profile_added_ind_handler
 .text.gattc_read_req_ind_parser
                0x10010b38        0xc ../src/ASF/thirdparty/wireless/ble_smart_sdk/lib/cm0/gcc\libblusdk.a(gattc_task.o)
                0x10010b38                gattc_read_req_ind_parser
 .text.gattc_write_req_ind_parser
                0x10010b44       0x38 ../src/ASF/thirdparty/wireless/ble_smart_sdk/lib/cm0/gcc\libblusdk.a(gattc_task.o)
                0x10010b44                gattc_write_req_ind_parser
 .text.gattc_att_info_req_parser
                0x10010b7c        0xc ../src/ASF/thirdparty/wireless/ble_smart_sdk/lib/cm0/gcc\libblusdk.a(gattc_task.o)
                0x10010b7c                gattc_att_info_req_parser
 .text.gattc_read_cfm
                0x10010b88       0x6c ../src/ASF/thirdparty/wireless/ble_smart_sdk/lib/cm0/gcc\libblusdk.a(gattc_task.o)
                0x10010b88                gattc_read_cfm
 .text.gattc_write_cfm
                0x10010bf4       0x44 ../src/ASF/thirdparty/wireless/ble_smart_sdk/lib/cm0/gcc\libblusdk.a(gattc_task.o)
                0x10010bf4                gattc_write_cfm
 .text.gattc_att_info_cfm
                0x10010c38       0x48 ../src/ASF/thirdparty/wireless/ble_smart_sdk/lib/cm0/gcc\libblusdk.a(gattc_task.o)
                0x10010c38                gattc_att_info_cfm
 .text.gattc_send_evt_cmd_handler
                0x10010c80       0x78 ../src/ASF/thirdparty/wireless/ble_smart_sdk/lib/cm0/gcc\libblusdk.a(gattc_task.o)
                0x10010c80                gattc_send_evt_cmd_handler
 .text.gattc_event_cfm_handler
                0x10010cf8       0x40 ../src/ASF/thirdparty/wireless/ble_smart_sdk/lib/cm0/gcc\libblusdk.a(gattc_task.o)
                0x10010cf8                gattc_event_cfm_handler
 .text.gattc_disc_svc_ind_parser
                0x10010d38       0x3c ../src/ASF/thirdparty/wireless/ble_smart_sdk/lib/cm0/gcc\libblusdk.a(gattc_task.o)
                0x10010d38                gattc_disc_svc_ind_parser
 .text.gattc_disc_svc_incl_ind_parser
                0x10010d74       0x48 ../src/ASF/thirdparty/wireless/ble_smart_sdk/lib/cm0/gcc\libblusdk.a(gattc_task.o)
                0x10010d74                gattc_disc_svc_incl_ind_parser
 .text.gattc_disc_char_ind_parser
                0x10010dbc       0x44 ../src/ASF/thirdparty/wireless/ble_smart_sdk/lib/cm0/gcc\libblusdk.a(gattc_task.o)
                0x10010dbc                gattc_disc_char_ind_parser
 .text.gattc_disc_char_desc_ind_parser
                0x10010e00       0x34 ../src/ASF/thirdparty/wireless/ble_smart_sdk/lib/cm0/gcc\libblusdk.a(gattc_task.o)
                0x10010e00                gattc_disc_char_desc_ind_parser
 .text.gattc_event_ind_and_notification_parser
                0x10010e34       0x54 ../src/ASF/thirdparty/wireless/ble_smart_sdk/lib/cm0/gcc\libblusdk.a(gattc_task.o)
                0x10010e34                gattc_event_ind_and_notification_parser
 .text.gattc_complete_evt_handler
                0x10010e88       0x78 ../src/ASF/thirdparty/wireless/ble_smart_sdk/lib/cm0/gcc\libblusdk.a(gattc_task.o)
                0x10010e88                gattc_complete_evt_handler
 .text.gattc_event_mtu_changed_ind_parser
                0x10010f00       0x10 ../src/ASF/thirdparty/wireless/ble_smart_sdk/lib/cm0/gcc\libblusdk.a(gattc_task.o)
                0x10010f00                gattc_event_mtu_changed_ind_parser
 .text.gattc_read_ind_parser
                0x10010f10       0x40 ../src/ASF/thirdparty/wireless/ble_smart_sdk/lib/cm0/gcc\libblusdk.a(gattc_task.o)
                0x10010f10                gattc_read_ind_parser
 .text.gattc_svc_changed_cfg_ind_parser
                0x10010f50       0x10 ../src/ASF/thirdparty/wireless/ble_smart_sdk/lib/cm0/gcc\libblusdk.a(gattc_task.o)
                0x10010f50                gattc_svc_changed_cfg_ind_parser
 .text.init_gattc_task_module
                0x10010f60       0x14 ../src/ASF/thirdparty/wireless/ble_smart_sdk/lib/cm0/gcc\libblusdk.a(gattc_task.o)
                0x10010f60                init_gattc_task_module
 .text.gattm_add_svc_req_handler
                0x10010f74      0x10c ../src/ASF/thirdparty/wireless/ble_smart_sdk/lib/cm0/gcc\libblusdk.a(gattm_task.o)
                0x10010f74                gattm_add_svc_req_handler
 .text.gattm_add_attribute_req_handler
                0x10011080       0x70 ../src/ASF/thirdparty/wireless/ble_smart_sdk/lib/cm0/gcc\libblusdk.a(gattm_task.o)
                0x10011080                gattm_add_attribute_req_handler
 .text.gattm_att_set_value_req_handler
                0x100110f0       0x8c ../src/ASF/thirdparty/wireless/ble_smart_sdk/lib/cm0/gcc\libblusdk.a(gattm_task.o)
                0x100110f0                gattm_att_set_value_req_handler
 .text.gattm_att_get_value_req_handler
                0x1001117c       0x9c ../src/ASF/thirdparty/wireless/ble_smart_sdk/lib/cm0/gcc\libblusdk.a(gattm_task.o)
                0x1001117c                gattm_att_get_value_req_handler
 .text.htpt_enable_rsp_handler
                0x10011218        0xa ../src/ASF/thirdparty/wireless/ble_smart_sdk/lib/cm0/gcc\libblusdk.a(htpt_task.o)
                0x10011218                htpt_enable_rsp_handler
 .text.htpt_temp_send_rsp_handler
                0x10011222        0x6 ../src/ASF/thirdparty/wireless/ble_smart_sdk/lib/cm0/gcc\libblusdk.a(htpt_task.o)
                0x10011222                htpt_temp_send_rsp_handler
 .text.htpt_meas_intv_upd_rsp_handler
                0x10011228        0x6 ../src/ASF/thirdparty/wireless/ble_smart_sdk/lib/cm0/gcc\libblusdk.a(htpt_task.o)
                0x10011228                htpt_meas_intv_upd_rsp_handler
 .text.htpt_meas_intv_chg_req_ind_handler
                0x1001122e        0xc ../src/ASF/thirdparty/wireless/ble_smart_sdk/lib/cm0/gcc\libblusdk.a(htpt_task.o)
                0x1001122e                htpt_meas_intv_chg_req_ind_handler
 .text.htpt_cfg_indntf_ind_handler
                0x1001123a        0xa ../src/ASF/thirdparty/wireless/ble_smart_sdk/lib/cm0/gcc\libblusdk.a(htpt_task.o)
                0x1001123a                htpt_cfg_indntf_ind_handler
 .text          0x10011244       0x14 c:/program files (x86)/atmel/studio/7.0/toolchain/arm/arm-gnu-toolchain/bin/../lib/gcc/arm-none-eabi/5.3.1/armv6-m\libgcc.a(_thumb1_case_sqi.o)
                0x10011244                __gnu_thumb1_case_sqi
 .text          0x10011258       0x14 c:/program files (x86)/atmel/studio/7.0/toolchain/arm/arm-gnu-toolchain/bin/../lib/gcc/arm-none-eabi/5.3.1/armv6-m\libgcc.a(_thumb1_case_uqi.o)
                0x10011258                __gnu_thumb1_case_uqi
 .text          0x1001126c      0x114 c:/program files (x86)/atmel/studio/7.0/toolchain/arm/arm-gnu-toolchain/bin/../lib/gcc/arm-none-eabi/5.3.1/armv6-m\libgcc.a(_udivsi3.o)
                0x1001126c                __aeabi_uidiv
                0x1001126c                __udivsi3
                0x10011378                __aeabi_uidivmod
 .text          0x10011380      0x1d4 c:/program files (x86)/atmel/studio/7.0/toolchain/arm/arm-gnu-toolchain/bin/../lib/gcc/arm-none-eabi/5.3.1/armv6-m\libgcc.a(_divsi3.o)
                0x10011380                __divsi3
                0x10011380                __aeabi_idiv
                0x1001154c                __aeabi_idivmod
 .text          0x10011554        0x4 c:/program files (x86)/atmel/studio/7.0/toolchain/arm/arm-gnu-toolchain/bin/../lib/gcc/arm-none-eabi/5.3.1/armv6-m\libgcc.a(_dvmd_tls.o)
                0x10011554                __aeabi_idiv0
                0x10011554                __aeabi_ldiv0
 .text          0x10011558       0x7c c:/program files (x86)/atmel/studio/7.0/toolchain/arm/arm-gnu-toolchain/bin/../lib/gcc/arm-none-eabi/5.3.1/armv6-m\libgcc.a(_arm_cmpdf2.o)
                0x10011558                __aeabi_cdrcmple
                0x10011568                __aeabi_cdcmple
                0x10011568                __aeabi_cdcmpeq
                0x10011578                __aeabi_dcmpeq
                0x10011584                __aeabi_dcmplt
                0x10011598                __aeabi_dcmple
                0x100115ac                __aeabi_dcmpgt
                0x100115c0                __aeabi_dcmpge
 .text          0x100115d4       0x74 c:/program files (x86)/atmel/studio/7.0/toolchain/arm/arm-gnu-toolchain/bin/../lib/gcc/arm-none-eabi/5.3.1/armv6-m\libgcc.a(_arm_cmpsf2.o)
                0x100115d4                __aeabi_cfrcmple
                0x100115dc                __aeabi_cfcmpeq
                0x100115dc                __aeabi_cfcmple
                0x100115ec                __aeabi_fcmpeq
                0x100115f8                __aeabi_fcmplt
                0x1001160c                __aeabi_fcmple
                0x10011620                __aeabi_fcmpgt
                0x10011634                __aeabi_fcmpge
 .text          0x10011648       0x58 c:/program files (x86)/atmel/studio/7.0/toolchain/arm/arm-gnu-toolchain/bin/../lib/gcc/arm-none-eabi/5.3.1/armv6-m\libgcc.a(_muldi3.o)
                0x10011648                __muldi3
                0x10011648                __aeabi_lmul
 .text          0x100116a0       0x30 c:/program files (x86)/atmel/studio/7.0/toolchain/arm/arm-gnu-toolchain/bin/../lib/gcc/arm-none-eabi/5.3.1/armv6-m\libgcc.a(_fixunssfsi.o)
                0x100116a0                __fixunssfsi
                0x100116a0                __aeabi_f2uiz
 .text          0x100116d0       0x3c c:/program files (x86)/atmel/studio/7.0/toolchain/arm/arm-gnu-toolchain/bin/../lib/gcc/arm-none-eabi/5.3.1/armv6-m\libgcc.a(_fixunsdfsi.o)
                0x100116d0                __aeabi_d2uiz
                0x100116d0                __fixunsdfsi
 .text          0x1001170c      0x234 c:/program files (x86)/atmel/studio/7.0/toolchain/arm/arm-gnu-toolchain/bin/../lib/gcc/arm-none-eabi/5.3.1/armv6-m\libgcc.a(divsf3.o)
                0x1001170c                __aeabi_fdiv
 .text          0x10011940       0x50 c:/program files (x86)/atmel/studio/7.0/toolchain/arm/arm-gnu-toolchain/bin/../lib/gcc/arm-none-eabi/5.3.1/armv6-m\libgcc.a(eqsf2.o)
                0x10011940                __eqsf2
                0x10011940                __nesf2
 .text          0x10011990       0x88 c:/program files (x86)/atmel/studio/7.0/toolchain/arm/arm-gnu-toolchain/bin/../lib/gcc/arm-none-eabi/5.3.1/armv6-m\libgcc.a(gesf2.o)
                0x10011990                __gesf2
                0x10011990                __gtsf2
 .text          0x10011a18       0x88 c:/program files (x86)/atmel/studio/7.0/toolchain/arm/arm-gnu-toolchain/bin/../lib/gcc/arm-none-eabi/5.3.1/armv6-m\libgcc.a(lesf2.o)
                0x10011a18                __ltsf2
                0x10011a18                __lesf2
 .text          0x10011aa0      0x228 c:/program files (x86)/atmel/studio/7.0/toolchain/arm/arm-gnu-toolchain/bin/../lib/gcc/arm-none-eabi/5.3.1/armv6-m\libgcc.a(mulsf3.o)
                0x10011aa0                __aeabi_fmul
 .text          0x10011cc8      0x30c c:/program files (x86)/atmel/studio/7.0/toolchain/arm/arm-gnu-toolchain/bin/../lib/gcc/arm-none-eabi/5.3.1/armv6-m\libgcc.a(subsf3.o)
                0x10011cc8                __aeabi_fsub
 .text          0x10011fd4       0x44 c:/program files (x86)/atmel/studio/7.0/toolchain/arm/arm-gnu-toolchain/bin/../lib/gcc/arm-none-eabi/5.3.1/armv6-m\libgcc.a(fixsfsi.o)
                0x10011fd4                __aeabi_f2iz
 .text          0x10012018       0x7c c:/program files (x86)/atmel/studio/7.0/toolchain/arm/arm-gnu-toolchain/bin/../lib/gcc/arm-none-eabi/5.3.1/armv6-m\libgcc.a(floatunsisf.o)
                0x10012018                __aeabi_ui2f
 .text          0x10012094       0x80 c:/program files (x86)/atmel/studio/7.0/toolchain/arm/arm-gnu-toolchain/bin/../lib/gcc/arm-none-eabi/5.3.1/armv6-m\libgcc.a(eqdf2.o)
                0x10012094                __nedf2
                0x10012094                __eqdf2
 .text          0x10012114       0xc8 c:/program files (x86)/atmel/studio/7.0/toolchain/arm/arm-gnu-toolchain/bin/../lib/gcc/arm-none-eabi/5.3.1/armv6-m\libgcc.a(gedf2.o)
                0x10012114                __gedf2
                0x10012114                __gtdf2
 .text          0x100121dc       0xd4 c:/program files (x86)/atmel/studio/7.0/toolchain/arm/arm-gnu-toolchain/bin/../lib/gcc/arm-none-eabi/5.3.1/armv6-m\libgcc.a(ledf2.o)
                0x100121dc                __ledf2
                0x100121dc                __ltdf2
 .text          0x100122b0      0x4f4 c:/program files (x86)/atmel/studio/7.0/toolchain/arm/arm-gnu-toolchain/bin/../lib/gcc/arm-none-eabi/5.3.1/armv6-m\libgcc.a(muldf3.o)
                0x100122b0                __aeabi_dmul
 .text          0x100127a4      0x6a8 c:/program files (x86)/atmel/studio/7.0/toolchain/arm/arm-gnu-toolchain/bin/../lib/gcc/arm-none-eabi/5.3.1/armv6-m\libgcc.a(subdf3.o)
                0x100127a4                __aeabi_dsub
 .text          0x10012e4c       0x6c c:/program files (x86)/atmel/studio/7.0/toolchain/arm/arm-gnu-toolchain/bin/../lib/gcc/arm-none-eabi/5.3.1/armv6-m\libgcc.a(fixdfsi.o)
                0x10012e4c                __aeabi_d2iz
 .text          0x10012eb8       0x70 c:/program files (x86)/atmel/studio/7.0/toolchain/arm/arm-gnu-toolchain/bin/../lib/gcc/arm-none-eabi/5.3.1/armv6-m\libgcc.a(floatunsidf.o)
                0x10012eb8                __aeabi_ui2d
 .text          0x10012f28       0x3c c:/program files (x86)/atmel/studio/7.0/toolchain/arm/arm-gnu-toolchain/bin/../lib/gcc/arm-none-eabi/5.3.1/armv6-m\libgcc.a(_clzsi2.o)
                0x10012f28                __clzsi2
 .text.__libc_init_array
                0x10012f64       0x4c c:/program files (x86)/atmel/studio/7.0/toolchain/arm/arm-gnu-toolchain/bin/../lib/gcc/arm-none-eabi/5.3.1/../../../../arm-none-eabi/lib/armv6-m\libc_nano.a(lib_a-init.o)
                0x10012f64                __libc_init_array
 .text.malloc   0x10012fb0       0x14 c:/program files (x86)/atmel/studio/7.0/toolchain/arm/arm-gnu-toolchain/bin/../lib/gcc/arm-none-eabi/5.3.1/../../../../arm-none-eabi/lib/armv6-m\libc_nano.a(lib_a-malloc.o)
                0x10012fb0                malloc
 .text.memcmp   0x10012fc4       0x1e c:/program files (x86)/atmel/studio/7.0/toolchain/arm/arm-gnu-toolchain/bin/../lib/gcc/arm-none-eabi/5.3.1/../../../../arm-none-eabi/lib/armv6-m\libc_nano.a(lib_a-memcmp.o)
                0x10012fc4                memcmp
 .text.memcpy   0x10012fe2       0x12 c:/program files (x86)/atmel/studio/7.0/toolchain/arm/arm-gnu-toolchain/bin/../lib/gcc/arm-none-eabi/5.3.1/../../../../arm-none-eabi/lib/armv6-m\libc_nano.a(lib_a-memcpy-stub.o)
                0x10012fe2                memcpy
 .text.memset   0x10012ff4       0x10 c:/program files (x86)/atmel/studio/7.0/toolchain/arm/arm-gnu-toolchain/bin/../lib/gcc/arm-none-eabi/5.3.1/../../../../arm-none-eabi/lib/armv6-m\libc_nano.a(lib_a-memset.o)
                0x10012ff4                memset
 .text._free_r  0x10013004       0x8c c:/program files (x86)/atmel/studio/7.0/toolchain/arm/arm-gnu-toolchain/bin/../lib/gcc/arm-none-eabi/5.3.1/../../../../arm-none-eabi/lib/armv6-m\libc_nano.a(lib_a-nano-freer.o)
                0x10013004                _free_r
 .text._malloc_r
                0x10013090       0xac c:/program files (x86)/atmel/studio/7.0/toolchain/arm/arm-gnu-toolchain/bin/../lib/gcc/arm-none-eabi/5.3.1/../../../../arm-none-eabi/lib/armv6-m\libc_nano.a(lib_a-nano-mallocr.o)
                0x10013090                _malloc_r
 .text.printf   0x1001313c       0x34 c:/program files (x86)/atmel/studio/7.0/toolchain/arm/arm-gnu-toolchain/bin/../lib/gcc/arm-none-eabi/5.3.1/../../../../arm-none-eabi/lib/armv6-m\libc_nano.a(lib_a-printf.o)
                0x1001313c                iprintf
                0x1001313c                printf
 .text.rand     0x10013170       0x78 c:/program files (x86)/atmel/studio/7.0/toolchain/arm/arm-gnu-toolchain/bin/../lib/gcc/arm-none-eabi/5.3.1/../../../../arm-none-eabi/lib/armv6-m\libc_nano.a(lib_a-rand.o)
                0x10013170                rand
 .text._sbrk_r  0x100131e8       0x24 c:/program files (x86)/atmel/studio/7.0/toolchain/arm/arm-gnu-toolchain/bin/../lib/gcc/arm-none-eabi/5.3.1/../../../../arm-none-eabi/lib/armv6-m\libc_nano.a(lib_a-sbrkr.o)
                0x100131e8                _sbrk_r
 .text.setbuf   0x1001320c       0x12 c:/program files (x86)/atmel/studio/7.0/toolchain/arm/arm-gnu-toolchain/bin/../lib/gcc/arm-none-eabi/5.3.1/../../../../arm-none-eabi/lib/armv6-m\libc_nano.a(lib_a-setbuf.o)
                0x1001320c                setbuf
 *fill*         0x1001321e        0x2 
 .text.setvbuf  0x10013220      0x160 c:/program files (x86)/atmel/studio/7.0/toolchain/arm/arm-gnu-toolchain/bin/../lib/gcc/arm-none-eabi/5.3.1/../../../../arm-none-eabi/lib/armv6-m\libc_nano.a(lib_a-setvbuf.o)
                0x10013220                setvbuf
 .text.__sflush_r
                0x10013380      0x10c c:/program files (x86)/atmel/studio/7.0/toolchain/arm/arm-gnu-toolchain/bin/../lib/gcc/arm-none-eabi/5.3.1/../../../../arm-none-eabi/lib/armv6-m\libc_nano.a(lib_a-fflush.o)
                0x10013380                __sflush_r
 .text._fflush_r
                0x1001348c       0x58 c:/program files (x86)/atmel/studio/7.0/toolchain/arm/arm-gnu-toolchain/bin/../lib/gcc/arm-none-eabi/5.3.1/../../../../arm-none-eabi/lib/armv6-m\libc_nano.a(lib_a-fflush.o)
                0x1001348c                _fflush_r
 .text._cleanup_r
                0x100134e4       0x10 c:/program files (x86)/atmel/studio/7.0/toolchain/arm/arm-gnu-toolchain/bin/../lib/gcc/arm-none-eabi/5.3.1/../../../../arm-none-eabi/lib/armv6-m\libc_nano.a(lib_a-findfp.o)
                0x100134e4                _cleanup_r
 .text.std.isra.0
                0x100134f4       0x48 c:/program files (x86)/atmel/studio/7.0/toolchain/arm/arm-gnu-toolchain/bin/../lib/gcc/arm-none-eabi/5.3.1/../../../../arm-none-eabi/lib/armv6-m\libc_nano.a(lib_a-findfp.o)
 .text.__sfmoreglue
                0x1001353c       0x2c c:/program files (x86)/atmel/studio/7.0/toolchain/arm/arm-gnu-toolchain/bin/../lib/gcc/arm-none-eabi/5.3.1/../../../../arm-none-eabi/lib/armv6-m\libc_nano.a(lib_a-findfp.o)
                0x1001353c                __sfmoreglue
 .text.__sinit  0x10013568       0x68 c:/program files (x86)/atmel/studio/7.0/toolchain/arm/arm-gnu-toolchain/bin/../lib/gcc/arm-none-eabi/5.3.1/../../../../arm-none-eabi/lib/armv6-m\libc_nano.a(lib_a-findfp.o)
                0x10013568                __sinit
 .text.__sfp    0x100135d0       0x7c c:/program files (x86)/atmel/studio/7.0/toolchain/arm/arm-gnu-toolchain/bin/../lib/gcc/arm-none-eabi/5.3.1/../../../../arm-none-eabi/lib/armv6-m\libc_nano.a(lib_a-findfp.o)
                0x100135d0                __sfp
 .text._fwalk_reent
                0x1001364c       0x42 c:/program files (x86)/atmel/studio/7.0/toolchain/arm/arm-gnu-toolchain/bin/../lib/gcc/arm-none-eabi/5.3.1/../../../../arm-none-eabi/lib/armv6-m\libc_nano.a(lib_a-fwalk.o)
                0x1001364c                _fwalk_reent
 *fill*         0x1001368e        0x2 
 .text.__swhatbuf_r
                0x10013690       0x4c c:/program files (x86)/atmel/studio/7.0/toolchain/arm/arm-gnu-toolchain/bin/../lib/gcc/arm-none-eabi/5.3.1/../../../../arm-none-eabi/lib/armv6-m\libc_nano.a(lib_a-makebuf.o)
                0x10013690                __swhatbuf_r
 .text.__smakebuf_r
                0x100136dc       0x7c c:/program files (x86)/atmel/studio/7.0/toolchain/arm/arm-gnu-toolchain/bin/../lib/gcc/arm-none-eabi/5.3.1/../../../../arm-none-eabi/lib/armv6-m\libc_nano.a(lib_a-makebuf.o)
                0x100136dc                __smakebuf_r
 .text.__sfputc_r
                0x10013758       0x2a c:/program files (x86)/atmel/studio/7.0/toolchain/arm/arm-gnu-toolchain/bin/../lib/gcc/arm-none-eabi/5.3.1/../../../../arm-none-eabi/lib/armv6-m\libc_nano.a(lib_a-nano-vfprintf.o)
 .text.__sfputs_r
                0x10013782       0x24 c:/program files (x86)/atmel/studio/7.0/toolchain/arm/arm-gnu-toolchain/bin/../lib/gcc/arm-none-eabi/5.3.1/../../../../arm-none-eabi/lib/armv6-m\libc_nano.a(lib_a-nano-vfprintf.o)
                0x10013782                __sfputs_r
 *fill*         0x100137a6        0x2 
 .text._vfprintf_r
                0x100137a8      0x238 c:/program files (x86)/atmel/studio/7.0/toolchain/arm/arm-gnu-toolchain/bin/../lib/gcc/arm-none-eabi/5.3.1/../../../../arm-none-eabi/lib/armv6-m\libc_nano.a(lib_a-nano-vfprintf.o)
                0x100137a8                _vfprintf_r
                0x100137a8                _vfiprintf_r
 .text._printf_common
                0x100139e0       0xdc c:/program files (x86)/atmel/studio/7.0/toolchain/arm/arm-gnu-toolchain/bin/../lib/gcc/arm-none-eabi/5.3.1/../../../../arm-none-eabi/lib/armv6-m\libc_nano.a(lib_a-nano-vfprintf_i.o)
                0x100139e0                _printf_common
 .text._printf_i
                0x10013abc      0x244 c:/program files (x86)/atmel/studio/7.0/toolchain/arm/arm-gnu-toolchain/bin/../lib/gcc/arm-none-eabi/5.3.1/../../../../arm-none-eabi/lib/armv6-m\libc_nano.a(lib_a-nano-vfprintf_i.o)
                0x10013abc                _printf_i
 .text.__sread  0x10013d00       0x28 c:/program files (x86)/atmel/studio/7.0/toolchain/arm/arm-gnu-toolchain/bin/../lib/gcc/arm-none-eabi/5.3.1/../../../../arm-none-eabi/lib/armv6-m\libc_nano.a(lib_a-stdio.o)
                0x10013d00                __sread
 .text.__swrite
                0x10013d28       0x38 c:/program files (x86)/atmel/studio/7.0/toolchain/arm/arm-gnu-toolchain/bin/../lib/gcc/arm-none-eabi/5.3.1/../../../../arm-none-eabi/lib/armv6-m\libc_nano.a(lib_a-stdio.o)
                0x10013d28                __swrite
 .text.__sseek  0x10013d60       0x2c c:/program files (x86)/atmel/studio/7.0/toolchain/arm/arm-gnu-toolchain/bin/../lib/gcc/arm-none-eabi/5.3.1/../../../../arm-none-eabi/lib/armv6-m\libc_nano.a(lib_a-stdio.o)
                0x10013d60                __sseek
 .text.__sclose
                0x10013d8c        0xc c:/program files (x86)/atmel/studio/7.0/toolchain/arm/arm-gnu-toolchain/bin/../lib/gcc/arm-none-eabi/5.3.1/../../../../arm-none-eabi/lib/armv6-m\libc_nano.a(lib_a-stdio.o)
                0x10013d8c                __sclose
 .text.__swbuf_r
                0x10013d98       0xb0 c:/program files (x86)/atmel/studio/7.0/toolchain/arm/arm-gnu-toolchain/bin/../lib/gcc/arm-none-eabi/5.3.1/../../../../arm-none-eabi/lib/armv6-m\libc_nano.a(lib_a-wbuf.o)
                0x10013d98                __swbuf_r
 .text._write_r
                0x10013e48       0x28 c:/program files (x86)/atmel/studio/7.0/toolchain/arm/arm-gnu-toolchain/bin/../lib/gcc/arm-none-eabi/5.3.1/../../../../arm-none-eabi/lib/armv6-m\libc_nano.a(lib_a-writer.o)
                0x10013e48                _write_r
 .text.__swsetup_r
                0x10013e70       0xec c:/program files (x86)/atmel/studio/7.0/toolchain/arm/arm-gnu-toolchain/bin/../lib/gcc/arm-none-eabi/5.3.1/../../../../arm-none-eabi/lib/armv6-m\libc_nano.a(lib_a-wsetup.o)
                0x10013e70                __swsetup_r
 .text._close_r
                0x10013f5c       0x24 c:/program files (x86)/atmel/studio/7.0/toolchain/arm/arm-gnu-toolchain/bin/../lib/gcc/arm-none-eabi/5.3.1/../../../../arm-none-eabi/lib/armv6-m\libc_nano.a(lib_a-closer.o)
                0x10013f5c                _close_r
 .text._fstat_r
                0x10013f80       0x24 c:/program files (x86)/atmel/studio/7.0/toolchain/arm/arm-gnu-toolchain/bin/../lib/gcc/arm-none-eabi/5.3.1/../../../../arm-none-eabi/lib/armv6-m\libc_nano.a(lib_a-fstatr.o)
                0x10013f80                _fstat_r
 .text._isatty_r
                0x10013fa4       0x24 c:/program files (x86)/atmel/studio/7.0/toolchain/arm/arm-gnu-toolchain/bin/../lib/gcc/arm-none-eabi/5.3.1/../../../../arm-none-eabi/lib/armv6-m\libc_nano.a(lib_a-isattyr.o)
                0x10013fa4                _isatty_r
 .text._lseek_r
                0x10013fc8       0x28 c:/program files (x86)/atmel/studio/7.0/toolchain/arm/arm-gnu-toolchain/bin/../lib/gcc/arm-none-eabi/5.3.1/../../../../arm-none-eabi/lib/armv6-m\libc_nano.a(lib_a-lseekr.o)
                0x10013fc8                _lseek_r
 .text.memchr   0x10013ff0       0x16 c:/program files (x86)/atmel/studio/7.0/toolchain/arm/arm-gnu-toolchain/bin/../lib/gcc/arm-none-eabi/5.3.1/../../../../arm-none-eabi/lib/armv6-m\libc_nano.a(lib_a-memchr-stub.o)
                0x10013ff0                memchr
 *fill*         0x10014006        0x2 
 .text._read_r  0x10014008       0x28 c:/program files (x86)/atmel/studio/7.0/toolchain/arm/arm-gnu-toolchain/bin/../lib/gcc/arm-none-eabi/5.3.1/../../../../arm-none-eabi/lib/armv6-m\libc_nano.a(lib_a-readr.o)
                0x10014008                _read_r
 *(.glue_7t)
 .glue_7t       0x10014030        0x0 linker stubs
 *(.glue_7)
 .glue_7        0x10014030        0x0 linker stubs
 *(.rodata .rodata* .gnu.linkonce.r.*)
 .rodata.test   0x10014030       0x30 src/motion_driver/driver/eMPL/inv_mpu.o
                0x10014030                test
 .rodata.str1.4
                0x10014060       0x1f src/motion_driver/driver/eMPL/inv_mpu.o
 *fill*         0x1001407f        0x1 
 .rodata.reg    0x10014080       0x2a src/motion_driver/driver/eMPL/inv_mpu.o
                0x10014080                reg
 *fill*         0x100140aa        0x2 
 .rodata.hw     0x100140ac        0xe src/motion_driver/driver/eMPL/inv_mpu.o
                0x100140ac                hw
 *fill*         0x100140ba        0x2 
 .rodata        0x100140bc       0x4b src/motion_driver/driver/eMPL/inv_mpu_dmp_motion_driver.o
 *fill*         0x10014107        0x1 
 .rodata.startup_template_app_gap_cb
                0x10014108       0x4c src/main.o
 .rodata.startup_template_app_gatt_server_cb
                0x10014154       0x28 src/main.o
 .rodata.system_clock_peripheral_enable
                0x1001417c       0xd8 src/ASF/sam0/drivers/system/system_sam_b.o
 .rodata.system_clock_peripheral_disable
                0x10014254       0xd8 src/ASF/sam0/drivers/system/system_sam_b.o
 .rodata.system_peripheral_reset
                0x1001432c      0x110 src/ASF/sam0/drivers/system/system_sam_b.o
 .rodata.ble_event_manager
                0x1001443c       0xf0 src/ASF/thirdparty/wireless/ble_smart_sdk/ble_services/ble_mgr/ble_manager.o
 .rodata        0x1001452c        0xf src/ASF/thirdparty/wireless/ble_smart_sdk/ble_services/ble_mgr/ble_manager.o
 *fill*         0x1001453b        0x1 
 .rodata.ble_mgr_gatt_server_handle
                0x1001453c       0x28 src/ASF/thirdparty/wireless/ble_smart_sdk/ble_services/ble_mgr/ble_manager.o
 .rodata.str1.4
                0x10014564       0x18 src/ASF/thirdparty/wireless/ble_smart_sdk/ble_services/ble_mgr/ble_manager.o
                                 0x15 (size before relaxing)
 .rodata.ble_mgr_gap_handle
                0x1001457c       0x4c src/ASF/thirdparty/wireless/ble_smart_sdk/ble_services/ble_mgr/ble_manager.o
 .rodata.CSWTCH.87
                0x100145c8        0x7 src/ASF/thirdparty/wireless/ble_smart_sdk/ble_services/ble_mgr/ble_manager.o
 *fill*         0x100145cf        0x1 
 .rodata.CSWTCH.88
                0x100145d0       0x1c src/ASF/thirdparty/wireless/ble_smart_sdk/ble_services/ble_mgr/ble_manager.o
 .rodata        0x100145ec        0xb ../src/ASF/thirdparty/wireless/ble_smart_sdk/lib/cm0/gcc\libblusdk.a(gap.o)
 .rodata.CSWTCH.51
                0x100145f7        0xf ../src/ASF/thirdparty/wireless/ble_smart_sdk/lib/cm0/gcc\libblusdk.a(gap.o)
 .rodata.CSWTCH.49
                0x10014606        0x3 ../src/ASF/thirdparty/wireless/ble_smart_sdk/lib/cm0/gcc\libblusdk.a(gap.o)
 .rodata.client_conf_uuid
                0x10014609        0x2 ../src/ASF/thirdparty/wireless/ble_smart_sdk/lib/cm0/gcc\libblusdk.a(gatt_server.o)
                0x10014609                client_conf_uuid
 .rodata.presentation_format_uuid
                0x1001460b        0x2 ../src/ASF/thirdparty/wireless/ble_smart_sdk/lib/cm0/gcc\libblusdk.a(gatt_server.o)
                0x1001460b                presentation_format_uuid
 .rodata.user_desc_uuid
                0x1001460d        0x2 ../src/ASF/thirdparty/wireless/ble_smart_sdk/lib/cm0/gcc\libblusdk.a(gatt_server.o)
                0x1001460d                user_desc_uuid
 .rodata.server_conf_uuid
                0x1001460f        0x2 ../src/ASF/thirdparty/wireless/ble_smart_sdk/lib/cm0/gcc\libblusdk.a(gatt_server.o)
                0x1001460f                server_conf_uuid
 .rodata.extended_props_uuid
                0x10014611        0x2 ../src/ASF/thirdparty/wireless/ble_smart_sdk/lib/cm0/gcc\libblusdk.a(gatt_server.o)
                0x10014611                extended_props_uuid
 .rodata.include_uuid
                0x10014613        0x2 ../src/ASF/thirdparty/wireless/ble_smart_sdk/lib/cm0/gcc\libblusdk.a(gatt_server.o)
                0x10014613                include_uuid
 .rodata.char_uuid
                0x10014615        0x2 ../src/ASF/thirdparty/wireless/ble_smart_sdk/lib/cm0/gcc\libblusdk.a(gatt_server.o)
                0x10014615                char_uuid
 *fill*         0x10014617        0x1 
 .rodata        0x10014618       0x80 c:/program files (x86)/atmel/studio/7.0/toolchain/arm/arm-gnu-toolchain/bin/../lib/gcc/arm-none-eabi/5.3.1/armv6-m\libgcc.a(divsf3.o)
 .rodata        0x10014698       0x40 c:/program files (x86)/atmel/studio/7.0/toolchain/arm/arm-gnu-toolchain/bin/../lib/gcc/arm-none-eabi/5.3.1/armv6-m\libgcc.a(mulsf3.o)
 .rodata        0x100146d8       0x40 c:/program files (x86)/atmel/studio/7.0/toolchain/arm/arm-gnu-toolchain/bin/../lib/gcc/arm-none-eabi/5.3.1/armv6-m\libgcc.a(muldf3.o)
 .rodata.str1.1
                0x10014718        0x2 c:/program files (x86)/atmel/studio/7.0/toolchain/arm/arm-gnu-toolchain/bin/../lib/gcc/arm-none-eabi/5.3.1/../../../../arm-none-eabi/lib/armv6-m\libc_nano.a(lib_a-impure.o)
 *fill*         0x1001471a        0x2 
 .rodata._global_impure_ptr
                0x1001471c        0x4 c:/program files (x86)/atmel/studio/7.0/toolchain/arm/arm-gnu-toolchain/bin/../lib/gcc/arm-none-eabi/5.3.1/../../../../arm-none-eabi/lib/armv6-m\libc_nano.a(lib_a-impure.o)
                0x1001471c                _global_impure_ptr
 .rodata.__sf_fake_stdin
                0x10014720       0x20 c:/program files (x86)/atmel/studio/7.0/toolchain/arm/arm-gnu-toolchain/bin/../lib/gcc/arm-none-eabi/5.3.1/../../../../arm-none-eabi/lib/armv6-m\libc_nano.a(lib_a-findfp.o)
                0x10014720                __sf_fake_stdin
 .rodata.__sf_fake_stdout
                0x10014740       0x20 c:/program files (x86)/atmel/studio/7.0/toolchain/arm/arm-gnu-toolchain/bin/../lib/gcc/arm-none-eabi/5.3.1/../../../../arm-none-eabi/lib/armv6-m\libc_nano.a(lib_a-findfp.o)
                0x10014740                __sf_fake_stdout
 .rodata.__sf_fake_stderr
                0x10014760       0x20 c:/program files (x86)/atmel/studio/7.0/toolchain/arm/arm-gnu-toolchain/bin/../lib/gcc/arm-none-eabi/5.3.1/../../../../arm-none-eabi/lib/armv6-m\libc_nano.a(lib_a-findfp.o)
                0x10014760                __sf_fake_stderr
 .rodata.str1.1
                0x10014780       0x11 c:/program files (x86)/atmel/studio/7.0/toolchain/arm/arm-gnu-toolchain/bin/../lib/gcc/arm-none-eabi/5.3.1/../../../../arm-none-eabi/lib/armv6-m\libc_nano.a(lib_a-nano-vfprintf.o)
 .rodata.str1.1
                0x10014791       0x22 c:/program files (x86)/atmel/studio/7.0/toolchain/arm/arm-gnu-toolchain/bin/../lib/gcc/arm-none-eabi/5.3.1/../../../../arm-none-eabi/lib/armv6-m\libc_nano.a(lib_a-nano-vfprintf_i.o)
 *(.ARM.extab* .gnu.linkonce.armextab.*)
                0x100147b4                . = ALIGN (0x4)
 *fill*         0x100147b3        0x1 
 *(.init)
 .init          0x100147b4        0x4 c:/program files (x86)/atmel/studio/7.0/toolchain/arm/arm-gnu-toolchain/bin/../lib/gcc/arm-none-eabi/5.3.1/armv6-m/crti.o
                0x100147b4                _init
 .init          0x100147b8        0x8 c:/program files (x86)/atmel/studio/7.0/toolchain/arm/arm-gnu-toolchain/bin/../lib/gcc/arm-none-eabi/5.3.1/armv6-m/crtn.o
                0x100147c0                . = ALIGN (0x4)
                0x100147c0                __preinit_array_start = .
 *(.preinit_array)
                0x100147c0                __preinit_array_end = .
                0x100147c0                . = ALIGN (0x4)
                0x100147c0                __init_array_start = .
 *(SORT(.init_array.*))
 *(.init_array)
 .init_array    0x100147c0        0x4 c:/program files (x86)/atmel/studio/7.0/toolchain/arm/arm-gnu-toolchain/bin/../lib/gcc/arm-none-eabi/5.3.1/armv6-m/crtbegin.o
                0x100147c4                __init_array_end = .
                0x100147c4                . = ALIGN (0x4)
 *crtbegin.o(.ctors)
 *(EXCLUDE_FILE(*crtend.o) .ctors)
 *(SORT(.ctors.*))
 *crtend.o(.ctors)
                0x100147c4                . = ALIGN (0x4)
 *(.fini)
 .fini          0x100147c4        0x4 c:/program files (x86)/atmel/studio/7.0/toolchain/arm/arm-gnu-toolchain/bin/../lib/gcc/arm-none-eabi/5.3.1/armv6-m/crti.o
                0x100147c4                _fini
 .fini          0x100147c8        0x8 c:/program files (x86)/atmel/studio/7.0/toolchain/arm/arm-gnu-toolchain/bin/../lib/gcc/arm-none-eabi/5.3.1/armv6-m/crtn.o
                0x100147d0                . = ALIGN (0x4)
                0x100147d0                __fini_array_start = .
 *(.fini_array)
 .fini_array    0x100147d0        0x4 c:/program files (x86)/atmel/studio/7.0/toolchain/arm/arm-gnu-toolchain/bin/../lib/gcc/arm-none-eabi/5.3.1/armv6-m/crtbegin.o
 *(SORT(.fini_array.*))
                0x100147d4                __fini_array_end = .
 *crtbegin.o(.dtors)
 *(EXCLUDE_FILE(*crtend.o) .dtors)
 *(SORT(.dtors.*))
 *crtend.o(.dtors)
                0x100147d4                . = ALIGN (0x4)
                0x100147d4                _efixed = .

.vfp11_veneer   0x100147d4        0x0
 .vfp11_veneer  0x100147d4        0x0 linker stubs

.v4_bx          0x100147d4        0x0
 .v4_bx         0x100147d4        0x0 linker stubs

.iplt           0x100147d4        0x0
 .iplt          0x100147d4        0x0 c:/program files (x86)/atmel/studio/7.0/toolchain/arm/arm-gnu-toolchain/bin/../lib/gcc/arm-none-eabi/5.3.1/armv6-m/crtbegin.o

.eh_frame       0x100147d4        0x0
 .eh_frame      0x100147d4        0x0 c:/program files (x86)/atmel/studio/7.0/toolchain/arm/arm-gnu-toolchain/bin/../lib/gcc/arm-none-eabi/5.3.1/armv6-m/crtbegin.o

.rel.dyn        0x100147d4        0x0
 .rel.iplt      0x100147d4        0x0 c:/program files (x86)/atmel/studio/7.0/toolchain/arm/arm-gnu-toolchain/bin/../lib/gcc/arm-none-eabi/5.3.1/armv6-m/crtbegin.o

.jcr            0x100147d4        0x0
 .jcr           0x100147d4        0x0 c:/program files (x86)/atmel/studio/7.0/toolchain/arm/arm-gnu-toolchain/bin/../lib/gcc/arm-none-eabi/5.3.1/armv6-m/crtbegin.o

.igot.plt       0x100147d4        0x0
 .igot.plt      0x100147d4        0x0 c:/program files (x86)/atmel/studio/7.0/toolchain/arm/arm-gnu-toolchain/bin/../lib/gcc/arm-none-eabi/5.3.1/armv6-m/crtbegin.o
                0x100147d4                . = ALIGN (0x4)
                0x100147d4                _etext = .

.relocate       0x100147d4       0xb0
                0x100147d4                . = ALIGN (0x4)
                0x100147d4                _srelocate = .
 *(.ramfunc .ramfunc.*)
 *(.data .data.*)
 .data.st       0x100147d4       0x38 src/motion_driver/driver/eMPL/inv_mpu.o
                0x100147d4                st
 .data.sms_device
                0x1001480c        0x1 src/main.o
                0x1001480c                sms_device
 *fill*         0x1001480d        0x3 
 .data.cycles_per_us
                0x10014810        0x4 src/ASF/common2/services/delay/sam0/systick_counter.o
 .data.cycles_per_ms
                0x10014814        0x4 src/ASF/common2/services/delay/sam0/systick_counter.o
 .data.l2cap_avail_buffers
                0x10014818        0x1 ../src/ASF/thirdparty/wireless/ble_smart_sdk/lib/cm0/gcc\libblusdk.a(l2cc_task.o)
                0x10014818                l2cap_avail_buffers
 *fill*         0x10014819        0x3 
 .data.dummy_buffer
                0x1001481c        0x4 ../src/ASF/thirdparty/wireless/ble_smart_sdk/lib/cm0/gcc\libblusdk.a(interface.o)
                0x1001481c                dummy_buffer
 .data.impure_data
                0x10014820       0x60 c:/program files (x86)/atmel/studio/7.0/toolchain/arm/arm-gnu-toolchain/bin/../lib/gcc/arm-none-eabi/5.3.1/../../../../arm-none-eabi/lib/armv6-m\libc_nano.a(lib_a-impure.o)
 .data._impure_ptr
                0x10014880        0x4 c:/program files (x86)/atmel/studio/7.0/toolchain/arm/arm-gnu-toolchain/bin/../lib/gcc/arm-none-eabi/5.3.1/../../../../arm-none-eabi/lib/armv6-m\libc_nano.a(lib_a-impure.o)
                0x10014880                _impure_ptr
                0x10014884                . = ALIGN (0x4)
                0x10014884                _erelocate = .

.bss            0x10014884     0x1d88
                0x10014884                . = ALIGN (0x4)
                0x10014884                _sbss = .
                0x10014884                _szero = .
 *(.bss .bss.*)
 .bss           0x10014884       0x1c c:/program files (x86)/atmel/studio/7.0/toolchain/arm/arm-gnu-toolchain/bin/../lib/gcc/arm-none-eabi/5.3.1/armv6-m/crtbegin.o
 .bss.dmp       0x100148a0       0x10 src/motion_driver/driver/eMPL/inv_mpu_dmp_motion_driver.o
 .bss.conn_status
                0x100148b0        0x1 src/main.o
                0x100148b0                conn_status
 *fill*         0x100148b1        0x3 
 .bss.aon_sleep_timer_callback
                0x100148b4        0x4 src/ASF/sam0/drivers/aon_sleep_timer/aon_sleep_timer.o
 .bss.dualtimer_callback_timer1
                0x100148b8        0x4 src/ASF/sam0/drivers/dualtimer/dualtimer.o
 .bss.dualtimer_callback_timer2
                0x100148bc        0x4 src/ASF/sam0/drivers/dualtimer/dualtimer.o
 .bss.flag_direction_both
                0x100148c0        0x2 src/ASF/sam0/drivers/spi/spi_callback.o
 .bss.dummy_write
                0x100148c2        0x2 src/ASF/sam0/drivers/spi/spi_callback.o
 .bss.heap.5286
                0x100148c4        0x4 src/ASF/sam0/utils/syscalls/gcc/syscalls.o
 .bss.att_db_data