Archive member included to satisfy reference by file (symbol)

../src/ASF/thirdparty/wireless/ble_smart_sdk/lib/cm0/gcc\libblusdk.a(event.o)
                              src/ASF/thirdparty/wireless/ble_smart_sdk/ble_services/ble_mgr/ble_manager.o (at_ble_event_get)
../src/ASF/thirdparty/wireless/ble_smart_sdk/lib/cm0/gcc\libblusdk.a(gap.o)
                              src/ASF/thirdparty/wireless/ble_smart_sdk/ble_services/ble_mgr/ble_manager.o (at_ble_device_name_set)
../src/ASF/thirdparty/wireless/ble_smart_sdk/lib/cm0/gcc\libblusdk.a(gatt_client.o)
                              ../src/ASF/thirdparty/wireless/ble_smart_sdk/lib/cm0/gcc\libblusdk.a(gap.o) (init_gatt_client_module)
../src/ASF/thirdparty/wireless/ble_smart_sdk/lib/cm0/gcc\libblusdk.a(gatt_server.o)
                              ../src/ASF/thirdparty/wireless/ble_smart_sdk/lib/cm0/gcc\libblusdk.a(gap.o) (initi_gatt_server_module)
../src/ASF/thirdparty/wireless/ble_smart_sdk/lib/cm0/gcc\libblusdk.a(l2cc_task.o)
                              ../src/ASF/thirdparty/wireless/ble_smart_sdk/lib/cm0/gcc\libblusdk.a(gap.o) (init_l2cc_task_module)
../src/ASF/thirdparty/wireless/ble_smart_sdk/lib/cm0/gcc\libblusdk.a(security.o)
                              src/ASF/thirdparty/wireless/ble_smart_sdk/ble_services/ble_mgr/ble_manager.o (at_ble_authenticate)
../src/ASF/thirdparty/wireless/ble_smart_sdk/lib/cm0/gcc\libblusdk.a(interface.o)
                              ../src/ASF/thirdparty/wireless/ble_smart_sdk/lib/cm0/gcc\libblusdk.a(gap.o) (rx_callback)
../src/ASF/thirdparty/wireless/ble_smart_sdk/lib/cm0/gcc\libblusdk.a(calib_task.o)
                              ../src/ASF/thirdparty/wireless/ble_smart_sdk/lib/cm0/gcc\libblusdk.a(gap.o) (calib_config)
../src/ASF/thirdparty/wireless/ble_smart_sdk/lib/cm0/gcc\libblusdk.a(dbg_task.o)
                              ../src/ASF/thirdparty/wireless/ble_smart_sdk/lib/cm0/gcc\libblusdk.a(gap.o) (dbg_le_set_bd_addr_req_handler)
../src/ASF/thirdparty/wireless/ble_smart_sdk/lib/cm0/gcc\libblusdk.a(gapc_task.o)
                              ../src/ASF/thirdparty/wireless/ble_smart_sdk/lib/cm0/gcc\libblusdk.a(security.o) (check_ConnData_idx_role)
../src/ASF/thirdparty/wireless/ble_smart_sdk/lib/cm0/gcc\libblusdk.a(gapm_task.o)
                              ../src/ASF/thirdparty/wireless/ble_smart_sdk/lib/cm0/gcc\libblusdk.a(gap.o) (gapm_reset_req_handler)
../src/ASF/thirdparty/wireless/ble_smart_sdk/lib/cm0/gcc\libblusdk.a(gattc_task.o)
                              ../src/ASF/thirdparty/wireless/ble_smart_sdk/lib/cm0/gcc\libblusdk.a(gatt_server.o) (gattc_read_req_ind_parser)
../src/ASF/thirdparty/wireless/ble_smart_sdk/lib/cm0/gcc\libblusdk.a(gattm_task.o)
                              ../src/ASF/thirdparty/wireless/ble_smart_sdk/lib/cm0/gcc\libblusdk.a(gatt_server.o) (gattm_add_svc_req_handler)
../src/ASF/thirdparty/wireless/ble_smart_sdk/lib/cm0/gcc\libblusdk.a(htpt_task.o)
                              ../src/ASF/thirdparty/wireless/ble_smart_sdk/lib/cm0/gcc\libblusdk.a(event.o) (htpt_enable_rsp_handler)
c:/program files (x86)/atmel/studio/7.0/toolchain/arm/arm-gnu-toolchain/bin/../lib/gcc/arm-none-eabi/5.3.1/armv6-m\libgcc.a(_thumb1_case_sqi.o)
                              ../src/ASF/thirdparty/wireless/ble_smart_sdk/lib/cm0/gcc\libblusdk.a(gap.o) (__gnu_thumb1_case_sqi)
c:/program files (x86)/atmel/studio/7.0/toolchain/arm/arm-gnu-toolchain/bin/../lib/gcc/arm-none-eabi/5.3.1/armv6-m\libgcc.a(_thumb1_case_uqi.o)
                              ../src/ASF/thirdparty/wireless/ble_smart_sdk/lib/cm0/gcc\libblusdk.a(gap.o) (__gnu_thumb1_case_uqi)
c:/program files (x86)/atmel/studio/7.0/toolchain/arm/arm-gnu-toolchain/bin/../lib/gcc/arm-none-eabi/5.3.1/armv6-m\libgcc.a(_udivsi3.o)
                              src/ASF/sam0/drivers/uart/uart.o (__aeabi_uidiv)
c:/program files (x86)/atmel/studio/7.0/toolchain/arm/arm-gnu-toolchain/bin/../lib/gcc/arm-none-eabi/5.3.1/armv6-m\libgcc.a(_divsi3.o)
                              src/main.o (__aeabi_idivmod)
c:/program files (x86)/atmel/studio/7.0/toolchain/arm/arm-gnu-toolchain/bin/../lib/gcc/arm-none-eabi/5.3.1/armv6-m\libgcc.a(_dvmd_tls.o)
                              c:/program files (x86)/atmel/studio/7.0/toolchain/arm/arm-gnu-toolchain/bin/../lib/gcc/arm-none-eabi/5.3.1/armv6-m\libgcc.a(_udivsi3.o) (__aeabi_idiv0)
c:/program files (x86)/atmel/studio/7.0/toolchain/arm/arm-gnu-toolchain/bin/../lib/gcc/arm-none-eabi/5.3.1/armv6-m\libgcc.a(_fixunsdfsi.o)
                              src/ASF/thirdparty/wireless/ble_smart_sdk/services/console_serial.o (__aeabi_d2uiz)
c:/program files (x86)/atmel/studio/7.0/toolchain/arm/arm-gnu-toolchain/bin/../lib/gcc/arm-none-eabi/5.3.1/armv6-m\libgcc.a(mulsf3.o)
                              ../src/ASF/thirdparty/wireless/ble_smart_sdk/lib/cm0/gcc\libblusdk.a(calib_task.o) (__aeabi_fmul)
c:/program files (x86)/atmel/studio/7.0/toolchain/arm/arm-gnu-toolchain/bin/../lib/gcc/arm-none-eabi/5.3.1/armv6-m\libgcc.a(floatunsisf.o)
[...]
Memory Configuration

Name             Origin             Length             Attributes
ram              0x10008000         0x00017800         xrw
lram             0x1001f800         0x00000800         xrw
*default*        0x00000000         0xffffffff

Linker script and memory map

LOAD c:/program files (x86)/atmel/studio/7.0/toolchain/arm/arm-gnu-toolchain/bin/../lib/gcc/arm-none-eabi/5.3.1/armv6-m/crti.o
LOAD c:/program files (x86)/atmel/studio/7.0/toolchain/arm/arm-gnu-toolchain/bin/../lib/gcc/arm-none-eabi/5.3.1/armv6-m/crtbegin.o
LOAD c:/program files (x86)/atmel/studio/7.0/toolchain/arm/arm-gnu-toolchain/bin/../lib/gcc/arm-none-eabi/5.3.1/../../../../arm-none-eabi/lib/armv6-m/crt0.o
LOAD src/ASF/common2/components/memory/eeprom/at30tse75x/at30tse75x.o
LOAD src/ASF/common/utils/interrupt/interrupt_sam_nvic.o
LOAD src/ASF/sam0/boards/samb11_xplained_pro/board_init.o
LOAD src/ASF/sam0/drivers/dualtimer/dualtimer.o
LOAD src/ASF/sam0/drivers/gpio/gpio.o
LOAD src/ASF/sam0/drivers/i2c/i2c_master.o
LOAD src/ASF/sam0/drivers/i2c/i2c_master_interrupt.o
LOAD src/ASF/sam0/drivers/spi/spi.o
LOAD src/ASF/sam0/drivers/system/system_sam_b.o
LOAD src/ASF/sam0/drivers/timer/timer.o
LOAD src/ASF/sam0/drivers/uart/uart.o
LOAD src/ASF/sam0/utils/cmsis/samb11/source/gcc/startup_samb11.o
LOAD src/ASF/sam0/utils/cmsis/samb11/source/system_samb11.o
LOAD src/ASF/sam0/utils/stdio/read.o
LOAD src/ASF/sam0/utils/stdio/write.o
LOAD src/ASF/sam0/utils/syscalls/gcc/syscalls.o
LOAD src/ASF/thirdparty/wireless/ble_smart_sdk/ble_profiles/pxp_monitor/pxp_monitor.o
LOAD src/ASF/thirdparty/wireless/ble_smart_sdk/ble_services/ble_mgr/ble_manager.o
LOAD src/ASF/thirdparty/wireless/ble_smart_sdk/ble_services/immediate_alert/immediate_alert.o
LOAD src/ASF/thirdparty/wireless/ble_smart_sdk/ble_services/link_loss/link_loss.o
LOAD src/ASF/thirdparty/wireless/ble_smart_sdk/ble_services/tx_power/tx_power.o
LOAD src/ASF/thirdparty/wireless/ble_smart_sdk/services/button.o
LOAD src/ASF/thirdparty/wireless/ble_smart_sdk/services/console_serial.o
LOAD src/ASF/thirdparty/wireless/ble_smart_sdk/services/led.o
LOAD src/ASF/thirdparty/wireless/ble_smart_sdk/services/timer_hw.o
LOAD src/ASF/thirdparty/wireless/ble_smart_sdk/src/event_handler.o
LOAD src/ASF/thirdparty/wireless/ble_smart_sdk/src/platform_drv.o
LOAD src/ASF/thirdparty/wireless/ble_smart_sdk/src/port_from_sdk.o
LOAD src/main.o
START GROUP
LOAD ../src/ASF/thirdparty/CMSIS/Lib/GCC\libarm_cortexM0l_math.a
LOAD ../src/ASF/thirdparty/wireless/ble_smart_sdk/lib/cm0/gcc\libblusdk.a
LOAD c:/program files (x86)/atmel/studio/7.0/toolchain/arm/arm-gnu-toolchain/bin/../lib/gcc/arm-none-eabi/5.3.1/../../../../arm-none-eabi/lib/armv6-m\libm.a
END GROUP
START GROUP
LOAD c:/program files (x86)/atmel/studio/7.0/toolchain/arm/arm-gnu-toolchain/bin/../lib/gcc/arm-none-eabi/5.3.1/armv6-m\libgcc.a
LOAD c:/program files (x86)/atmel/studio/7.0/toolchain/arm/arm-gnu-toolchain/bin/../lib/gcc/arm-none-eabi/5.3.1/../../../../arm-none-eabi/lib/armv6-m\libc_nano.a
END GROUP
START GROUP
LOAD c:/program files (x86)/atmel/studio/7.0/toolchain/arm/arm-gnu-toolchain/bin/../lib/gcc/arm-none-eabi/5.3.1/armv6-m\libgcc.a
LOAD c:/program files (x86)/atmel/studio/7.0/toolchain/arm/arm-gnu-toolchain/bin/../lib/gcc/arm-none-eabi/5.3.1/../../../../arm-none-eabi/lib/armv6-m\libc_nano.a
END GROUP
LOAD c:/program files (x86)/atmel/studio/7.0/toolchain/arm/arm-gnu-toolchain/bin/../lib/gcc/arm-none-eabi/5.3.1/armv6-m/crtend.o
LOAD c:/program files (x86)/atmel/studio/7.0/toolchain/arm/arm-gnu-toolchain/bin/../lib/gcc/arm-none-eabi/5.3.1/armv6-m/crtn.o
                0x00000800                STACK_SIZE = DEFINED (STACK_SIZE)?STACK_SIZE:DEFINED (__stack_size__)?__stack_size__:0x800

.text           0x10008000     0xaa08
                0x10008000                . = ALIGN (0x4)
                0x10008000                _sfixed = .
 *(.test.main .text.app_entry)
 .text.app_entry
                0x10008000       0x88 src/ASF/sam0/utils/cmsis/samb11/source/gcc/startup_samb11.o
                0x10008000                app_entry
 *(.text .text.* .gnu.linkonce.t.*)
 .text          0x10008088       0x60 c:/program files (x86)/atmel/studio/7.0/toolchain/arm/arm-gnu-toolchain/bin/../lib/gcc/arm-none-eabi/5.3.1/armv6-m/crtbegin.o
 .text.dualtimer_set_counter
                0x100080e8       0x28 src/ASF/sam0/drivers/dualtimer/dualtimer.o
                0x100080e8                dualtimer_set_counter
 .text.dualtimer_enable
                0x10008110       0x24 src/ASF/sam0/drivers/dualtimer/dualtimer.o
                0x10008110                dualtimer_enable
 .text.dualtimer_disable
                0x10008134       0x24 src/ASF/sam0/drivers/dualtimer/dualtimer.o
                0x10008134                dualtimer_disable
 .text.dualtimer_register_callback
                0x10008158       0x18 src/ASF/sam0/drivers/dualtimer/dualtimer.o
                0x10008158                dualtimer_register_callback
 .text.gpio_get_config_defaults
                0x10008170       0x10 src/ASF/sam0/drivers/gpio/gpio.o
                0x10008170                gpio_get_config_defaults
 .text.gpio_pin_set_config
                0x10008180      0x168 src/ASF/sam0/drivers/gpio/gpio.o
                0x10008180                gpio_pin_set_config
 .text.gpio_pin_get_input_level
                0x100082e8       0x34 src/ASF/sam0/drivers/gpio/gpio.o
                0x100082e8                gpio_pin_get_input_level
 .text.gpio_pin_set_output_level
                0x1000831c       0x5c src/ASF/sam0/drivers/gpio/gpio.o
                0x1000831c                gpio_pin_set_output_level
 .text.gpio_pinmux_cofiguration
                0x10008378      0x14c src/ASF/sam0/drivers/gpio/gpio.o
                0x10008378                gpio_pinmux_cofiguration
 .text.spi_slave_inst_get_config_defaults
                0x100084c4        0xc src/ASF/sam0/drivers/spi/spi.o
                0x100084c4                spi_slave_inst_get_config_defaults
 .text.spi_get_config_defaults
                0x100084d0       0x2c src/ASF/sam0/drivers/spi/spi.o
                0x100084d0                spi_get_config_defaults
 .text.spi_attach_slave
                0x100084fc       0x40 src/ASF/sam0/drivers/spi/spi.o
                0x100084fc                spi_attach_slave
 .text.spi_enable
                0x1000853c        0x8 src/ASF/sam0/drivers/spi/spi.o
                0x1000853c                spi_enable
 .text.spi_disable
                0x10008544       0x4c src/ASF/sam0/drivers/spi/spi.o
                0x10008544                spi_disable
 .text.spi_reset
                0x10008590       0x3c src/ASF/sam0/drivers/spi/spi.o
                0x10008590                spi_reset
 .text.spi_init
                0x100085cc      0x15c src/ASF/sam0/drivers/spi/spi.o
                0x100085cc                spi_init
 .text.spi_transceive_buffer_wait
                0x10008728       0x84 src/ASF/sam0/drivers/spi/spi.o
                0x10008728                spi_transceive_buffer_wait
 .text.spi_write_buffer_wait
                0x100087ac       0x10 src/ASF/sam0/drivers/spi/spi.o
                0x100087ac                spi_write_buffer_wait
 .text.spi_select_slave
                0x100087bc       0x20 src/ASF/sam0/drivers/spi/spi.o
                0x100087bc                spi_select_slave
 .text.system_clock_config
                0x100087dc       0x84 src/ASF/sam0/drivers/system/system_sam_b.o
                0x100087dc                system_clock_config
 .text.system_clock_get_value
                0x10008860        0xc src/ASF/sam0/drivers/system/system_sam_b.o
                0x10008860                system_clock_get_value
 .text.system_clock_peripheral_enable
                0x1000886c      0x35c src/ASF/sam0/drivers/system/system_sam_b.o
                0x1000886c                system_clock_peripheral_enable
 .text.system_clock_peripheral_disable
                0x10008bc8      0x36c src/ASF/sam0/drivers/system/system_sam_b.o
                0x10008bc8                system_clock_peripheral_disable
 .text.system_peripheral_reset
                0x10008f34      0x468 src/ASF/sam0/drivers/system/system_sam_b.o
                0x10008f34                system_peripheral_reset
 .text.system_register_isr
                0x1000939c       0x10 src/ASF/sam0/drivers/system/system_sam_b.o
                0x1000939c                system_register_isr
 .text.uart_rx0_isr_handler
                0x100093ac       0x88 src/ASF/sam0/drivers/uart/uart.o
 .text.uart_tx0_isr_handler
                0x10009434       0x8c src/ASF/sam0/drivers/uart/uart.o
 .text.uart_rx1_isr_handler
                0x100094c0       0x88 src/ASF/sam0/drivers/uart/uart.o
 .text.uart_tx1_isr_handler
                0x10009548       0x8c src/ASF/sam0/drivers/uart/uart.o
 .text.uart_get_config_defaults
                0x100095d4       0x2c src/ASF/sam0/drivers/uart/uart.o
                0x100095d4                uart_get_config_defaults
 .text.uart_init
                0x10009600      0x19c src/ASF/sam0/drivers/uart/uart.o
                0x10009600                uart_init
 .text.uart_write_wait
                0x1000979c       0x10 src/ASF/sam0/drivers/uart/uart.o
                0x1000979c                uart_write_wait
 .text.uart_read_wait
                0x100097ac       0x14 src/ASF/sam0/drivers/uart/uart.o
                0x100097ac                uart_read_wait
 .text.uart_read_buffer_job
                0x100097c0       0x28 src/ASF/sam0/drivers/uart/uart.o
                0x100097c0                uart_read_buffer_job
 .text.uart_register_callback
                0x100097e8       0x14 src/ASF/sam0/drivers/uart/uart.o
                0x100097e8                uart_register_callback
 .text.uart_unregister_callback
                0x100097fc       0x18 src/ASF/sam0/drivers/uart/uart.o
                0x100097fc                uart_unregister_callback
 .text.uart_enable_callback
                0x10009814       0x20 src/ASF/sam0/drivers/uart/uart.o
                0x10009814                uart_enable_callback
 .text.uart_disable_callback
                0x10009834       0x20 src/ASF/sam0/drivers/uart/uart.o
                0x10009834                uart_disable_callback
 .text._read    0x10009854       0x40 src/ASF/sam0/utils/stdio/read.o
                0x10009854                _read
 .text._write   0x10009894       0x50 src/ASF/sam0/utils/stdio/write.o
                0x10009894                _write
 .text._sbrk    0x100098e4       0x24 src/ASF/sam0/utils/syscalls/gcc/syscalls.o
                0x100098e4                _sbrk
 .text._close   0x10009908        0x8 src/ASF/sam0/utils/syscalls/gcc/syscalls.o
                0x10009908                _close
 .text._fstat   0x10009910        0xc src/ASF/sam0/utils/syscalls/gcc/syscalls.o
                0x10009910                _fstat
 .text._isatty  0x1000991c        0x4 src/ASF/sam0/utils/syscalls/gcc/syscalls.o
                0x1000991c                _isatty
 .text._lseek   0x10009920        0x4 src/ASF/sam0/utils/syscalls/gcc/syscalls.o
                0x10009920                _lseek
 .text.pxp_monitor_connect_request
                0x10009924       0x78 src/ASF/thirdparty/wireless/ble_smart_sdk/ble_profiles/pxp_monitor/pxp_monitor.o
                0x10009924                pxp_monitor_connect_request
 .text.register_hw_timer_start_func_cb
                0x1000999c        0xc src/ASF/thirdparty/wireless/ble_smart_sdk/ble_profiles/pxp_monitor/pxp_monitor.o
                0x1000999c                register_hw_timer_start_func_cb
 .text.register_hw_timer_stop_func_cb
                0x100099a8        0xc src/ASF/thirdparty/wireless/ble_smart_sdk/ble_profiles/pxp_monitor/pxp_monitor.o
                0x100099a8                register_hw_timer_stop_func_cb
 .text.ble_undefined_event_handler
                0x100099b4       0x24 src/ASF/thirdparty/wireless/ble_smart_sdk/ble_services/ble_mgr/ble_manager.o
                0x100099b4                ble_undefined_event_handler
 .text.ble_scan_report_handler
                0x100099d8       0x28 src/ASF/thirdparty/wireless/ble_smart_sdk/ble_services/ble_mgr/ble_manager.o
                0x100099d8                ble_scan_report_handler
 .text.ble_mtu_changed_indication_handler
                0x10009a00       0x28 src/ASF/thirdparty/wireless/ble_smart_sdk/ble_services/ble_mgr/ble_manager.o
                0x10009a00                ble_mtu_changed_indication_handler
 .text.ble_mtu_changed_cmd_complete_handler
                0x10009a28       0x48 src/ASF/thirdparty/wireless/ble_smart_sdk/ble_services/ble_mgr/ble_manager.o
                0x10009a28                ble_mtu_changed_cmd_complete_handler
 .text.ble_characteristic_write_cmd_complete_handler
                0x10009a70       0x48 src/ASF/thirdparty/wireless/ble_smart_sdk/ble_services/ble_mgr/ble_manager.o
                0x10009a70                ble_characteristic_write_cmd_complete_handler
 .text.ble_disconnected_state_handler
                0x10009ab8       0x9c src/ASF/thirdparty/wireless/ble_smart_sdk/ble_services/ble_mgr/ble_manager.o
                0x10009ab8                ble_disconnected_state_handler
 .text.ble_conn_param_update
                0x10009b54       0x24 src/ASF/thirdparty/wireless/ble_smart_sdk/ble_services/ble_mgr/ble_manager.o
                0x10009b54                ble_conn_param_update
 .text.ble_encryption_status_change_handler
                0x10009b78       0xc4 src/ASF/thirdparty/wireless/ble_smart_sdk/ble_services/ble_mgr/ble_manager.o
                0x10009b78                ble_encryption_status_change_handler
 .text.ble_scan_info_handler
                0x10009c3c       0xac src/ASF/thirdparty/wireless/ble_smart_sdk/ble_services/ble_mgr/ble_manager.o
                0x10009c3c                ble_scan_info_handler
 .text.ble_resolv_rand_addr_handler
                0x10009ce8      0x110 src/ASF/thirdparty/wireless/ble_smart_sdk/ble_services/ble_mgr/ble_manager.o
                0x10009ce8                ble_resolv_rand_addr_handler
 .text.ble_connected_state_handler
                0x10009df8      0x228 src/ASF/thirdparty/wireless/ble_smart_sdk/ble_services/ble_mgr/ble_manager.o
                0x10009df8                ble_connected_state_handler
 .text.ble_pair_done_handler
                0x1000a020      0x1b0 src/ASF/thirdparty/wireless/ble_smart_sdk/ble_services/ble_mgr/ble_manager.o
                0x1000a020                ble_pair_done_handler
 .text.ble_conn_param_update_req
                0x1000a1d0       0x18 src/ASF/thirdparty/wireless/ble_smart_sdk/ble_services/ble_mgr/ble_manager.o
                0x1000a1d0                ble_conn_param_update_req
 .text.ble_slave_security_request_handler
                0x1000a1e8      0x1e8 src/ASF/thirdparty/wireless/ble_smart_sdk/ble_services/ble_mgr/ble_manager.o
                0x1000a1e8                ble_slave_security_request_handler
 .text.ble_pair_request_handler
                0x1000a3d0      0x18c src/ASF/thirdparty/wireless/ble_smart_sdk/ble_services/ble_mgr/ble_manager.o
                0x1000a3d0                ble_pair_request_handler
 .text.ble_pair_key_request_handler
                0x1000a55c      0x144 src/ASF/thirdparty/wireless/ble_smart_sdk/ble_services/ble_mgr/ble_manager.o
                0x1000a55c                ble_pair_key_request_handler
 .text.ble_encryption_request_handler
                0x1000a6a0      0x178 src/ASF/thirdparty/wireless/ble_smart_sdk/ble_services/ble_mgr/ble_manager.o
                0x1000a6a0                ble_encryption_request_handler
 .text.ble_mgr_events_callback_handler
                0x1000a818       0xd0 src/ASF/thirdparty/wireless/ble_smart_sdk/ble_services/ble_mgr/ble_manager.o
                0x1000a818                ble_mgr_events_callback_handler
 .text.ble_device_init
                0x1000a8e8      0x25c src/ASF/thirdparty/wireless/ble_smart_sdk/ble_services/ble_mgr/ble_manager.o
                0x1000a8e8                ble_device_init
 .text.gap_dev_connect
                0x1000ab44       0x48 src/ASF/thirdparty/wireless/ble_smart_sdk/ble_services/ble_mgr/ble_manager.o
                0x1000ab44                gap_dev_connect
 .text.scan_info_parse
                0x1000ab8c       0xf8 src/ASF/thirdparty/wireless/ble_smart_sdk/ble_services/ble_mgr/ble_manager.o
                0x1000ab8c                scan_info_parse
 .text.ble_connected_device_role
                0x1000ac84       0x3c src/ASF/thirdparty/wireless/ble_smart_sdk/ble_services/ble_mgr/ble_manager.o
                0x1000ac84                ble_connected_device_role
 .text.ble_check_iscentral
                0x1000acc0       0x30 src/ASF/thirdparty/wireless/ble_smart_sdk/ble_services/ble_mgr/ble_manager.o
                0x1000acc0                ble_check_iscentral
 .text.uart_read_complete_callback
                0x1000acf0        0xc src/ASF/thirdparty/wireless/ble_smart_sdk/services/console_serial.o
 .text.usart_serial_getchar
                0x1000acfc       0x18 src/ASF/thirdparty/wireless/ble_smart_sdk/services/console_serial.o
 .text.usart_serial_putchar
                0x1000ad14       0x18 src/ASF/thirdparty/wireless/ble_smart_sdk/services/console_serial.o
 .text.serial_console_init
                0x1000ad2c       0x94 src/ASF/thirdparty/wireless/ble_smart_sdk/services/console_serial.o
                0x1000ad2c                serial_console_init
 .text._time_start
                0x1000adc0       0x58 src/ASF/thirdparty/wireless/ble_smart_sdk/services/console_serial.o
                0x1000adc0                _time_start
 .text._time_done
                0x1000ae18       0x10 src/ASF/thirdparty/wireless/ble_smart_sdk/services/console_serial.o
                0x1000ae18                _time_done
 .text.getchar_b11_timeout
                0x1000ae28       0x90 src/ASF/thirdparty/wireless/ble_smart_sdk/services/console_serial.o
                0x1000ae28                getchar_b11_timeout
 .text.dualtimer_callback2
                0x1000aeb8       0x14 src/ASF/thirdparty/wireless/ble_smart_sdk/services/timer_hw.o
                0x1000aeb8                dualtimer_callback2
 .text.hw_timer_register_callback
                0x1000aecc       0x34 src/ASF/thirdparty/wireless/ble_smart_sdk/services/timer_hw.o
                0x1000aecc                hw_timer_register_callback
 .text.hw_timer_start
                0x1000af00       0x2c src/ASF/thirdparty/wireless/ble_smart_sdk/services/timer_hw.o
                0x1000af00                hw_timer_start
 .text.hw_timer_stop
                0x1000af2c       0x10 src/ASF/thirdparty/wireless/ble_smart_sdk/services/timer_hw.o
                0x1000af2c                hw_timer_stop
 .text.platform_event_free
                0x1000af3c       0x10 src/ASF/thirdparty/wireless/ble_smart_sdk/src/event_handler.o
                0x1000af3c                platform_event_free
 .text.platform_event_post
                0x1000af4c       0x38 src/ASF/thirdparty/wireless/ble_smart_sdk/src/event_handler.o
                0x1000af4c                platform_event_post
 .text.platform_event_init
                0x1000af84       0x30 src/ASF/thirdparty/wireless/ble_smart_sdk/src/event_handler.o
                0x1000af84                platform_event_init
 .text.at_ke_msg_send
                0x1000afb4       0x6c src/ASF/thirdparty/wireless/ble_smart_sdk/src/platform_drv.o
 .text.samb11_plf_resume_callback
                0x1000b020       0x2c src/ASF/thirdparty/wireless/ble_smart_sdk/src/platform_drv.o
                0x1000b020                samb11_plf_resume_callback
 .text.init_port_list
                0x1000b04c       0x4c src/ASF/thirdparty/wireless/ble_smart_sdk/src/platform_drv.o
                0x1000b04c                init_port_list
 .text.init_clock
                0x1000b098       0x30 src/ASF/thirdparty/wireless/ble_smart_sdk/src/platform_drv.o
                0x1000b098                init_clock
 .text.platform_driver_init
                0x1000b0c8      0x200 src/ASF/thirdparty/wireless/ble_smart_sdk/src/platform_drv.o
                0x1000b0c8                platform_driver_init
 .text.platform_register_ble_msg_handler
                0x1000b2c8       0x1c src/ASF/thirdparty/wireless/ble_smart_sdk/src/platform_drv.o
                0x1000b2c8                platform_register_ble_msg_handler
 .text.platform_interface_send
                0x1000b2e4       0x50 src/ASF/thirdparty/wireless/ble_smart_sdk/src/platform_drv.o
                0x1000b2e4                platform_interface_send
 .text.platform_event_wait
                0x1000b334      0x264 src/ASF/thirdparty/wireless/ble_smart_sdk/src/platform_drv.o
                0x1000b334                platform_event_wait
 .text.acquire_sleep_lock
                0x1000b598       0x70 src/ASF/thirdparty/wireless/ble_smart_sdk/src/platform_drv.o
                0x1000b598                acquire_sleep_lock
 .text.gpio1_combined_isr_handler
                0x1000b608       0x70 src/ASF/thirdparty/wireless/ble_smart_sdk/src/port_from_sdk.o
                0x1000b608                gpio1_combined_isr_handler
 .text.gpio0_combined_isr_handler
                0x1000b678       0x6c src/ASF/thirdparty/wireless/ble_smart_sdk/src/port_from_sdk.o
                0x1000b678                gpio0_combined_isr_handler
 .text.PORT1_COMB_Handler
                0x1000b6e4       0x44 src/ASF/thirdparty/wireless/ble_smart_sdk/src/port_from_sdk.o
                0x1000b6e4                PORT1_COMB_Handler
 .text.ble_disconnected_app_event
                0x1000b728       0x10 src/main.o
 .text.timer_callback_fn
                0x1000b738        0xc src/main.o
 .text.sms_gateway_char_write_resp
                0x1000b744       0x24 src/main.o
 .text.sms_gateway_char_read_multiple
                0x1000b768       0x24 src/main.o
 .text.sms_gateway_char_read_by_uuid
                0x1000b78c       0x24 src/main.o
 .text.sms_gateway_discovery_complete
                0x1000b7b0       0xc0 src/main.o
 .text.sms_gateway_descr_found
                0x1000b870       0x24 src/main.o
 .text.sms_gateway_char_found
                0x1000b894       0x24 src/main.o
 .text.sms_gateway_service_found
                0x1000b8b8      0x1a0 src/main.o
 .text.sms_gateway_indication_received
                0x1000ba58       0xc4 src/main.o
 .text.sms_gateway_notification_received
                0x1000bb1c      0x140 src/main.o
 .text.ble_connected_app_event
                0x1000bc5c       0x40 src/main.o
 .text.ble_scan_data_app_event
                0x1000bc9c      0x238 src/main.o
 .text.sms_gateway_discover_services
                0x1000bed4       0x4c src/main.o
                0x1000bed4                sms_gateway_discover_services
 .text.ble_paired_app_event
                0x1000bf20       0xa8 src/main.o
 .text.main     0x1000bfc8      0x2a4 src/main.o
                0x1000bfc8                main
 .text.internal_event_post
                0x1000c26c       0x3c ../src/ASF/thirdparty/wireless/ble_smart_sdk/lib/cm0/gcc\libblusdk.a(event.o)
                0x1000c26c                internal_event_post
 .text.internal_event_init
                0x1000c2a8       0x30 ../src/ASF/thirdparty/wireless/ble_smart_sdk/lib/cm0/gcc\libblusdk.a(event.o)
                0x1000c2a8                internal_event_init
 .text.special_events_handler
                0x1000c2d8       0x90 ../src/ASF/thirdparty/wireless/ble_smart_sdk/lib/cm0/gcc\libblusdk.a(event.o)
                0x1000c2d8                special_events_handler
 .text.at_ble_event_get
                0x1000c368      0x628 ../src/ASF/thirdparty/wireless/ble_smart_sdk/lib/cm0/gcc\libblusdk.a(event.o)
                0x1000c368                at_ble_event_get
 .text.internal_event_flush
                0x1000c990       0x44 ../src/ASF/thirdparty/wireless/ble_smart_sdk/lib/cm0/gcc\libblusdk.a(event.o)
                0x1000c990                internal_event_flush
 .text.internal_conn_flush
                0x1000c9d4       0x54 ../src/ASF/thirdparty/wireless/ble_smart_sdk/lib/cm0/gcc\libblusdk.a(event.o)
                0x1000c9d4                internal_conn_flush
 .text.at_ble_device_name_set
                0x1000ca28       0x34 ../src/ASF/thirdparty/wireless/ble_smart_sdk/lib/cm0/gcc\libblusdk.a(gap.o)
                0x1000ca28                at_ble_device_name_set
 .text.at_ble_addr_get
                0x1000ca5c       0x24 ../src/ASF/thirdparty/wireless/ble_smart_sdk/lib/cm0/gcc\libblusdk.a(gap.o)
                0x1000ca5c                at_ble_addr_get
 .text.at_ble_set_dev_config
                0x1000ca80       0x90 ../src/ASF/thirdparty/wireless/ble_smart_sdk/lib/cm0/gcc\libblusdk.a(gap.o)
                0x1000ca80                at_ble_set_dev_config
 .text.at_ble_init
                0x1000cb10      0x198 ../src/ASF/thirdparty/wireless/ble_smart_sdk/lib/cm0/gcc\libblusdk.a(gap.o)
                0x1000cb10                at_ble_init
 .text.at_ble_addr_set
                0x1000cca8       0x54 ../src/ASF/thirdparty/wireless/ble_smart_sdk/lib/cm0/gcc\libblusdk.a(gap.o)
                0x1000cca8                at_ble_addr_set
 .text.at_ble_scan_stop
                0x1000ccfc       0x20 ../src/ASF/thirdparty/wireless/ble_smart_sdk/lib/cm0/gcc\libblusdk.a(gap.o)
                0x1000ccfc                at_ble_scan_stop
 .text.at_ble_connect
                0x1000cd1c       0xd8 ../src/ASF/thirdparty/wireless/ble_smart_sdk/lib/cm0/gcc\libblusdk.a(gap.o)
                0x1000cd1c                at_ble_connect
 .text.at_ble_disconnect
                0x1000cdf4       0x20 ../src/ASF/thirdparty/wireless/ble_smart_sdk/lib/cm0/gcc\libblusdk.a(gap.o)
                0x1000cdf4                at_ble_disconnect
 .text.at_ble_conn_update_reply
                0x1000ce14        0xc ../src/ASF/thirdparty/wireless/ble_smart_sdk/lib/cm0/gcc\libblusdk.a(gap.o)
                0x1000ce14                at_ble_conn_update_reply
 .text.at_ble_random_address_resolve
                0x1000ce20       0x28 ../src/ASF/thirdparty/wireless/ble_smart_sdk/lib/cm0/gcc\libblusdk.a(gap.o)
                0x1000ce20                at_ble_random_address_resolve
 .text.at_ble_uuid_len2type
                0x1000ce48       0x14 ../src/ASF/thirdparty/wireless/ble_smart_sdk/lib/cm0/gcc\libblusdk.a(gap.o)
                0x1000ce48                at_ble_uuid_len2type
 .text.init_gatt_client_module
                0x1000ce5c        0xc ../src/ASF/thirdparty/wireless/ble_smart_sdk/lib/cm0/gcc\libblusdk.a(gatt_client.o)
                0x1000ce5c                init_gatt_client_module
 .text.at_ble_primary_service_discover_all
                0x1000ce68       0x28 ../src/ASF/thirdparty/wireless/ble_smart_sdk/lib/cm0/gcc\libblusdk.a(gatt_client.o)
                0x1000ce68                at_ble_primary_service_discover_all
 .text.db_searchATT
                0x1000ce90       0x40 ../src/ASF/thirdparty/wireless/ble_smart_sdk/lib/cm0/gcc\libblusdk.a(gatt_server.o)
 .text.at_ble_read_authorize_reply.part.2
                0x1000ced0       0x30 ../src/ASF/thirdparty/wireless/ble_smart_sdk/lib/cm0/gcc\libblusdk.a(gatt_server.o)
 .text.initi_gatt_server_module
                0x1000cf00       0x34 ../src/ASF/thirdparty/wireless/ble_smart_sdk/lib/cm0/gcc\libblusdk.a(gatt_server.o)
                0x1000cf00                initi_gatt_server_module
 .text.db_init  0x1000cf34       0x44 ../src/ASF/thirdparty/wireless/ble_smart_sdk/lib/cm0/gcc\libblusdk.a(gatt_server.o)
                0x1000cf34                db_init
 .text.at_ble_characteristic_value_set
                0x1000cf78       0x3c ../src/ASF/thirdparty/wireless/ble_smart_sdk/lib/cm0/gcc\libblusdk.a(gatt_server.o)
                0x1000cf78                at_ble_characteristic_value_set
 .text.at_ble_characteristic_value_get
                0x1000cfb4       0x40 ../src/ASF/thirdparty/wireless/ble_smart_sdk/lib/cm0/gcc\libblusdk.a(gatt_server.o)
                0x1000cfb4                at_ble_characteristic_value_get
 .text.at_ble_write_authorize_reply
                0x1000cff4       0x88 ../src/ASF/thirdparty/wireless/ble_smart_sdk/lib/cm0/gcc\libblusdk.a(gatt_server.o)
                0x1000cff4                at_ble_write_authorize_reply
 .text.gatts_handle_read_req
                0x1000d07c       0x30 ../src/ASF/thirdparty/wireless/ble_smart_sdk/lib/cm0/gcc\libblusdk.a(gatt_server.o)
                0x1000d07c                gatts_handle_read_req
 .text.gatts_handle_att_info_req
                0x1000d0ac       0x3c ../src/ASF/thirdparty/wireless/ble_smart_sdk/lib/cm0/gcc\libblusdk.a(gatt_server.o)
                0x1000d0ac                gatts_handle_att_info_req
 .text.gatts_handle_write_req
                0x1000d0e8       0x30 ../src/ASF/thirdparty/wireless/ble_smart_sdk/lib/cm0/gcc\libblusdk.a(gatt_server.o)
                0x1000d0e8                gatts_handle_write_req
 .text.init_l2cc_task_module
                0x1000d118        0xc ../src/ASF/thirdparty/wireless/ble_smart_sdk/lib/cm0/gcc\libblusdk.a(l2cc_task.o)
                0x1000d118                init_l2cc_task_module
 .text.l2cc_data_send_rsp_handler
                0x1000d124       0x2c ../src/ASF/thirdparty/wireless/ble_smart_sdk/lib/cm0/gcc\libblusdk.a(l2cc_task.o)
                0x1000d124                l2cc_data_send_rsp_handler
 .text.l2cc_data_received_handler
                0x1000d150       0x30 ../src/ASF/thirdparty/wireless/ble_smart_sdk/lib/cm0/gcc\libblusdk.a(l2cc_task.o)
                0x1000d150                l2cc_data_received_handler
 .text.at_ble_authenticate
                0x1000d180      0x130 ../src/ASF/thirdparty/wireless/ble_smart_sdk/lib/cm0/gcc\libblusdk.a(security.o)
                0x1000d180                at_ble_authenticate
 .text.at_ble_pair_key_reply
                0x1000d2b0       0x7c ../src/ASF/thirdparty/wireless/ble_smart_sdk/lib/cm0/gcc\libblusdk.a(security.o)
                0x1000d2b0                at_ble_pair_key_reply
 .text.at_ble_encryption_start
                0x1000d32c       0x78 ../src/ASF/thirdparty/wireless/ble_smart_sdk/lib/cm0/gcc\libblusdk.a(security.o)
                0x1000d32c                at_ble_encryption_start
 .text.at_ble_encryption_request_reply
                0x1000d3a4       0x34 ../src/ASF/thirdparty/wireless/ble_smart_sdk/lib/cm0/gcc\libblusdk.a(security.o)
                0x1000d3a4                at_ble_encryption_request_reply
 .text.rx_callback
                0x1000d3d8       0x88 ../src/ASF/thirdparty/wireless/ble_smart_sdk/lib/cm0/gcc\libblusdk.a(interface.o)
                0x1000d3d8                rx_callback
 .text.interface_send
                0x1000d460       0x10 ../src/ASF/thirdparty/wireless/ble_smart_sdk/lib/cm0/gcc\libblusdk.a(interface.o)
                0x1000d460                interface_send
 .text.interface_init
                0x1000d470       0x40 ../src/ASF/thirdparty/wireless/ble_smart_sdk/lib/cm0/gcc\libblusdk.a(interface.o)
                0x1000d470                interface_init
 .text.platform_cmd_cmpl_signal
                0x1000d4b0        0xc ../src/ASF/thirdparty/wireless/ble_smart_sdk/lib/cm0/gcc\libblusdk.a(interface.o)
                0x1000d4b0                platform_cmd_cmpl_signal
 .text.platform_cmd_cmpl_wait
                0x1000d4bc       0x2c ../src/ASF/thirdparty/wireless/ble_smart_sdk/lib/cm0/gcc\libblusdk.a(interface.o)
                0x1000d4bc                platform_cmd_cmpl_wait
 .text.start_timer
                0x1000d4e8        0x2 ../src/ASF/thirdparty/wireless/ble_smart_sdk/lib/cm0/gcc\libblusdk.a(interface.o)
                0x1000d4e8                start_timer
 .text.stop_timer
                0x1000d4ea        0x2 ../src/ASF/thirdparty/wireless/ble_smart_sdk/lib/cm0/gcc\libblusdk.a(interface.o)
                0x1000d4ea                stop_timer
 .text.dbg_le_set_bd_addr_req_handler
                0x1000d4ec       0x7c ../src/ASF/thirdparty/wireless/ble_smart_sdk/lib/cm0/gcc\libblusdk.a(dbg_task.o)
                0x1000d4ec                dbg_le_set_bd_addr_req_handler
 .text.gapc_get_dev_info_cfm.constprop.1
                0x1000d568       0xc0 ../src/ASF/thirdparty/wireless/ble_smart_sdk/lib/cm0/gcc\libblusdk.a(gapc_task.o)
 .text.check_ConnData_idx_role
                0x1000d628       0x3c ../src/ASF/thirdparty/wireless/ble_smart_sdk/lib/cm0/gcc\libblusdk.a(gapc_task.o)
                0x1000d628                check_ConnData_idx_role
 .text.check_ConnData_emptyEntry
                0x1000d664       0x28 ../src/ASF/thirdparty/wireless/ble_smart_sdk/lib/cm0/gcc\libblusdk.a(gapc_task.o)
                0x1000d664                check_ConnData_emptyEntry
 .text.gapc_cmp_evt
                0x1000d68c       0xd0 ../src/ASF/thirdparty/wireless/ble_smart_sdk/lib/cm0/gcc\libblusdk.a(gapc_task.o)
                0x1000d68c                gapc_cmp_evt
 .text.gapc_connection_cfm_handler
                0x1000d75c       0xc4 ../src/ASF/thirdparty/wireless/ble_smart_sdk/lib/cm0/gcc\libblusdk.a(gapc_task.o)
                0x1000d75c                gapc_connection_cfm_handler
 .text.gapc_con_req_ind
                0x1000d820       0xe0 ../src/ASF/thirdparty/wireless/ble_smart_sdk/lib/cm0/gcc\libblusdk.a(gapc_task.o)
                0x1000d820                gapc_con_req_ind
 .text.gapc_disconnect_cmd_handler
                0x1000d900       0x44 ../src/ASF/thirdparty/wireless/ble_smart_sdk/lib/cm0/gcc\libblusdk.a(gapc_task.o)
                0x1000d900                gapc_disconnect_cmd_handler
 .text.gapc_disconnect_ind
                0x1000d944       0x34 ../src/ASF/thirdparty/wireless/ble_smart_sdk/lib/cm0/gcc\libblusdk.a(gapc_task.o)
                0x1000d944                gapc_disconnect_ind
 .text.gapc_bond_cmd_handler
                0x1000d978       0x68 ../src/ASF/thirdparty/wireless/ble_smart_sdk/lib/cm0/gcc\libblusdk.a(gapc_task.o)
                0x1000d978                gapc_bond_cmd_handler
 .text.gapc_bond_ind
                0x1000d9e0       0xd8 ../src/ASF/thirdparty/wireless/ble_smart_sdk/lib/cm0/gcc\libblusdk.a(gapc_task.o)
                0x1000d9e0                gapc_bond_ind
 .text.gapc_bond_req_ind
                0x1000dab8       0xe0 ../src/ASF/thirdparty/wireless/ble_smart_sdk/lib/cm0/gcc\libblusdk.a(gapc_task.o)
                0x1000dab8                gapc_bond_req_ind
 .text.gapc_bond_cfm_handler_pair_resp
                0x1000db98       0x7c ../src/ASF/thirdparty/wireless/ble_smart_sdk/lib/cm0/gcc\libblusdk.a(gapc_task.o)
                0x1000db98                gapc_bond_cfm_handler_pair_resp
 .text.gapc_bond_cfm_handler_key_exch
                0x1000dc14       0x50 ../src/ASF/thirdparty/wireless/ble_smart_sdk/lib/cm0/gcc\libblusdk.a(gapc_task.o)
                0x1000dc14                gapc_bond_cfm_handler_key_exch
 .text.gapc_encrypt_cmd_handler
                0x1000dc64       0x9c ../src/ASF/thirdparty/wireless/ble_smart_sdk/lib/cm0/gcc\libblusdk.a(gapc_task.o)
                0x1000dc64                gapc_encrypt_cmd_handler
 .text.gapc_encrypt_req_ind
                0x1000dd00       0x20 ../src/ASF/thirdparty/wireless/ble_smart_sdk/lib/cm0/gcc\libblusdk.a(gapc_task.o)
                0x1000dd00                gapc_encrypt_req_ind
 .text.gapc_encrypt_cfm_handler
                0x1000dd20       0x80 ../src/ASF/thirdparty/wireless/ble_smart_sdk/lib/cm0/gcc\libblusdk.a(gapc_task.o)
                0x1000dd20                gapc_encrypt_cfm_handler
 .text.gapc_encrypt_ind
                0x1000dda0        0xe ../src/ASF/thirdparty/wireless/ble_smart_sdk/lib/cm0/gcc\libblusdk.a(gapc_task.o)
                0x1000dda0                gapc_encrypt_ind
 *fill*         0x1000ddae        0x2 
 .text.gapc_param_update_cfm_handler
                0x1000ddb0       0x4c ../src/ASF/thirdparty/wireless/ble_smart_sdk/lib/cm0/gcc\libblusdk.a(gapc_task.o)
                0x1000ddb0                gapc_param_update_cfm_handler
 .text.gapc_param_updated_ind
                0x1000ddfc       0x2a ../src/ASF/thirdparty/wireless/ble_smart_sdk/lib/cm0/gcc\libblusdk.a(gapc_task.o)
                0x1000ddfc                gapc_param_updated_ind
 .text.gapc_param_updated_req_ind
                0x1000de26       0x30 ../src/ASF/thirdparty/wireless/ble_smart_sdk/lib/cm0/gcc\libblusdk.a(gapc_task.o)
                0x1000de26                gapc_param_updated_req_ind
 *fill*         0x1000de56        0x2 
 .text.gapc_dev_info_req_ind_handler
                0x1000de58       0x28 ../src/ASF/thirdparty/wireless/ble_smart_sdk/lib/cm0/gcc\libblusdk.a(gapc_task.o)
                0x1000de58                gapc_dev_info_req_ind_handler
 .text.gapc_sec_req_ind
                0x1000de80       0x16 ../src/ASF/thirdparty/wireless/ble_smart_sdk/lib/cm0/gcc\libblusdk.a(gapc_task.o)
                0x1000de80                gapc_sec_req_ind
 .text.gapc_sign_counter_ind_handler
                0x1000de96       0x34 ../src/ASF/thirdparty/wireless/ble_smart_sdk/lib/cm0/gcc\libblusdk.a(gapc_task.o)
                0x1000de96                gapc_sign_counter_ind_handler
 *fill*         0x1000deca        0x2 
 .text.gapc_peer_att_info_ind_handler
                0x1000decc       0x7c ../src/ASF/thirdparty/wireless/ble_smart_sdk/lib/cm0/gcc\libblusdk.a(gapc_task.o)
                0x1000decc                gapc_peer_att_info_ind_handler
 .text.gapc_con_channel_map_ind_handler
                0x1000df48       0x18 ../src/ASF/thirdparty/wireless/ble_smart_sdk/lib/cm0/gcc\libblusdk.a(gapc_task.o)
                0x1000df48                gapc_con_channel_map_ind_handler
 .text.gapc_lecb_connected
                0x1000df60       0x2e ../src/ASF/thirdparty/wireless/ble_smart_sdk/lib/cm0/gcc\libblusdk.a(gapc_task.o)
                0x1000df60                gapc_lecb_connected
 .text.gapc_lecb_disconnected
                0x1000df8e       0x16 ../src/ASF/thirdparty/wireless/ble_smart_sdk/lib/cm0/gcc\libblusdk.a(gapc_task.o)
                0x1000df8e                gapc_lecb_disconnected
 .text.gapc_lecb_connect_req_ind
                0x1000dfa4       0x2a ../src/ASF/thirdparty/wireless/ble_smart_sdk/lib/cm0/gcc\libblusdk.a(gapc_task.o)
                0x1000dfa4                gapc_lecb_connect_req_ind
 .text.gapc_lecb_add_credit_resp_handler
                0x1000dfce       0x20 ../src/ASF/thirdparty/wireless/ble_smart_sdk/lib/cm0/gcc\libblusdk.a(gapc_task.o)
                0x1000dfce                gapc_lecb_add_credit_resp_handler
 *fill*         0x1000dfee        0x2 
 .text.gapm_reset_req_handler
                0x1000dff0       0x70 ../src/ASF/thirdparty/wireless/ble_smart_sdk/lib/cm0/gcc\libblusdk.a(gapm_task.o)
                0x1000dff0                gapm_reset_req_handler
 .text.gapm_set_dev_config_cmd_handler
                0x1000e060      0x108 ../src/ASF/thirdparty/wireless/ble_smart_sdk/lib/cm0/gcc\libblusdk.a(gapm_task.o)
                0x1000e060                gapm_set_dev_config_cmd_handler
 .text.gapm_get_dev_config_cmd_handler
                0x1000e168       0xe0 ../src/ASF/thirdparty/wireless/ble_smart_sdk/lib/cm0/gcc\libblusdk.a(gapm_task.o)
                0x1000e168                gapm_get_dev_config_cmd_handler
 .text.gapm_cancel_cmd_handler
                0x1000e248       0x70 ../src/ASF/thirdparty/wireless/ble_smart_sdk/lib/cm0/gcc\libblusdk.a(gapm_task.o)
                0x1000e248                gapm_cancel_cmd_handler
 .text.gapm_dev_bdaddr_ind_handler
                0x1000e2b8       0x1c ../src/ASF/thirdparty/wireless/ble_smart_sdk/lib/cm0/gcc\libblusdk.a(gapm_task.o)
                0x1000e2b8                gapm_dev_bdaddr_ind_handler
 .text.gapm_cmp_evt
                0x1000e2d4      0x148 ../src/ASF/thirdparty/wireless/ble_smart_sdk/lib/cm0/gcc\libblusdk.a(gapm_task.o)
                0x1000e2d4                gapm_cmp_evt
 .text.get_gap_local_addr_type
                0x1000e41c       0x18 ../src/ASF/thirdparty/wireless/ble_smart_sdk/lib/cm0/gcc\libblusdk.a(gapm_task.o)
                0x1000e41c                get_gap_local_addr_type
 .text.gapm_adv_report_evt_handler
                0x1000e434       0x88 ../src/ASF/thirdparty/wireless/ble_smart_sdk/lib/cm0/gcc\libblusdk.a(gapm_task.o)
                0x1000e434                gapm_adv_report_evt_handler
 .text.gapm_start_connection_cmd_handler
                0x1000e4bc      0x11c ../src/ASF/thirdparty/wireless/ble_smart_sdk/lib/cm0/gcc\libblusdk.a(gapm_task.o)
                0x1000e4bc                gapm_start_connection_cmd_handler
 .text.gapm_resolv_addr_cmd_handler
                0x1000e5d8       0x68 ../src/ASF/thirdparty/wireless/ble_smart_sdk/lib/cm0/gcc\libblusdk.a(gapm_task.o)
                0x1000e5d8                gapm_resolv_addr_cmd_handler
 .text.gapm_addr_solved_ind_handler
                0x1000e640       0x24 ../src/ASF/thirdparty/wireless/ble_smart_sdk/lib/cm0/gcc\libblusdk.a(gapm_task.o)
                0x1000e640                gapm_addr_solved_ind_handler
 .text.gapm_profile_added_ind_handler
                0x1000e664       0x20 ../src/ASF/thirdparty/wireless/ble_smart_sdk/lib/cm0/gcc\libblusdk.a(gapm_task.o)
                0x1000e664                gapm_profile_added_ind_handler
 .text.gattc_read_req_ind_parser
                0x1000e684        0xc ../src/ASF/thirdparty/wireless/ble_smart_sdk/lib/cm0/gcc\libblusdk.a(gattc_task.o)
                0x1000e684                gattc_read_req_ind_parser
 .text.gattc_write_req_ind_parser
                0x1000e690       0x38 ../src/ASF/thirdparty/wireless/ble_smart_sdk/lib/cm0/gcc\libblusdk.a(gattc_task.o)
                0x1000e690                gattc_write_req_ind_parser
 .text.gattc_att_info_req_parser
                0x1000e6c8        0xc ../src/ASF/thirdparty/wireless/ble_smart_sdk/lib/cm0/gcc\libblusdk.a(gattc_task.o)
                0x1000e6c8                gattc_att_info_req_parser
 .text.gattc_read_cfm
                0x1000e6d4       0x6c ../src/ASF/thirdparty/wireless/ble_smart_sdk/lib/cm0/gcc\libblusdk.a(gattc_task.o)
                0x1000e6d4                gattc_read_cfm
 .text.gattc_write_cfm
                0x1000e740       0x44 ../src/ASF/thirdparty/wireless/ble_smart_sdk/lib/cm0/gcc\libblusdk.a(gattc_task.o)
                0x1000e740                gattc_write_cfm
 .text.gattc_att_info_cfm
                0x1000e784       0x48 ../src/ASF/thirdparty/wireless/ble_smart_sdk/lib/cm0/gcc\libblusdk.a(gattc_task.o)
                0x1000e784                gattc_att_info_cfm
 .text.gattc_disc_cmd_handler
                0x1000e7cc       0x90 ../src/ASF/thirdparty/wireless/ble_smart_sdk/lib/cm0/gcc\libblusdk.a(gattc_task.o)
                0x1000e7cc                gattc_disc_cmd_handler
 .text.gattc_event_cfm_handler
                0x1000e85c       0x40 ../src/ASF/thirdparty/wireless/ble_smart_sdk/lib/cm0/gcc\libblusdk.a(gattc_task.o)
                0x1000e85c                gattc_event_cfm_handler
 .text.gattc_disc_svc_ind_parser
                0x1000e89c       0x3c ../src/ASF/thirdparty/wireless/ble_smart_sdk/lib/cm0/gcc\libblusdk.a(gattc_task.o)
                0x1000e89c                gattc_disc_svc_ind_parser
 .text.gattc_disc_svc_incl_ind_parser
                0x1000e8d8       0x48 ../src/ASF/thirdparty/wireless/ble_smart_sdk/lib/cm0/gcc\libblusdk.a(gattc_task.o)
                0x1000e8d8                gattc_disc_svc_incl_ind_parser
 .text.gattc_disc_char_ind_parser
                0x1000e920       0x44 ../src/ASF/thirdparty/wireless/ble_smart_sdk/lib/cm0/gcc\libblusdk.a(gattc_task.o)
                0x1000e920                gattc_disc_char_ind_parser
 .text.gattc_disc_char_desc_ind_parser
                0x1000e964       0x34 ../src/ASF/thirdparty/wireless/ble_smart_sdk/lib/cm0/gcc\libblusdk.a(gattc_task.o)
                0x1000e964                gattc_disc_char_desc_ind_parser
 .text.gattc_event_ind_and_notification_parser
                0x1000e998       0x54 ../src/ASF/thirdparty/wireless/ble_smart_sdk/lib/cm0/gcc\libblusdk.a(gattc_task.o)
                0x1000e998                gattc_event_ind_and_notification_parser
 .text.gattc_complete_evt_handler
                0x1000e9ec       0x78 ../src/ASF/thirdparty/wireless/ble_smart_sdk/lib/cm0/gcc\libblusdk.a(gattc_task.o)
                0x1000e9ec                gattc_complete_evt_handler
 .text.gattc_event_mtu_changed_ind_parser
                0x1000ea64       0x10 ../src/ASF/thirdparty/wireless/ble_smart_sdk/lib/cm0/gcc\libblusdk.a(gattc_task.o)
                0x1000ea64                gattc_event_mtu_changed_ind_parser
 .text.gattc_read_ind_parser
                0x1000ea74       0x40 ../src/ASF/thirdparty/wireless/ble_smart_sdk/lib/cm0/gcc\libblusdk.a(gattc_task.o)
                0x1000ea74                gattc_read_ind_parser
 .text.gattc_svc_changed_cfg_ind_parser
                0x1000eab4       0x10 ../src/ASF/thirdparty/wireless/ble_smart_sdk/lib/cm0/gcc\libblusdk.a(gattc_task.o)
                0x1000eab4                gattc_svc_changed_cfg_ind_parser
 .text.init_gattc_task_module
                0x1000eac4       0x14 ../src/ASF/thirdparty/wireless/ble_smart_sdk/lib/cm0/gcc\libblusdk.a(gattc_task.o)
                0x1000eac4                init_gattc_task_module
 .text.gattm_att_set_value_req_handler
                0x1000ead8       0x8c ../src/ASF/thirdparty/wireless/ble_smart_sdk/lib/cm0/gcc\libblusdk.a(gattm_task.o)
                0x1000ead8                gattm_att_set_value_req_handler
 .text.gattm_att_get_value_req_handler
                0x1000eb64       0x9c ../src/ASF/thirdparty/wireless/ble_smart_sdk/lib/cm0/gcc\libblusdk.a(gattm_task.o)
                0x1000eb64                gattm_att_get_value_req_handler
 .text.htpt_enable_rsp_handler
                0x1000ec00        0xa ../src/ASF/thirdparty/wireless/ble_smart_sdk/lib/cm0/gcc\libblusdk.a(htpt_task.o)
                0x1000ec00                htpt_enable_rsp_handler
 .text.htpt_temp_send_rsp_handler
                0x1000ec0a        0x6 ../src/ASF/thirdparty/wireless/ble_smart_sdk/lib/cm0/gcc\libblusdk.a(htpt_task.o)
                0x1000ec0a                htpt_temp_send_rsp_handler
 .text.htpt_meas_intv_upd_rsp_handler
                0x1000ec10        0x6 ../src/ASF/thirdparty/wireless/ble_smart_sdk/lib/cm0/gcc\libblusdk.a(htpt_task.o)
                0x1000ec10                htpt_meas_intv_upd_rsp_handler
 .text.htpt_meas_intv_chg_req_ind_handler
                0x1000ec16        0xc ../src/ASF/thirdparty/wireless/ble_smart_sdk/lib/cm0/gcc\libblusdk.a(htpt_task.o)
                0x1000ec16                htpt_meas_intv_chg_req_ind_handler
 .text.htpt_cfg_indntf_ind_handler
                0x1000ec22        0xa ../src/ASF/thirdparty/wireless/ble_smart_sdk/lib/cm0/gcc\libblusdk.a(htpt_task.o)
                0x1000ec22                htpt_cfg_indntf_ind_handler
 .text          0x1000ec2c       0x14 c:/program files (x86)/atmel/studio/7.0/toolchain/arm/arm-gnu-toolchain/bin/../lib/gcc/arm-none-eabi/5.3.1/armv6-m\libgcc.a(_thumb1_case_uqi.o)
                0x1000ec2c                __gnu_thumb1_case_uqi
 .text          0x1000ec40      0x114 c:/program files (x86)/atmel/studio/7.0/toolchain/arm/arm-gnu-toolchain/bin/../lib/gcc/arm-none-eabi/5.3.1/armv6-m\libgcc.a(_udivsi3.o)
                0x1000ec40                __aeabi_uidiv
                0x1000ec40                __udivsi3
                0x1000ed4c                __aeabi_uidivmod
 .text          0x1000ed54      0x1d4 c:/program files (x86)/atmel/studio/7.0/toolchain/arm/arm-gnu-toolchain/bin/../lib/gcc/arm-none-eabi/5.3.1/armv6-m\libgcc.a(_divsi3.o)
                0x1000ed54                __divsi3
                0x1000ed54                __aeabi_idiv
                0x1000ef20                __aeabi_idivmod
 .text          0x1000ef28        0x4 c:/program files (x86)/atmel/studio/7.0/toolchain/arm/arm-gnu-toolchain/bin/../lib/gcc/arm-none-eabi/5.3.1/armv6-m\libgcc.a(_dvmd_tls.o)
                0x1000ef28                __aeabi_idiv0
                0x1000ef28                __aeabi_ldiv0
 .text          0x1000ef2c       0x3c c:/program files (x86)/atmel/studio/7.0/toolchain/arm/arm-gnu-toolchain/bin/../lib/gcc/arm-none-eabi/5.3.1/armv6-m\libgcc.a(_fixunsdfsi.o)
                0x1000ef2c                __aeabi_d2uiz
                0x1000ef2c                __fixunsdfsi
 .text          0x1000ef68      0x4f4 c:/program files (x86)/atmel/studio/7.0/toolchain/arm/arm-gnu-toolchain/bin/../lib/gcc/arm-none-eabi/5.3.1/armv6-m\libgcc.a(muldf3.o)
                0x1000ef68                __aeabi_dmul
 .text          0x1000f45c      0x6a8 c:/program files (x86)/atmel/studio/7.0/toolchain/arm/arm-gnu-toolchain/bin/../lib/gcc/arm-none-eabi/5.3.1/armv6-m\libgcc.a(subdf3.o)
                0x1000f45c                __aeabi_dsub
 .text          0x1000fb04       0x6c c:/program files (x86)/atmel/studio/7.0/toolchain/arm/arm-gnu-toolchain/bin/../lib/gcc/arm-none-eabi/5.3.1/armv6-m\libgcc.a(fixdfsi.o)
                0x1000fb04                __aeabi_d2iz
 .text          0x1000fb70       0x70 c:/program files (x86)/atmel/studio/7.0/toolchain/arm/arm-gnu-toolchain/bin/../lib/gcc/arm-none-eabi/5.3.1/armv6-m\libgcc.a(floatunsidf.o)
                0x1000fb70                __aeabi_ui2d
 .text          0x1000fbe0       0x7c c:/program files (x86)/atmel/studio/7.0/toolchain/arm/arm-gnu-toolchain/bin/../lib/gcc/arm-none-eabi/5.3.1/armv6-m\libgcc.a(_arm_cmpdf2.o)
                0x1000fbe0                __aeabi_cdrcmple
                0x1000fbf0                __aeabi_cdcmple
                0x1000fbf0                __aeabi_cdcmpeq
                0x1000fc00                __aeabi_dcmpeq
                0x1000fc0c                __aeabi_dcmplt
                0x1000fc20                __aeabi_dcmple
                0x1000fc34                __aeabi_dcmpgt
                0x1000fc48                __aeabi_dcmpge
 .text          0x1000fc5c       0x3c c:/program files (x86)/atmel/studio/7.0/toolchain/arm/arm-gnu-toolchain/bin/../lib/gcc/arm-none-eabi/5.3.1/armv6-m\libgcc.a(_clzsi2.o)
                0x1000fc5c                __clzsi2
 .text          0x1000fc98       0x80 c:/program files (x86)/atmel/studio/7.0/toolchain/arm/arm-gnu-toolchain/bin/../lib/gcc/arm-none-eabi/5.3.1/armv6-m\libgcc.a(eqdf2.o)
                0x1000fc98                __nedf2
                0x1000fc98                __eqdf2
 .text          0x1000fd18       0xc8 c:/program files (x86)/atmel/studio/7.0/toolchain/arm/arm-gnu-toolchain/bin/../lib/gcc/arm-none-eabi/5.3.1/armv6-m\libgcc.a(gedf2.o)
                0x1000fd18                __gedf2
                0x1000fd18                __gtdf2
 .text          0x1000fde0       0xd4 c:/program files (x86)/atmel/studio/7.0/toolchain/arm/arm-gnu-toolchain/bin/../lib/gcc/arm-none-eabi/5.3.1/armv6-m\libgcc.a(ledf2.o)
                0x1000fde0                __ledf2
                0x1000fde0                __ltdf2
 .text.__libc_init_array
                0x1000feb4       0x4c c:/program files (x86)/atmel/studio/7.0/toolchain/arm/arm-gnu-toolchain/bin/../lib/gcc/arm-none-eabi/5.3.1/../../../../arm-none-eabi/lib/armv6-m\libc_nano.a(lib_a-init.o)
                0x1000feb4                __libc_init_array
 .text.memcmp   0x1000ff00       0x1e c:/program files (x86)/atmel/studio/7.0/toolchain/arm/arm-gnu-toolchain/bin/../lib/gcc/arm-none-eabi/5.3.1/../../../../arm-none-eabi/lib/armv6-m\libc_nano.a(lib_a-memcmp.o)
                0x1000ff00                memcmp
 .text.memcpy   0x1000ff1e       0x12 c:/program files (x86)/atmel/studio/7.0/toolchain/arm/arm-gnu-toolchain/bin/../lib/gcc/arm-none-eabi/5.3.1/../../../../arm-none-eabi/lib/armv6-m\libc_nano.a(lib_a-memcpy-stub.o)
                0x1000ff1e                memcpy
 .text.memset   0x1000ff30       0x10 c:/program files (x86)/atmel/studio/7.0/toolchain/arm/arm-gnu-toolchain/bin/../lib/gcc/arm-none-eabi/5.3.1/../../../../arm-none-eabi/lib/armv6-m\libc_nano.a(lib_a-memset.o)
                0x1000ff30                memset
 .text.printf   0x1000ff40       0x34 c:/program files (x86)/atmel/studio/7.0/toolchain/arm/arm-gnu-toolchain/bin/../lib/gcc/arm-none-eabi/5.3.1/../../../../arm-none-eabi/lib/armv6-m\libc_nano.a(lib_a-printf.o)
                0x1000ff40                iprintf
                0x1000ff40                printf
 .text.putchar  0x1000ff74       0x28 c:/program files (x86)/atmel/studio/7.0/toolchain/arm/arm-gnu-toolchain/bin/../lib/gcc/arm-none-eabi/5.3.1/../../../../arm-none-eabi/lib/armv6-m\libc_nano.a(lib_a-putchar.o)
                0x1000ff74                putchar
 .text._puts_r  0x1000ff9c       0xc4 c:/program files (x86)/atmel/studio/7.0/toolchain/arm/arm-gnu-toolchain/bin/../lib/gcc/arm-none-eabi/5.3.1/../../../../arm-none-eabi/lib/armv6-m\libc_nano.a(lib_a-puts.o)
                0x1000ff9c                _puts_r
 .text.puts     0x10010060       0x14 c:/program files (x86)/atmel/studio/7.0/toolchain/arm/arm-gnu-toolchain/bin/../lib/gcc/arm-none-eabi/5.3.1/../../../../arm-none-eabi/lib/armv6-m\libc_nano.a(lib_a-puts.o)
                0x10010060                puts
 .text.rand     0x10010074       0x78 c:/program files (x86)/atmel/studio/7.0/toolchain/arm/arm-gnu-toolchain/bin/../lib/gcc/arm-none-eabi/5.3.1/../../../../arm-none-eabi/lib/armv6-m\libc_nano.a(lib_a-rand.o)
                0x10010074                rand
 .text.setbuf   0x100100ec       0x12 c:/program files (x86)/atmel/studio/7.0/toolchain/arm/arm-gnu-toolchain/bin/../lib/gcc/arm-none-eabi/5.3.1/../../../../arm-none-eabi/lib/armv6-m\libc_nano.a(lib_a-setbuf.o)
                0x100100ec                setbuf
 *fill*         0x100100fe        0x2 
 .text.setvbuf  0x10010100      0x160 c:/program files (x86)/atmel/studio/7.0/toolchain/arm/arm-gnu-toolchain/bin/../lib/gcc/arm-none-eabi/5.3.1/../../../../arm-none-eabi/lib/armv6-m\libc_nano.a(lib_a-setvbuf.o)
                0x10010100                setvbuf
 .text.__swbuf_r
                0x10010260       0xb0 c:/program files (x86)/atmel/studio/7.0/toolchain/arm/arm-gnu-toolchain/bin/../lib/gcc/arm-none-eabi/5.3.1/../../../../arm-none-eabi/lib/armv6-m\libc_nano.a(lib_a-wbuf.o)
                0x10010260                __swbuf_r
 .text.__swsetup_r
                0x10010310       0xec c:/program files (x86)/atmel/studio/7.0/toolchain/arm/arm-gnu-toolchain/bin/../lib/gcc/arm-none-eabi/5.3.1/../../../../arm-none-eabi/lib/armv6-m\libc_nano.a(lib_a-wsetup.o)
                0x10010310                __swsetup_r
 .text.__sflush_r
                0x100103fc      0x10c c:/program files (x86)/atmel/studio/7.0/toolchain/arm/arm-gnu-toolchain/bin/../lib/gcc/arm-none-eabi/5.3.1/../../../../arm-none-eabi/lib/armv6-m\libc_nano.a(lib_a-fflush.o)
                0x100103fc                __sflush_r
 .text._fflush_r
                0x10010508       0x58 c:/program files (x86)/atmel/studio/7.0/toolchain/arm/arm-gnu-toolchain/bin/../lib/gcc/arm-none-eabi/5.3.1/../../../../arm-none-eabi/lib/armv6-m\libc_nano.a(lib_a-fflush.o)
                0x10010508                _fflush_r
 .text._cleanup_r
                0x10010560       0x10 c:/program files (x86)/atmel/studio/7.0/toolchain/arm/arm-gnu-toolchain/bin/../lib/gcc/arm-none-eabi/5.3.1/../../../../arm-none-eabi/lib/armv6-m\libc_nano.a(lib_a-findfp.o)
                0x10010560                _cleanup_r
 .text.std.isra.0
                0x10010570       0x48 c:/program files (x86)/atmel/studio/7.0/toolchain/arm/arm-gnu-toolchain/bin/../lib/gcc/arm-none-eabi/5.3.1/../../../../arm-none-eabi/lib/armv6-m\libc_nano.a(lib_a-findfp.o)
 .text.__sfmoreglue
                0x100105b8       0x2c c:/program files (x86)/atmel/studio/7.0/toolchain/arm/arm-gnu-toolchain/bin/../lib/gcc/arm-none-eabi/5.3.1/../../../../arm-none-eabi/lib/armv6-m\libc_nano.a(lib_a-findfp.o)
                0x100105b8                __sfmoreglue
 .text.__sinit  0x100105e4       0x68 c:/program files (x86)/atmel/studio/7.0/toolchain/arm/arm-gnu-toolchain/bin/../lib/gcc/arm-none-eabi/5.3.1/../../../../arm-none-eabi/lib/armv6-m\libc_nano.a(lib_a-findfp.o)
                0x100105e4                __sinit
 .text.__sfp    0x1001064c       0x7c c:/program files (x86)/atmel/studio/7.0/toolchain/arm/arm-gnu-toolchain/bin/../lib/gcc/arm-none-eabi/5.3.1/../../../../arm-none-eabi/lib/armv6-m\libc_nano.a(lib_a-findfp.o)
                0x1001064c                __sfp
 .text._fwalk_reent
                0x100106c8       0x42 c:/program files (x86)/atmel/studio/7.0/toolchain/arm/arm-gnu-toolchain/bin/../lib/gcc/arm-none-eabi/5.3.1/../../../../arm-none-eabi/lib/armv6-m\libc_nano.a(lib_a-fwalk.o)
                0x100106c8                _fwalk_reent
 *fill*         0x1001070a        0x2 
 .text.__swhatbuf_r
                0x1001070c       0x4c c:/program files (x86)/atmel/studio/7.0/toolchain/arm/arm-gnu-toolchain/bin/../lib/gcc/arm-none-eabi/5.3.1/../../../../arm-none-eabi/lib/armv6-m\libc_nano.a(lib_a-makebuf.o)
                0x1001070c                __swhatbuf_r
 .text.__smakebuf_r
                0x10010758       0x7c c:/program files (x86)/atmel/studio/7.0/toolchain/arm/arm-gnu-toolchain/bin/../lib/gcc/arm-none-eabi/5.3.1/../../../../arm-none-eabi/lib/armv6-m\libc_nano.a(lib_a-makebuf.o)
                0x10010758                __smakebuf_r
 .text.malloc   0x100107d4       0x14 c:/program files (x86)/atmel/studio/7.0/toolchain/arm/arm-gnu-toolchain/bin/../lib/gcc/arm-none-eabi/5.3.1/../../../../arm-none-eabi/lib/armv6-m\libc_nano.a(lib_a-malloc.o)
                0x100107d4                malloc
 .text._free_r  0x100107e8       0x8c c:/program files (x86)/atmel/studio/7.0/toolchain/arm/arm-gnu-toolchain/bin/../lib/gcc/arm-none-eabi/5.3.1/../../../../arm-none-eabi/lib/armv6-m\libc_nano.a(lib_a-nano-freer.o)
                0x100107e8                _free_r
 .text._malloc_r
                0x10010874       0xac c:/program files (x86)/atmel/studio/7.0/toolchain/arm/arm-gnu-toolchain/bin/../lib/gcc/arm-none-eabi/5.3.1/../../../../arm-none-eabi/lib/armv6-m\libc_nano.a(lib_a-nano-mallocr.o)
                0x10010874                _malloc_r
 .text.__sfputc_r
                0x10010920       0x2a c:/program files (x86)/atmel/studio/7.0/toolchain/arm/arm-gnu-toolchain/bin/../lib/gcc/arm-none-eabi/5.3.1/../../../../arm-none-eabi/lib/armv6-m\libc_nano.a(lib_a-nano-vfprintf.o)
 .text.__sfputs_r
                0x1001094a       0x24 c:/program files (x86)/atmel/studio/7.0/toolchain/arm/arm-gnu-toolchain/bin/../lib/gcc/arm-none-eabi/5.3.1/../../../../arm-none-eabi/lib/armv6-m\libc_nano.a(lib_a-nano-vfprintf.o)
                0x1001094a                __sfputs_r
 *fill*         0x1001096e        0x2 
 .text._vfprintf_r
                0x10010970      0x238 c:/program files (x86)/atmel/studio/7.0/toolchain/arm/arm-gnu-toolchain/bin/../lib/gcc/arm-none-eabi/5.3.1/../../../../arm-none-eabi/lib/armv6-m\libc_nano.a(lib_a-nano-vfprintf.o)
                0x10010970                _vfprintf_r
                0x10010970                _vfiprintf_r
 .text._printf_common
                0x10010ba8       0xdc c:/program files (x86)/atmel/studio/7.0/toolchain/arm/arm-gnu-toolchain/bin/../lib/gcc/arm-none-eabi/5.3.1/../../../../arm-none-eabi/lib/armv6-m\libc_nano.a(lib_a-nano-vfprintf_i.o)
                0x10010ba8                _printf_common
 .text._printf_i
                0x10010c84      0x244 c:/program files (x86)/atmel/studio/7.0/toolchain/arm/arm-gnu-toolchain/bin/../lib/gcc/arm-none-eabi/5.3.1/../../../../arm-none-eabi/lib/armv6-m\libc_nano.a(lib_a-nano-vfprintf_i.o)
                0x10010c84                _printf_i
 .text._putc_r  0x10010ec8       0x6c c:/program files (x86)/atmel/studio/7.0/toolchain/arm/arm-gnu-toolchain/bin/../lib/gcc/arm-none-eabi/5.3.1/../../../../arm-none-eabi/lib/armv6-m\libc_nano.a(lib_a-putc.o)
                0x10010ec8                _putc_r
 .text._sbrk_r  0x10010f34       0x24 c:/program files (x86)/atmel/studio/7.0/toolchain/arm/arm-gnu-toolchain/bin/../lib/gcc/arm-none-eabi/5.3.1/../../../../arm-none-eabi/lib/armv6-m\libc_nano.a(lib_a-sbrkr.o)
                0x10010f34                _sbrk_r
 .text.__sread  0x10010f58       0x28 c:/program files (x86)/atmel/studio/7.0/toolchain/arm/arm-gnu-toolchain/bin/../lib/gcc/arm-none-eabi/5.3.1/../../../../arm-none-eabi/lib/armv6-m\libc_nano.a(lib_a-stdio.o)
                0x10010f58                __sread
 .text.__swrite
                0x10010f80       0x38 c:/program files (x86)/atmel/studio/7.0/toolchain/arm/arm-gnu-toolchain/bin/../lib/gcc/arm-none-eabi/5.3.1/../../../../arm-none-eabi/lib/armv6-m\libc_nano.a(lib_a-stdio.o)
                0x10010f80                __swrite
 .text.__sseek  0x10010fb8       0x2c c:/program files (x86)/atmel/studio/7.0/toolchain/arm/arm-gnu-toolchain/bin/../lib/gcc/arm-none-eabi/5.3.1/../../../../arm-none-eabi/lib/armv6-m\libc_nano.a(lib_a-stdio.o)
                0x10010fb8                __sseek
 .text.__sclose
                0x10010fe4        0xc c:/program files (x86)/atmel/studio/7.0/toolchain/arm/arm-gnu-toolchain/bin/../lib/gcc/arm-none-eabi/5.3.1/../../../../arm-none-eabi/lib/armv6-m\libc_nano.a(lib_a-stdio.o)
                0x10010fe4                __sclose
 .text._write_r
                0x10010ff0       0x28 c:/program files (x86)/atmel/studio/7.0/toolchain/arm/arm-gnu-toolchain/bin/../lib/gcc/arm-none-eabi/5.3.1/../../../../arm-none-eabi/lib/armv6-m\libc_nano.a(lib_a-writer.o)
                0x10010ff0                _write_r
 .text._close_r
                0x10011018       0x24 c:/program files (x86)/atmel/studio/7.0/toolchain/arm/arm-gnu-toolchain/bin/../lib/gcc/arm-none-eabi/5.3.1/../../../../arm-none-eabi/lib/armv6-m\libc_nano.a(lib_a-closer.o)
                0x10011018                _close_r
 .text._fstat_r
                0x1001103c       0x24 c:/program files (x86)/atmel/studio/7.0/toolchain/arm/arm-gnu-toolchain/bin/../lib/gcc/arm-none-eabi/5.3.1/../../../../arm-none-eabi/lib/armv6-m\libc_nano.a(lib_a-fstatr.o)
                0x1001103c                _fstat_r
 .text._isatty_r
                0x10011060       0x24 c:/program files (x86)/atmel/studio/7.0/toolchain/arm/arm-gnu-toolchain/bin/../lib/gcc/arm-none-eabi/5.3.1/../../../../arm-none-eabi/lib/armv6-m\libc_nano.a(lib_a-isattyr.o)
                0x10011060                _isatty_r
 .text._lseek_r
                0x10011084       0x28 c:/program files (x86)/atmel/studio/7.0/toolchain/arm/arm-gnu-toolchain/bin/../lib/gcc/arm-none-eabi/5.3.1/../../../../arm-none-eabi/lib/armv6-m\libc_nano.a(lib_a-lseekr.o)
                0x10011084                _lseek_r
 .text.memchr   0x100110ac       0x16 c:/program files (x86)/atmel/studio/7.0/toolchain/arm/arm-gnu-toolchain/bin/../lib/gcc/arm-none-eabi/5.3.1/../../../../arm-none-eabi/lib/armv6-m\libc_nano.a(lib_a-memchr-stub.o)
                0x100110ac                memchr
 *fill*         0x100110c2        0x2 
 .text._read_r  0x100110c4       0x28 c:/program files (x86)/atmel/studio/7.0/toolchain/arm/arm-gnu-toolchain/bin/../lib/gcc/arm-none-eabi/5.3.1/../../../../arm-none-eabi/lib/armv6-m\libc_nano.a(lib_a-readr.o)
                0x100110c4                _read_r
 .text          0x100110ec       0x58 c:/program files (x86)/atmel/studio/7.0/toolchain/arm/arm-gnu-toolchain/bin/../lib/gcc/arm-none-eabi/5.3.1/armv6-m\libgcc.a(_muldi3.o)
                0x100110ec                __muldi3
                0x100110ec                __aeabi_lmul
 *(.glue_7t)
 .glue_7t       0x10011144        0x0 linker stubs
 *(.glue_7)
 .glue_7        0x10011144        0x0 linker stubs
 *(.rodata .rodata* .gnu.linkonce.r.*)
 .rodata.system_clock_peripheral_enable
                0x10011144       0xd8 src/ASF/sam0/drivers/system/system_sam_b.o
 .rodata.system_clock_peripheral_disable
                0x1001121c       0xd8 src/ASF/sam0/drivers/system/system_sam_b.o
 .rodata.system_peripheral_reset
                0x100112f4      0x110 src/ASF/sam0/drivers/system/system_sam_b.o
 .rodata.str1.4
                0x10011404      0x516 src/ASF/thirdparty/wireless/ble_smart_sdk/ble_profiles/pxp_monitor/pxp_monitor.o
 *fill*         0x1001191a        0x2 
 .rodata.ble_disconnected_state_handler
                0x1001191c       0x20 src/ASF/thirdparty/wireless/ble_smart_sdk/ble_services/ble_mgr/ble_manager.o
 .rodata.ble_mgr_events_callback_handler
                0x1001193c       0x1c src/ASF/thirdparty/wireless/ble_smart_sdk/ble_services/ble_mgr/ble_manager.o
 .rodata        0x10011958       0x19 src/ASF/thirdparty/wireless/ble_smart_sdk/ble_services/ble_mgr/ble_manager.o
 *fill*         0x10011971        0x3 
 .rodata.ble_mgr_gatt_server_handle
                0x10011974       0x28 src/ASF/thirdparty/wireless/ble_smart_sdk/ble_services/ble_mgr/ble_manager.o
 .rodata.str1.4
                0x1001199c      0x973 src/ASF/thirdparty/wireless/ble_smart_sdk/ble_services/ble_mgr/ble_manager.o
                                0x977 (size before relaxing)
 *fill*         0x1001230f        0x1 
 .rodata.ble_mgr_gap_handle
                0x10012310       0x4c src/ASF/thirdparty/wireless/ble_smart_sdk/ble_services/ble_mgr/ble_manager.o
 .rodata.str1.4
                0x1001235c       0x11 src/ASF/thirdparty/wireless/ble_smart_sdk/services/timer_hw.o
 *fill*         0x1001236d        0x3 
 .rodata.sms_gateway_app_gap_cb
                0x10012370       0x4c src/main.o
 .rodata.str1.4
                0x100123bc      0x50c src/main.o
                                0x59a (size before relaxing)
 .rodata.sms_gateway_app_gatt_client_cb
                0x100128c8       0x28 src/main.o
 .rodata        0x100128f0        0xb ../src/ASF/thirdparty/wireless/ble_smart_sdk/lib/cm0/gcc\libblusdk.a(gap.o)
 .rodata.CSWTCH.51
                0x100128fb        0xf ../src/ASF/thirdparty/wireless/ble_smart_sdk/lib/cm0/gcc\libblusdk.a(gap.o)
 *fill*         0x1001290a        0x2 
 .rodata        0x1001290c       0x40 c:/program files (x86)/atmel/studio/7.0/toolchain/arm/arm-gnu-toolchain/bin/../lib/gcc/arm-none-eabi/5.3.1/armv6-m\libgcc.a(muldf3.o)
 .rodata.str1.1
                0x1001294c        0x2 c:/program files (x86)/atmel/studio/7.0/toolchain/arm/arm-gnu-toolchain/bin/../lib/gcc/arm-none-eabi/5.3.1/../../../../arm-none-eabi/lib/armv6-m\libc_nano.a(lib_a-impure.o)
 *fill*         0x1001294e        0x2 
 .rodata._global_impure_ptr
                0x10012950        0x4 c:/program files (x86)/atmel/studio/7.0/toolchain/arm/arm-gnu-toolchain/bin/../lib/gcc/arm-none-eabi/5.3.1/../../../../arm-none-eabi/lib/armv6-m\libc_nano.a(lib_a-impure.o)
                0x10012950                _global_impure_ptr
 .rodata.__sf_fake_stdin
                0x10012954       0x20 c:/program files (x86)/atmel/studio/7.0/toolchain/arm/arm-gnu-toolchain/bin/../lib/gcc/arm-none-eabi/5.3.1/../../../../arm-none-eabi/lib/armv6-m\libc_nano.a(lib_a-findfp.o)
                0x10012954                __sf_fake_stdin
 .rodata.__sf_fake_stdout
                0x10012974       0x20 c:/program files (x86)/atmel/studio/7.0/toolchain/arm/arm-gnu-toolchain/bin/../lib/gcc/arm-none-eabi/5.3.1/../../../../arm-none-eabi/lib/armv6-m\libc_nano.a(lib_a-findfp.o)
                0x10012974                __sf_fake_stdout
 .rodata.__sf_fake_stderr
                0x10012994       0x20 c:/program files (x86)/atmel/studio/7.0/toolchain/arm/arm-gnu-toolchain/bin/../lib/gcc/arm-none-eabi/5.3.1/../../../../arm-none-eabi/lib/armv6-m\libc_nano.a(lib_a-findfp.o)
                0x10012994                __sf_fake_stderr
 .rodata.str1.1
                0x100129b4       0x11 c:/program files (x86)/atmel/studio/7.0/toolchain/arm/arm-gnu-toolchain/bin/../lib/gcc/arm-none-eabi/5.3.1/../../../../arm-none-eabi/lib/armv6-m\libc_nano.a(lib_a-nano-vfprintf.o)
 .rodata.str1.1
                0x100129c5       0x22 c:/program files (x86)/atmel/studio/7.0/toolchain/arm/arm-gnu-toolchain/bin/../lib/gcc/arm-none-eabi/5.3.1/../../../../arm-none-eabi/lib/armv6-m\libc_nano.a(lib_a-nano-vfprintf_i.o)
 *(.ARM.extab* .gnu.linkonce.armextab.*)
                0x100129e8                . = ALIGN (0x4)
 *fill*         0x100129e7        0x1 
 *(.init)
 .init          0x100129e8        0x4 c:/program files (x86)/atmel/studio/7.0/toolchain/arm/arm-gnu-toolchain/bin/../lib/gcc/arm-none-eabi/5.3.1/armv6-m/crti.o
                0x100129e8                _init
 .init          0x100129ec        0x8 c:/program files (x86)/atmel/studio/7.0/toolchain/arm/arm-gnu-toolchain/bin/../lib/gcc/arm-none-eabi/5.3.1/armv6-m/crtn.o
                0x100129f4                . = ALIGN (0x4)
                0x100129f4                __preinit_array_start = .
 *(.preinit_array)
                0x100129f4                __preinit_array_end = .
                0x100129f4                . = ALIGN (0x4)
                0x100129f4                __init_array_start = .
 *(SORT(.init_array.*))
 *(.init_array)
 .init_array    0x100129f4        0x4 c:/program files (x86)/atmel/studio/7.0/toolchain/arm/arm-gnu-toolchain/bin/../lib/gcc/arm-none-eabi/5.3.1/armv6-m/crtbegin.o
                0x100129f8                __init_array_end = .
                0x100129f8                . = ALIGN (0x4)
 *crtbegin.o(.ctors)
 *(EXCLUDE_FILE(*crtend.o) .ctors)
 *(SORT(.ctors.*))
 *crtend.o(.ctors)
                0x100129f8                . = ALIGN (0x4)
 *(.fini)
 .fini          0x100129f8        0x4 c:/program files (x86)/atmel/studio/7.0/toolchain/arm/arm-gnu-toolchain/bin/../lib/gcc/arm-none-eabi/5.3.1/armv6-m/crti.o
                0x100129f8                _fini
 .fini          0x100129fc        0x8 c:/program files (x86)/atmel/studio/7.0/toolchain/arm/arm-gnu-toolchain/bin/../lib/gcc/arm-none-eabi/5.3.1/armv6-m/crtn.o
                0x10012a04                . = ALIGN (0x4)
                0x10012a04                __fini_array_start = .
 *(.fini_array)
 .fini_array    0x10012a04        0x4 c:/program files (x86)/atmel/studio/7.0/toolchain/arm/arm-gnu-toolchain/bin/../lib/gcc/arm-none-eabi/5.3.1/armv6-m/crtbegin.o
 *(SORT(.fini_array.*))
                0x10012a08                __fini_array_end = .
 *crtbegin.o(.dtors)
 *(EXCLUDE_FILE(*crtend.o) .dtors)
 *(SORT(.dtors.*))
 *crtend.o(.dtors)
                0x10012a08                . = ALIGN (0x4)
                0x10012a08                _efixed = .

.vfp11_veneer   0x10012a08        0x0
 .vfp11_veneer  0x10012a08        0x0 linker stubs

.v4_bx          0x10012a08        0x0
 .v4_bx         0x10012a08        0x0 linker stubs

.iplt           0x10012a08        0x0
 .iplt          0x10012a08        0x0 c:/program files (x86)/atmel/studio/7.0/toolchain/arm/arm-gnu-toolchain/bin/../lib/gcc/arm-none-eabi/5.3.1/armv6-m/crtbegin.o

.eh_frame       0x10012a08        0x0
 .eh_frame      0x10012a08        0x0 c:/program files (x86)/atmel/studio/7.0/toolchain/arm/arm-gnu-toolchain/bin/../lib/gcc/arm-none-eabi/5.3.1/armv6-m/crtbegin.o

.rel.dyn        0x10012a08        0x0
 .rel.iplt      0x10012a08        0x0 c:/program files (x86)/atmel/studio/7.0/toolchain/arm/arm-gnu-toolchain/bin/../lib/gcc/arm-none-eabi/5.3.1/armv6-m/crtbegin.o

.jcr            0x10012a08        0x0
 .jcr           0x10012a08        0x0 c:/program files (x86)/atmel/studio/7.0/toolchain/arm/arm-gnu-toolchain/bin/../lib/gcc/arm-none-eabi/5.3.1/armv6-m/crtbegin.o

.igot.plt       0x10012a08        0x0
 .igot.plt      0x10012a08        0x0 c:/program files (x86)/atmel/studio/7.0/toolchain/arm/arm-gnu-toolchain/bin/../lib/gcc/arm-none-eabi/5.3.1/armv6-m/crtbegin.o
                0x10012a08                . = ALIGN (0x4)
                0x10012a08                _etext = .

.relocate       0x10012a08       0x6c
                0x10012a08                . = ALIGN (0x4)
                0x10012a08                _srelocate = .
 *(.ramfunc .ramfunc.*)
 *(.data .data.*)
 .data.dbg_gpio_pin
                0x10012a08        0x1 src/main.o
                0x10012a08                dbg_gpio_pin
 .data.l2cap_avail_buffers
                0x10012a09        0x1 ../src/ASF/thirdparty/wireless/ble_smart_sdk/lib/cm0/gcc\libblusdk.a(l2cc_task.o)
                0x10012a09                l2cap_avail_buffers
 *fill*         0x10012a0a        0x2 
 .data.dummy_buffer
                0x10012a0c        0x4 ../src/ASF/thirdparty/wireless/ble_smart_sdk/lib/cm0/gcc\libblusdk.a(interface.o)
                0x10012a0c                dummy_buffer
 .data.impure_data
                0x10012a10       0x60 c:/program files (x86)/atmel/studio/7.0/toolchain/arm/arm-gnu-toolchain/bin/../lib/gcc/arm-none-eabi/5.3.1/../../../../arm-none-eabi/lib/armv6-m\libc_nano.a(lib_a-impure.o)
 .data._impure_ptr
                0x10012a70        0x4 c:/program files (x86)/atmel/studio/7.0/toolchain/arm/arm-gnu-toolchain/bin/../lib/gcc/arm-none-eabi/5.3.1/../../../../arm-none-eabi/lib/armv6-m\libc_nano.a(lib_a-impure.o)
                0x10012a70                _impure_ptr
                0x10012a74                . = ALIGN (0x4)
                0x10012a74                _erelocate = .

.bss            0x10012a74     0x16fc
                0x10012a74                . = ALIGN (0x4)
                0x10012a74                _sbss = .
                0x10012a74                _szero = .
 *(.bss .bss.*)
 .bss           0x10012a74       0x1c c:/program files (x86)/atmel/studio/7.0/toolchain/arm/arm-gnu-toolchain/bin/../lib/gcc/arm-none-eabi/5.3.1/armv6-m/crtbegin.o
 .bss.dualtimer_callback_timer1
                0x10012a90        0x4 src/ASF/sam0/drivers/dualtimer/dualtimer.o
 .bss.dualtimer_callback_timer2
                0x10012a94        0x4 src/ASF/sam0/drivers/dualtimer/dualtimer.o
 .bss.heap.5286
                0x10012a98        0x4 src/ASF/sam0/utils/syscalls/gcc/syscalls.o
 .bss.hw_timer_stop_func_cb
                0x10012a9c        0x4 src/ASF/thirdparty/wireless/ble_smart_sdk/ble_profiles/pxp_monitor/pxp_monitor.o
                0x10012a9c                hw_timer_stop_func_cb
 .bss.pxp_connect_request_flag
                0x10012aa0        0x1 src/ASF/thirdparty/wireless/ble_smart_sdk/ble_profiles/pxp_monitor/pxp_monitor.o
                0x10012aa0                pxp_connect_request_flag
 *fill*         0x10012aa1        0x3 
 .bss.hw_timer_start_func_cb
                0x10012aa4        0x4 src/ASF/thirdparty/wireless/ble_smart_sdk/ble_profiles/pxp_monitor/pxp_monitor.o
                0x10012aa4                hw_timer_start_func_cb
 .bss.scan_index
                0x10012aa8        0x1 src/ASF/thirdparty/wireless/ble_smart_sdk/ble_profiles/pxp_monitor/pxp_monitor.o
                0x10012aa8                scan_index
 *fill*         0x10012aa9        0x3 
 .bss.ble_user_event_cb
                0x10012aac        0x4 src/ASF/thirdparty/wireless/ble_smart_sdk/ble_services/ble_mgr/ble_manager.o
                0x10012aac                ble_user_event_cb
 .bss.scan_response_count
                0x10012ab0        0x1 src/ASF/thirdparty/wireless/ble_smart_sdk/ble_services/ble_mgr/ble_manager.o
                0x10012ab0                scan_response_count
 *fill*         0x10012ab1        0x3 
 .bss.ble_peripheral_dev_address
                0x10012ab4        0x7 src/ASF/thirdparty/wireless/ble_smart_sdk/ble_services/ble_mgr/ble_manager.o
 .bss.read_complete_flag
                0x10012abb        0x1 src/ASF/thirdparty/wireless/ble_smart_sdk/services/console_serial.o
 .bss.tick      0x10012abc        0x4 src/ASF/thirdparty/wireless/ble_smart_sdk/services/console_serial.o
                0x10012abc                tick
 .bss.string_input
                0x10012ac0        0x1 src/ASF/thirdparty/wireless/ble_smart_sdk/services/console_serial.o
                0x10012ac0                string_input
 *fill*         0x10012ac1        0x3 
 .bss.platform_event_pending_list
                0x10012ac4        0x4 src/ASF/thirdparty/wireless/ble_smart_sdk/src/event_handler.o
 .bss.platform_event_free_list
                0x10012ac8        0x4 src/ASF/thirdparty/wireless/ble_smart_sdk/src/event_handler.o
 .bss.platform_event_pool
                0x10012acc       0x78 src/ASF/thirdparty/wireless/ble_smart_sdk/src/event_handler.o
 .bss.ke_free   0x10012b44        0x4 src/ASF/thirdparty/wireless/ble_smart_sdk/src/platform_drv.o
 .bss.gapm_get_id_from_task
                0x10012b48        0x4 src/ASF/thirdparty/wireless/ble_smart_sdk/src/platform_drv.o
 .bss.gapm_get_task_from_id
                0x10012b4c        0x4 src/ASF/thirdparty/wireless/ble_smart_sdk/src/platform_drv.o
 .bss.os_sem_up
                0x10012b50        0x4 src/ASF/thirdparty/wireless/ble_smart_sdk/src/platform_drv.o
 .bss.pwr_wait_BLE_out_of_reset
                0x10012b54        0x4 src/ASF/thirdparty/wireless/ble_smart_sdk/src/platform_drv.o
 .bss.platform_initialized
                0x10012b58        0x1 src/ASF/thirdparty/wireless/ble_smart_sdk/src/platform_drv.o
                0x10012b58                platform_initialized
 *fill*         0x10012b59        0x3 
 .bss.pwr_disable_arm_wakeup
                0x10012b5c        0x4 src/ASF/thirdparty/wireless/ble_smart_sdk/src/platform_drv.o
 .bss.gstrFwSem
                0x10012b60        0x4 src/ASF/thirdparty/wireless/ble_smart_sdk/src/platform_drv.o
 .bss.os_sem_down
                0x10012b64        0x4 src/ASF/thirdparty/wireless/ble_smart_sdk/src/platform_drv.o
 .bss.pwr_enable_arm_wakeup
                0x10012b68        0x4 src/ASF/thirdparty/wireless/ble_smart_sdk/src/platform_drv.o
 .bss.NMI_MsgQueueRecv
                0x10012b6c        0x4 src/ASF/thirdparty/wireless/ble_smart_sdk/src/platform_drv.o
 .bss.ke_msg_send
                0x10012b70        0x4 src/ASF/thirdparty/wireless/ble_smart_sdk/src/platform_drv.o
 .bss.ke_msg_hdr.12887
                0x10012b74        0x4 src/ASF/thirdparty/wireless/ble_smart_sdk/src/platform_drv.o
 .bss.rcv_msg.12886
                0x10012b78        0x4 src/ASF/thirdparty/wireless/ble_smart_sdk/src/platform_drv.o
 .bss.ble_stack_message_handler
                0x10012b7c        0x4 src/ASF/thirdparty/wireless/ble_smart_sdk/src/platform_drv.o
 .bss.pwr_arm_wakeup_req
                0x10012b80        0x4 src/ASF/thirdparty/wireless/ble_smart_sdk/src/platform_drv.o
 .bss.ke_msg_alloc
                0x10012b84        0x4 src/ASF/thirdparty/wireless/ble_smart_sdk/src/platform_drv.o
 .bss.InternalAppMsgQHandle
                0x10012b88        0x4 src/ASF/thirdparty/wireless/ble_smart_sdk/src/platform_drv.o
 .bss.sms_gateway_connection_flag
                0x10012b8c        0x1 src/main.o
                0x10012b8c                sms_gateway_connection_flag
 *fill*         0x10012b8d        0x1 
 .bss.imu_ind_cnt.14817
                0x10012b8e        0x2 src/main.o
 .bss.buffer    0x10012b90       0x40 src/main.o
 .bss.dbg_gpio_pin_state
                0x10012bd0        0x1 src/main.o
                0x10012bd0                dbg_gpio_pin_state
 *fill*         0x10012bd1        0x1 
 .bss.press_ind_cnt.14816
                0x10012bd2        0x2 src/main.o
 .bss.sms_rcv_cnt.14793
                0x10012bd4        0x2 src/main.o
 .bss.btn_ind_cnt.14815
                0x10012bd6        0x2 src/main.o
 .bss.event_pool
                0x10012bd8       0xa0 ../src/ASF/thirdparty/wireless/ble_smart_sdk/lib/cm0/gcc\libblusdk.a(event.o)
 .bss.event_pending_list
                0x10012c78        0x4 ../src/ASF/thirdparty/wireless/ble_smart_sdk/lib/cm0/gcc\libblusdk.a(event.o)
 .bss.event_free_list
                0x10012c7c        0x4 ../src/ASF/thirdparty/wireless/ble_smart_sdk/lib/cm0/gcc\libblusdk.a(event.o)
 .bss.u16GattcSeqNo
                0x10012c80        0x2 ../src/ASF/thirdparty/wireless/ble_smart_sdk/lib/cm0/gcc\libblusdk.a(gatt_client.o)
 *fill*         0x10012c82        0x2 
 .bss.pu8valuesBuffer
                0x10012c84        0x4 ../src/ASF/thirdparty/wireless/ble_smart_sdk/lib/cm0/gcc\libblusdk.a(gatt_server.o)
                0x10012c84                pu8valuesBuffer
 .bss.unNull    0x10012c88        0x1 ../src/ASF/thirdparty/wireless/ble_smart_sdk/lib/cm0/gcc\libblusdk.a(gatt_server.o)
                0x10012c88                unNull
 *fill*         0x10012c89        0x3 
 .bss.ptstrattDb
                0x10012c8c        0x4 ../src/ASF/thirdparty/wireless/ble_smart_sdk/lib/cm0/gcc\libblusdk.a(gatt_server.o)
                0x10012c8c                ptstrattDb
 .bss.pu8valuesBufferEnd
                0x10012c90        0x4 ../src/ASF/thirdparty/wireless/ble_smart_sdk/lib/cm0/gcc\libblusdk.a(gatt_server.o)
                0x10012c90                pu8valuesBufferEnd
 .bss.u32numberOfValues
                0x10012c94        0x4 ../src/ASF/thirdparty/wireless/ble_smart_sdk/lib/cm0/gcc\libblusdk.a(gatt_server.o)
                0x10012c94                u32numberOfValues
 .bss.u32dbMemorySize
                0x10012c98        0x4 ../src/ASF/thirdparty/wireless/ble_smart_sdk/lib/cm0/gcc\libblusdk.a(gatt_server.o)
                0x10012c98                u32dbMemorySize
 .bss.service_setup_buffer
                0x10012c9c        0x4 ../src/ASF/thirdparty/wireless/ble_smart_sdk/lib/cm0/gcc\libblusdk.a(gatt_server.o)
                0x10012c9c                service_setup_buffer
 .bss.cmd_cmpl_flag
                0x10012ca0        0x4 ../src/ASF/thirdparty/wireless/ble_smart_sdk/lib/cm0/gcc\libblusdk.a(interface.o)
 .bss.dummy_key.7389
                0x10012ca4       0x10 ../src/ASF/thirdparty/wireless/ble_smart_sdk/lib/cm0/gcc\libblusdk.a(gapc_task.o)
 .bss.dummy_key.7407
                0x10012cb4       0x10 ../src/ASF/thirdparty/wireless/ble_smart_sdk/lib/cm0/gcc\libblusdk.a(gapc_task.o)
 .bss.peer_key_info
                0x10012cc4       0x46 ../src/ASF/thirdparty/wireless/ble_smart_sdk/lib/cm0/gcc\libblusdk.a(gapc_task.o)
 .bss.dummy_key.7271
                0x10012d0a       0x10 ../src/ASF/thirdparty/wireless/ble_smart_sdk/lib/cm0/gcc\libblusdk.a(gapc_task.o)
 .bss.g_seq_num_tx
                0x10012d1a        0x2 ../src/ASF/thirdparty/wireless/ble_smart_sdk/lib/cm0/gcc\libblusdk.a(gattc_task.o)
 .bss.Seq_NUM   0x10012d1c        0x2 ../src/ASF/thirdparty/wireless/ble_smart_sdk/lib/cm0/gcc\libblusdk.a(gattc_task.o)
                0x10012d1c                Seq_NUM
 *fill*         0x10012d1e        0x2 
 .bss.u32usedBuffers
                0x10012d20        0x4 ../src/ASF/thirdparty/wireless/ble_smart_sdk/lib/cm0/gcc\libblusdk.a(gattm_task.o)
                0x10012d20                u32usedBuffers
 .bss.__malloc_sbrk_start
                0x10012d24        0x4 c:/program files (x86)/atmel/studio/7.0/toolchain/arm/arm-gnu-toolchain/bin/../lib/gcc/arm-none-eabi/5.3.1/../../../../arm-none-eabi/lib/armv6-m\libc_nano.a(lib_a-nano-mallocr.o)
                0x10012d24                __malloc_sbrk_start
 .bss.__malloc_free_list
                0x10012d28        0x4 c:/program files (x86)/atmel/studio/7.0/toolchain/arm/arm-gnu-toolchain/bin/../lib/gcc/arm-none-eabi/5.3.1/../../../../arm-none-eabi/lib/armv6-m\libc_nano.a(lib_a-nano-mallocr.o)
                0x10012d28                __malloc_free_list
 *(COMMON)
 COMMON         0x10012d2c        0x4 src/ASF/sam0/drivers/system/system_sam_b.o
                0x10012d2c                system_clock_value
 COMMON         0x10012d30        0x8 src/ASF/sam0/drivers/uart/uart.o
                0x10012d30                _uart_instances
 COMMON         0x10012d38        0x4 src/ASF/sam0/utils/stdio/read.o
                0x10012d38                ptr_get
 COMMON         0x10012d3c        0x8 src/ASF/sam0/utils/stdio/write.o
                0x10012d3c                ptr_put
                0x10012d40                stdio_base
 COMMON         0x10012d44       0x25 src/ASF/thirdparty/wireless/ble_smart_sdk/ble_profiles/pxp_monitor/pxp_monitor.o
                0x10012d44                lls_char_data
                0x10012d48                ias_char_data
                0x10012d4c                pxp_supp_scan_index
                0x10012d60                pxp_reporter_address
                0x10012d68                tx_power_char_data
 *fill*         0x10012d69        0x3 
 COMMON         0x10012d6c      0x830 src/ASF/thirdparty/wireless/ble_smart_sdk/ble_services/ble_mgr/ble_manager.o
                0x10012d6c                ble_mgr_htpt_event_cb
                0x10012d70                ble_mgr_gatt_server_event_cb
                0x10012d84                ble_dev_info
                0x10012ff0                ble_device_count
                0x10012ff4                ble_mgr_dtm_event_cb
                0x10013008                ble_mgr_gap_event_cb
                0x1001301c                ble_mgr_gatt_client_event_cb
                0x10013030                connected_state_info
                0x10013044                pf_cfg
                0x10013050                event
                0x10013054                ble_mgr_l2cap_event_cb
                0x10013058                scan_info
                0x1001338c                ble_event_params
                0x10013598                ble_mgr_custom_event_cb
 COMMON         0x1001359c       0x4c src/ASF/thirdparty/wireless/ble_smart_sdk/services/console_serial.o
                0x1001359c                uart_instance
                0x100135c0                config_uart
 COMMON         0x100135e8      0x2e2 src/ASF/thirdparty/wireless/ble_smart_sdk/src/platform_drv.o
                0x100135e8                default_samb11_clock_init
                0x100135f0                rwip_prevent_sleep_set
                0x100135f4                platform_unregister_isr
                0x100135f8                rwip_prevent_sleep_clear
                0x100135fc                actualfreq
                0x10013600                port_list
                0x10013634                rx_buffer
                0x100138b4                platform_register_isr
                0x100138b8                handle_ext_wakeup_isr
                0x100138bc                samb11_app_resume_cb
                0x100138c0                updateuartbr_fp
                0x100138c4                apps_resume_cb
                0x100138c8                plf_event_buff_index
 *fill*         0x100138ca        0x2 
 COMMON         0x100138cc       0xcc src/main.o
                0x100138cc                spi_send
                0x100138cd                periph_counter
                0x100138d0                spi_slave
                0x100138d4                spi_message
                0x10013914                app_state
                0x10013918                periph_instance
                0x1001397c                spi_master_instance
                0x10013984                supp_scan_index
 COMMON         0x10013998        0xc ../src/ASF/thirdparty/wireless/ble_smart_sdk/lib/cm0/gcc\libblusdk.a(event.o)
                0x10013998                watched_event
 COMMON         0x100139a4      0x16a ../src/ASF/thirdparty/wireless/ble_smart_sdk/lib/cm0/gcc\libblusdk.a(gap.o)
                0x100139a4                app_task_type
                0x100139a6                gstrConnData
                0x10013a36                device
 *fill*         0x10013b0e        0x2 
 COMMON         0x10013b10      0x65c ../src/ASF/thirdparty/wireless/ble_smart_sdk/lib/cm0/gcc\libblusdk.a(interface.o)
                0x10013b10                event_param_buff_index
                0x10013b14                dummy_buffer_buff
                0x10013d14                interface_send_msg
                0x10013f14                event_param_buff
 COMMON         0x1001416c        0x4 c:/program files (x86)/atmel/studio/7.0/toolchain/arm/arm-gnu-toolchain/bin/../lib/gcc/arm-none-eabi/5.3.1/../../../../arm-none-eabi/lib/armv6-m\libc_nano.a(lib_a-reent.o)
                0x1001416c                errno
                0x10014170                . = ALIGN (0x4)
                0x10014170                _ebss = .
                0x10014170                _ezero = .

.stack          0x10014170      0x800
                0x10014170                . = ALIGN (0x8)
                0x10014170                _sstack = .
                0x10014970                . = (. + STACK_SIZE)
 *fill*         0x10014170      0x800 
                0x10014970                . = ALIGN (0x8)
                0x10014970                _estack = .
                [!provide]                PROVIDE (__exidx_start, .)

.ARM.exidx
 *(.ARM.exidx* .gnu.linkonce.armexidx.*)
                [!provide]                PROVIDE (__exidx_end, .)
                0x10014970                . = ALIGN (0x4)
                0x10014970                _end = .
OUTPUT(SMSgateway1.elf elf32-littlearm)

.ARM.attributes
                0x00000000       0x28
 .ARM.attributes
                0x00000000       0x1e c:/program files (x86)/atmel/studio/7.0/toolchain/arm/arm-gnu-toolchain/bin/../lib/gcc/arm-none-eabi/5.3.1/armv6-m/crti.o
 .ARM.attributes
                0x0000001e       0x2c c:/program files (x86)/atmel/studio/7.0/toolchain/arm/arm-gnu-toolchain/bin/../lib/gcc/arm-none-eabi/5.3.1/armv6-m/crtbegin.o
 .ARM.attributes
                0x0000004a       0x31 src/ASF/sam0/drivers/dualtimer/dualtimer.o
 .ARM.attributes
                0x0000007b       0x31 src/ASF/sam0/drivers/gpio/gpio.o
 .ARM.attributes
                0x000000ac       0x31 src/ASF/sam0/drivers/spi/spi.o
 .ARM.attributes
                0x000000dd       0x31 src/ASF/sam0/drivers/system/system_sam_b.o
 .ARM.attributes
                0x0000010e       0x31 src/ASF/sam0/drivers/uart/uart.o
 .ARM.attributes
                0x0000013f       0x31 src/ASF/sam0/utils/cmsis/samb11/source/gcc/startup_samb11.o
 .ARM.attributes
                0x00000170       0x31 src/ASF/sam0/utils/stdio/read.o
 .ARM.attributes
                0x000001a1       0x31 src/ASF/sam0/utils/stdio/write.o
 .ARM.attributes
                0x000001d2       0x31 src/ASF/sam0/utils/syscalls/gcc/syscalls.o
 .ARM.attributes
                0x00000203       0x31 src/ASF/thirdparty/wireless/ble_smart_sdk/ble_profiles/pxp_monitor/pxp_monitor.o
 .ARM.attributes
                0x00000234       0x31 src/ASF/thirdparty/wireless/ble_smart_sdk/ble_services/ble_mgr/ble_manager.o
 .ARM.attributes
                0x00000265       0x31 src/ASF/thirdparty/wireless/ble_smart_sdk/services/console_serial.o
 .ARM.attributes
                0x00000296       0x31 src/ASF/thirdparty/wireless/ble_smart_sdk/services/timer_hw.o
 .ARM.attributes
                0x000002c7       0x31 src/ASF/thirdparty/wireless/ble_smart_sdk/src/event_handler.o
 .ARM.attributes
                0x000002f8       0x31 src/ASF/thirdparty/wireless/ble_smart_sdk/src/platform_drv.o
 .ARM.attributes
                0x00000329       0x31 src/ASF/thirdparty/wireless/ble_smart_sdk/src/port_from_sdk.o
 .ARM.attributes
                0x0000035a       0x31 src/main.o
 .ARM.attributes
                0x0000038b       0x31 ../src/ASF/thirdparty/wireless/ble_smart_sdk/lib/cm0/gcc\libblusdk.a(event.o)
 .ARM.attributes
                0x000003bc       0x31 ../src/ASF/thirdparty/wireless/ble_smart_sdk/lib/cm0/gcc\libblusdk.a(gap.o)
 .ARM.attributes
                0x000003ed       0x31 ../src/ASF/thirdparty/wireless/ble_smart_sdk/lib/cm0/gcc\libblusdk.a(gatt_client.o)
 .ARM.attributes
                0x0000041e       0x31 ../src/ASF/thirdparty/wireless/ble_smart_sdk/lib/cm0/gcc\libblusdk.a(gatt_server.o)
 .ARM.attributes
                0x0000044f       0x31 ../src/ASF/thirdparty/wireless/ble_smart_sdk/lib/cm0/gcc\libblusdk.a(l2cc_task.o)
 .ARM.attributes
                0x00000480       0x31 ../src/ASF/thirdparty/wireless/ble_smart_sdk/lib/cm0/gcc\libblusdk.a(security.o)
 .ARM.attributes
                0x000004b1       0x31 ../src/ASF/thirdparty/wireless/ble_smart_sdk/lib/cm0/gcc\libblusdk.a(interface.o)
 .ARM.attributes
                0x000004e2       0x31 ../src/ASF/thirdparty/wireless/ble_smart_sdk/lib/cm0/gcc\libblusdk.a(dbg_task.o)
 .ARM.attributes
                0x00000513       0x31 ../src/ASF/thirdparty/wireless/ble_smart_sdk/lib/cm0/gcc\libblusdk.a(gapc_task.o)
 .ARM.attributes
                0x00000544       0x31 ../src/ASF/thirdparty/wireless/ble_smart_sdk/lib/cm0/gcc\libblusdk.a(gapm_task.o)
 .ARM.attributes
                0x00000575       0x31 ../src/ASF/thirdparty/wireless/ble_smart_sdk/lib/cm0/gcc\libblusdk.a(gattc_task.o)
 .ARM.attributes
                0x000005a6       0x31 ../src/ASF/thirdparty/wireless/ble_smart_sdk/lib/cm0/gcc\libblusdk.a(gattm_task.o)
 .ARM.attributes
                0x000005d7       0x31 ../src/ASF/thirdparty/wireless/ble_smart_sdk/lib/cm0/gcc\libblusdk.a(htpt_task.o)
 .ARM.attributes
                0x00000608       0x1e c:/program files (x86)/atmel/studio/7.0/toolchain/arm/arm-gnu-toolchain/bin/../lib/gcc/arm-none-eabi/5.3.1/armv6-m\libgcc.a(_thumb1_case_uqi.o)
 .ARM.attributes
                0x00000626       0x1e c:/program files (x86)/atmel/studio/7.0/toolchain/arm/arm-gnu-toolchain/bin/../lib/gcc/arm-none-eabi/5.3.1/armv6-m\libgcc.a(_udivsi3.o)
 .ARM.attributes
                0x00000644       0x1e c:/program files (x86)/atmel/studio/7.0/toolchain/arm/arm-gnu-toolchain/bin/../lib/gcc/arm-none-eabi/5.3.1/armv6-m\libgcc.a(_divsi3.o)
 .ARM.attributes
                0x00000662       0x1e c:/program files (x86)/atmel/studio/7.0/toolchain/arm/arm-gnu-toolchain/bin/../lib/gcc/arm-none-eabi/5.3.1/armv6-m\libgcc.a(_dvmd_tls.o)
 .ARM.attributes
                0x00000680       0x2c c:/program files (x86)/atmel/studio/7.0/toolchain/arm/arm-gnu-toolchain/bin/../lib/gcc/arm-none-eabi/5.3.1/armv6-m\libgcc.a(_fixunsdfsi.o)
 .ARM.attributes
                0x000006ac       0x2c c:/program files (x86)/atmel/studio/7.0/toolchain/arm/arm-gnu-toolchain/bin/../lib/gcc/arm-none-eabi/5.3.1/armv6-m\libgcc.a(muldf3.o)
 .ARM.attributes
                0x000006d8       0x2c c:/program files (x86)/atmel/studio/7.0/toolchain/arm/arm-gnu-toolchain/bin/../lib/gcc/arm-none-eabi/5.3.1/armv6-m\libgcc.a(subdf3.o)
 .ARM.attributes
                0x00000704       0x2c c:/program files (x86)/atmel/studio/7.0/toolchain/arm/arm-gnu-toolchain/bin/../lib/gcc/arm-none-eabi/5.3.1/armv6-m\libgcc.a(fixdfsi.o)
 .ARM.attributes
                0x00000730       0x2c c:/program files (x86)/atmel/studio/7.0/toolchain/arm/arm-gnu-toolchain/bin/../lib/gcc/arm-none-eabi/5.3.1/armv6-m\libgcc.a(floatunsidf.o)
 .ARM.attributes
                0x0000075c       0x1e c:/program files (x86)/atmel/studio/7.0/toolchain/arm/arm-gnu-toolchain/bin/../lib/gcc/arm-none-eabi/5.3.1/armv6-m\libgcc.a(_arm_cmpdf2.o)
 .ARM.attributes
                0x0000077a       0x1e c:/program files (x86)/atmel/studio/7.0/toolchain/arm/arm-gnu-toolchain/bin/../lib/gcc/arm-none-eabi/5.3.1/armv6-m\libgcc.a(_clzsi2.o)
 .ARM.attributes
                0x00000798       0x2c c:/program files (x86)/atmel/studio/7.0/toolchain/arm/arm-gnu-toolchain/bin/../lib/gcc/arm-none-eabi/5.3.1/armv6-m\libgcc.a(eqdf2.o)
 .ARM.attributes
                0x000007c4       0x2c c:/program files (x86)/atmel/studio/7.0/toolchain/arm/arm-gnu-toolchain/bin/../lib/gcc/arm-none-eabi/5.3.1/armv6-m\libgcc.a(gedf2.o)
 .ARM.attributes