core_cm0.h:544:22:NVIC_EnableIRQ	16	static
core_cm0.h:556:22:NVIC_DisableIRQ	16	static
spi.c:63:13:_spi_is_active	16	static
spi.c:77:13:_spi_clock_enable	24	static
spi.c:103:13:_spi_clock_disable	24	static
spi.c:135:25:_spi_set_config	24	static
spi.c:201:20:_spi_is_write_complete	16	static
spi.c:222:20:_spi_is_ready_to_write	16	static
spi.c:242:20:_spi_is_ready_to_read	16	static
spi.c:265:6:spi_slave_inst_get_config_defaults	16	static
spi.c:300:6:spi_get_config_defaults	16	static
spi.c:333:6:spi_attach_slave	24	static
spi.c:360:6:spi_reset	24	static
spi.c:394:18:spi_init	40	static
spi.c:501:6:spi_enable	24	static
spi.c:526:6:spi_disable	24	static
spi.c:560:18:spi_lock	24	static
spi.c:585:6:spi_unlock	16	static
spi.c:611:18:spi_write	24	static
spi.c:647:18:spi_read	24	static
spi.c:696:18:spi_transceive_buffer_wait	40	static
spi.c:775:18:spi_transceive_wait	32	static
spi.c:802:18:spi_read_buffer_wait	32	static
spi.c:829:18:spi_write_buffer_wait	32	static
spi.c:851:18:spi_select_slave	32	static
