Archive member included to satisfy reference by file (symbol)

../src/ASF/thirdparty/wireless/ble_smart_sdk/lib/cm0/gcc\libblusdk.a(event.o)
                              src/ASF/thirdparty/wireless/ble_smart_sdk/ble_services/ble_mgr/ble_manager.o (at_ble_event_get)
../src/ASF/thirdparty/wireless/ble_smart_sdk/lib/cm0/gcc\libblusdk.a(gap.o)
                              src/ASF/thirdparty/wireless/ble_smart_sdk/ble_services/ble_mgr/ble_manager.o (at_ble_device_name_set)
../src/ASF/thirdparty/wireless/ble_smart_sdk/lib/cm0/gcc\libblusdk.a(gatt_client.o)
                              ../src/ASF/thirdparty/wireless/ble_smart_sdk/lib/cm0/gcc\libblusdk.a(gap.o) (init_gatt_client_module)
../src/ASF/thirdparty/wireless/ble_smart_sdk/lib/cm0/gcc\libblusdk.a(gatt_server.o)
                              ../src/ASF/thirdparty/wireless/ble_smart_sdk/lib/cm0/gcc\libblusdk.a(gap.o) (initi_gatt_server_module)
../src/ASF/thirdparty/wireless/ble_smart_sdk/lib/cm0/gcc\libblusdk.a(l2cc_task.o)
                              ../src/ASF/thirdparty/wireless/ble_smart_sdk/lib/cm0/gcc\libblusdk.a(gap.o) (init_l2cc_task_module)
../src/ASF/thirdparty/wireless/ble_smart_sdk/lib/cm0/gcc\libblusdk.a(security.o)
                              src/ASF/thirdparty/wireless/ble_smart_sdk/ble_services/ble_mgr/ble_manager.o (at_ble_authenticate)
../src/ASF/thirdparty/wireless/ble_smart_sdk/lib/cm0/gcc\libblusdk.a(interface.o)
                              ../src/ASF/thirdparty/wireless/ble_smart_sdk/lib/cm0/gcc\libblusdk.a(gap.o) (rx_callback)
../src/ASF/thirdparty/wireless/ble_smart_sdk/lib/cm0/gcc\libblusdk.a(calib_task.o)
                              ../src/ASF/thirdparty/wireless/ble_smart_sdk/lib/cm0/gcc\libblusdk.a(gap.o) (calib_config)
../src/ASF/thirdparty/wireless/ble_smart_sdk/lib/cm0/gcc\libblusdk.a(dbg_task.o)
                              ../src/ASF/thirdparty/wireless/ble_smart_sdk/lib/cm0/gcc\libblusdk.a(gap.o) (dbg_le_set_bd_addr_req_handler)
../src/ASF/thirdparty/wireless/ble_smart_sdk/lib/cm0/gcc\libblusdk.a(gapc_task.o)
                              ../src/ASF/thirdparty/wireless/ble_smart_sdk/lib/cm0/gcc\libblusdk.a(security.o) (check_ConnData_idx_role)
../src/ASF/thirdparty/wireless/ble_smart_sdk/lib/cm0/gcc\libblusdk.a(gapm_task.o)
                              ../src/ASF/thirdparty/wireless/ble_smart_sdk/lib/cm0/gcc\libblusdk.a(gap.o) (gapm_reset_req_handler)
../src/ASF/thirdparty/wireless/ble_smart_sdk/lib/cm0/gcc\libblusdk.a(gattc_task.o)
                              ../src/ASF/thirdparty/wireless/ble_smart_sdk/lib/cm0/gcc\libblusdk.a(gatt_server.o) (gattc_read_req_ind_parser)
../src/ASF/thirdparty/wireless/ble_smart_sdk/lib/cm0/gcc\libblusdk.a(gattm_task.o)
                              ../src/ASF/thirdparty/wireless/ble_smart_sdk/lib/cm0/gcc\libblusdk.a(gatt_server.o) (gattm_add_svc_req_handler)
../src/ASF/thirdparty/wireless/ble_smart_sdk/lib/cm0/gcc\libblusdk.a(htpt_task.o)
                              ../src/ASF/thirdparty/wireless/ble_smart_sdk/lib/cm0/gcc\libblusdk.a(event.o) (htpt_enable_rsp_handler)
c:/program files (x86)/atmel/studio/7.0/toolchain/arm/arm-gnu-toolchain/bin/../lib/gcc/arm-none-eabi/5.3.1/armv6-m\libgcc.a(_thumb1_case_sqi.o)
                              ../src/ASF/thirdparty/wireless/ble_smart_sdk/lib/cm0/gcc\libblusdk.a(gap.o) (__gnu_thumb1_case_sqi)
c:/program files (x86)/atmel/studio/7.0/toolchain/arm/arm-gnu-toolchain/bin/../lib/gcc/arm-none-eabi/5.3.1/armv6-m\libgcc.a(_thumb1_case_uqi.o)
                              src/ASF/common2/components/memory/eeprom/at30tse75x/at30tse75x.o (__gnu_thumb1_case_uqi)
c:/program files (x86)/atmel/studio/7.0/toolchain/arm/arm-gnu-toolchain/bin/../lib/gcc/arm-none-eabi/5.3.1/armv6-m\libgcc.a(_thumb1_case_uhi.o)
                              src/ASF/sam0/drivers/system/system_sam_b.o (__gnu_thumb1_case_uhi)
c:/program files (x86)/atmel/studio/7.0/toolchain/arm/arm-gnu-toolchain/bin/../lib/gcc/arm-none-eabi/5.3.1/armv6-m\libgcc.a(_udivsi3.o)
                              src/ASF/sam0/drivers/uart/uart.o (__aeabi_uidiv)
c:/program files (x86)/atmel/studio/7.0/toolchain/arm/arm-gnu-toolchain/bin/../lib/gcc/arm-none-eabi/5.3.1/armv6-m\libgcc.a(_dvmd_tls.o)
                              c:/program files (x86)/atmel/studio/7.0/toolchain/arm/arm-gnu-toolchain/bin/../lib/gcc/arm-none-eabi/5.3.1/armv6-m\libgcc.a(_udivsi3.o) (__aeabi_idiv0)
c:/program files (x86)/atmel/studio/7.0/toolchain/arm/arm-gnu-toolchain/bin/../lib/gcc/arm-none-eabi/5.3.1/armv6-m\libgcc.a(_fixunsdfsi.o)
                              src/ASF/thirdparty/wireless/ble_smart_sdk/services/console_serial.o (__aeabi_d2uiz)
c:/program files (x86)/atmel/studio/7.0/toolchain/arm/arm-gnu-toolchain/bin/../lib/gcc/arm-none-eabi/5.3.1/armv6-m\libgcc.a(mulsf3.o)
                              ../src/ASF/thirdparty/wireless/ble_smart_sdk/lib/cm0/gcc\libblusdk.a(calib_task.o) (__aeabi_fmul)
[...]
Memory Configuration

Name             Origin             Length             Attributes
ram              0x10008000         0x00017800         xrw
lram             0x1001f800         0x00000800         xrw
*default*        0x00000000         0xffffffff

Linker script and memory map

LOAD c:/program files (x86)/atmel/studio/7.0/toolchain/arm/arm-gnu-toolchain/bin/../lib/gcc/arm-none-eabi/5.3.1/armv6-m/crti.o
LOAD c:/program files (x86)/atmel/studio/7.0/toolchain/arm/arm-gnu-toolchain/bin/../lib/gcc/arm-none-eabi/5.3.1/armv6-m/crtbegin.o
LOAD c:/program files (x86)/atmel/studio/7.0/toolchain/arm/arm-gnu-toolchain/bin/../lib/gcc/arm-none-eabi/5.3.1/../../../../arm-none-eabi/lib/armv6-m/crt0.o
LOAD src/ASF/common2/components/memory/eeprom/at30tse75x/at30tse75x.o
LOAD src/ASF/common/utils/interrupt/interrupt_sam_nvic.o
LOAD src/ASF/sam0/boards/samb11_xplained_pro/board_init.o
LOAD src/ASF/sam0/drivers/dualtimer/dualtimer.o
LOAD src/ASF/sam0/drivers/gpio/gpio.o
LOAD src/ASF/sam0/drivers/i2c/i2c_master.o
LOAD src/ASF/sam0/drivers/i2c/i2c_master_interrupt.o
LOAD src/ASF/sam0/drivers/system/system_sam_b.o
LOAD src/ASF/sam0/drivers/timer/timer.o
LOAD src/ASF/sam0/drivers/uart/uart.o
LOAD src/ASF/sam0/utils/cmsis/samb11/source/gcc/startup_samb11.o
LOAD src/ASF/sam0/utils/cmsis/samb11/source/system_samb11.o
LOAD src/ASF/sam0/utils/stdio/read.o
LOAD src/ASF/sam0/utils/stdio/write.o
LOAD src/ASF/sam0/utils/syscalls/gcc/syscalls.o
LOAD src/ASF/thirdparty/wireless/ble_smart_sdk/ble_profiles/pxp_monitor/pxp_monitor.o
LOAD src/ASF/thirdparty/wireless/ble_smart_sdk/ble_services/ble_mgr/ble_manager.o
LOAD src/ASF/thirdparty/wireless/ble_smart_sdk/ble_services/immediate_alert/immediate_alert.o
LOAD src/ASF/thirdparty/wireless/ble_smart_sdk/ble_services/link_loss/link_loss.o
LOAD src/ASF/thirdparty/wireless/ble_smart_sdk/ble_services/tx_power/tx_power.o
LOAD src/ASF/thirdparty/wireless/ble_smart_sdk/services/button.o
LOAD src/ASF/thirdparty/wireless/ble_smart_sdk/services/console_serial.o
LOAD src/ASF/thirdparty/wireless/ble_smart_sdk/services/led.o
LOAD src/ASF/thirdparty/wireless/ble_smart_sdk/services/timer_hw.o
LOAD src/ASF/thirdparty/wireless/ble_smart_sdk/src/event_handler.o
LOAD src/ASF/thirdparty/wireless/ble_smart_sdk/src/platform_drv.o
LOAD src/ASF/thirdparty/wireless/ble_smart_sdk/src/port_from_sdk.o
LOAD src/main.o
START GROUP
LOAD ../src/ASF/thirdparty/CMSIS/Lib/GCC\libarm_cortexM0l_math.a
LOAD ../src/ASF/thirdparty/wireless/ble_smart_sdk/lib/cm0/gcc\libblusdk.a
LOAD c:/program files (x86)/atmel/studio/7.0/toolchain/arm/arm-gnu-toolchain/bin/../lib/gcc/arm-none-eabi/5.3.1/../../../../arm-none-eabi/lib/armv6-m\libm.a
END GROUP
START GROUP
LOAD c:/program files (x86)/atmel/studio/7.0/toolchain/arm/arm-gnu-toolchain/bin/../lib/gcc/arm-none-eabi/5.3.1/armv6-m\libgcc.a
LOAD c:/program files (x86)/atmel/studio/7.0/toolchain/arm/arm-gnu-toolchain/bin/../lib/gcc/arm-none-eabi/5.3.1/../../../../arm-none-eabi/lib/armv6-m\libc_nano.a
END GROUP
START GROUP
LOAD c:/program files (x86)/atmel/studio/7.0/toolchain/arm/arm-gnu-toolchain/bin/../lib/gcc/arm-none-eabi/5.3.1/armv6-m\libgcc.a
LOAD c:/program files (x86)/atmel/studio/7.0/toolchain/arm/arm-gnu-toolchain/bin/../lib/gcc/arm-none-eabi/5.3.1/../../../../arm-none-eabi/lib/armv6-m\libc_nano.a
END GROUP
LOAD c:/program files (x86)/atmel/studio/7.0/toolchain/arm/arm-gnu-toolchain/bin/../lib/gcc/arm-none-eabi/5.3.1/armv6-m/crtend.o
LOAD c:/program files (x86)/atmel/studio/7.0/toolchain/arm/arm-gnu-toolchain/bin/../lib/gcc/arm-none-eabi/5.3.1/armv6-m/crtn.o
                0x00000800                STACK_SIZE = DEFINED (STACK_SIZE)?STACK_SIZE:DEFINED (__stack_size__)?__stack_size__:0x800

.text           0x10008000     0x75f4
                0x10008000                . = ALIGN (0x4)
                0x10008000                _sfixed = .
 *(.test.main .text.app_entry)
 .text.app_entry
                0x10008000       0x54 src/ASF/sam0/utils/cmsis/samb11/source/gcc/startup_samb11.o
                0x10008000                app_entry
 *(.text .text.* .gnu.linkonce.t.*)
 .text          0x10008054       0x60 c:/program files (x86)/atmel/studio/7.0/toolchain/arm/arm-gnu-toolchain/bin/../lib/gcc/arm-none-eabi/5.3.1/armv6-m/crtbegin.o
 .text.dualtimer_set_counter
                0x100080b4       0x24 src/ASF/sam0/drivers/dualtimer/dualtimer.o
                0x100080b4                dualtimer_set_counter
 .text.dualtimer_enable
                0x100080d8       0x28 src/ASF/sam0/drivers/dualtimer/dualtimer.o
                0x100080d8                dualtimer_enable
 .text.dualtimer_disable
                0x10008100       0x24 src/ASF/sam0/drivers/dualtimer/dualtimer.o
                0x10008100                dualtimer_disable
 .text.dualtimer_register_callback
                0x10008124       0x14 src/ASF/sam0/drivers/dualtimer/dualtimer.o
                0x10008124                dualtimer_register_callback
 .text.gpio_port0_isr_handler
                0x10008138       0x5c src/ASF/sam0/drivers/gpio/gpio.o
 .text.gpio_port1_isr_handler
                0x10008194       0x74 src/ASF/sam0/drivers/gpio/gpio.o
 .text.gpio_get_config_defaults
                0x10008208        0xe src/ASF/sam0/drivers/gpio/gpio.o
                0x10008208                gpio_get_config_defaults
 *fill*         0x10008216        0x2 
 .text.gpio_pin_set_config
                0x10008218      0x14c src/ASF/sam0/drivers/gpio/gpio.o
                0x10008218                gpio_pin_set_config
 .text.gpio_pin_set_output_level
                0x10008364       0x4c src/ASF/sam0/drivers/gpio/gpio.o
                0x10008364                gpio_pin_set_output_level
 .text.gpio_pinmux_cofiguration
                0x100083b0       0xd8 src/ASF/sam0/drivers/gpio/gpio.o
                0x100083b0                gpio_pinmux_cofiguration
 .text.gpio_register_callback
                0x10008488       0xc4 src/ASF/sam0/drivers/gpio/gpio.o
                0x10008488                gpio_register_callback
 .text.gpio_enable_callback
                0x1000854c       0x34 src/ASF/sam0/drivers/gpio/gpio.o
                0x1000854c                gpio_enable_callback
 .text.gpio_init
                0x10008580       0x6c src/ASF/sam0/drivers/gpio/gpio.o
                0x10008580                gpio_init
 .text.system_clock_config
                0x100085ec       0x78 src/ASF/sam0/drivers/system/system_sam_b.o
                0x100085ec                system_clock_config
 .text.system_clock_get_value
                0x10008664        0xc src/ASF/sam0/drivers/system/system_sam_b.o
                0x10008664                system_clock_get_value
 .text.system_clock_peripheral_enable
                0x10008670      0x1e8 src/ASF/sam0/drivers/system/system_sam_b.o
                0x10008670                system_clock_peripheral_enable
 .text.system_peripheral_reset
                0x10008858      0x388 src/ASF/sam0/drivers/system/system_sam_b.o
                0x10008858                system_peripheral_reset
 .text.system_register_isr
                0x10008be0        0xc src/ASF/sam0/drivers/system/system_sam_b.o
                0x10008be0                system_register_isr
 .text.uart_rx0_isr_handler
                0x10008bec       0x8c src/ASF/sam0/drivers/uart/uart.o
 .text.uart_tx1_isr_handler
                0x10008c78       0x8c src/ASF/sam0/drivers/uart/uart.o
 .text.uart_rx1_isr_handler
                0x10008d04       0x8c src/ASF/sam0/drivers/uart/uart.o
 .text.uart_tx0_isr_handler
                0x10008d90       0x8c src/ASF/sam0/drivers/uart/uart.o
 .text.uart_get_config_defaults
                0x10008e1c       0x2a src/ASF/sam0/drivers/uart/uart.o
                0x10008e1c                uart_get_config_defaults
 *fill*         0x10008e46        0x2 
 .text.uart_init
                0x10008e48      0x15c src/ASF/sam0/drivers/uart/uart.o
                0x10008e48                uart_init
 .text.uart_write_wait
                0x10008fa4       0x10 src/ASF/sam0/drivers/uart/uart.o
                0x10008fa4                uart_write_wait
 .text.uart_read_wait
                0x10008fb4       0x12 src/ASF/sam0/drivers/uart/uart.o
                0x10008fb4                uart_read_wait
 .text.uart_read_buffer_job
                0x10008fc6       0x26 src/ASF/sam0/drivers/uart/uart.o
                0x10008fc6                uart_read_buffer_job
 .text.uart_register_callback
                0x10008fec       0x14 src/ASF/sam0/drivers/uart/uart.o
                0x10008fec                uart_register_callback
 .text.uart_unregister_callback
                0x10009000       0x16 src/ASF/sam0/drivers/uart/uart.o
                0x10009000                uart_unregister_callback
 .text.uart_enable_callback
                0x10009016       0x1e src/ASF/sam0/drivers/uart/uart.o
                0x10009016                uart_enable_callback
 .text.uart_disable_callback
                0x10009034       0x1e src/ASF/sam0/drivers/uart/uart.o
                0x10009034                uart_disable_callback
 *fill*         0x10009052        0x2 
 .text._read    0x10009054       0x38 src/ASF/sam0/utils/stdio/read.o
                0x10009054                _read
 .text._write   0x1000908c       0x34 src/ASF/sam0/utils/stdio/write.o
                0x1000908c                _write
 .text._sbrk    0x100090c0       0x20 src/ASF/sam0/utils/syscalls/gcc/syscalls.o
                0x100090c0                _sbrk
 .text._close   0x100090e0        0x6 src/ASF/sam0/utils/syscalls/gcc/syscalls.o
                0x100090e0                _close
 .text._fstat   0x100090e6        0xa src/ASF/sam0/utils/syscalls/gcc/syscalls.o
                0x100090e6                _fstat
 .text._isatty  0x100090f0        0x4 src/ASF/sam0/utils/syscalls/gcc/syscalls.o
                0x100090f0                _isatty
 .text._lseek   0x100090f4        0x4 src/ASF/sam0/utils/syscalls/gcc/syscalls.o
                0x100090f4                _lseek
 .text.pxp_monitor_connect_request
                0x100090f8       0x48 src/ASF/thirdparty/wireless/ble_smart_sdk/ble_profiles/pxp_monitor/pxp_monitor.o
                0x100090f8                pxp_monitor_connect_request
 .text.register_hw_timer_start_func_cb
                0x10009140        0xc src/ASF/thirdparty/wireless/ble_smart_sdk/ble_profiles/pxp_monitor/pxp_monitor.o
                0x10009140                register_hw_timer_start_func_cb
 .text.register_hw_timer_stop_func_cb
                0x1000914c        0xc src/ASF/thirdparty/wireless/ble_smart_sdk/ble_profiles/pxp_monitor/pxp_monitor.o
                0x1000914c                register_hw_timer_stop_func_cb
 .text.ble_scan_report_handler
                0x10009158        0xa src/ASF/thirdparty/wireless/ble_smart_sdk/ble_services/ble_mgr/ble_manager.o
                0x10009158                ble_scan_report_handler
 .text.ble_characteristic_write_cmd_complete_handler
                0x10009162        0xa src/ASF/thirdparty/wireless/ble_smart_sdk/ble_services/ble_mgr/ble_manager.o
                0x10009162                ble_characteristic_write_cmd_complete_handler
 .text.ble_disconnected_state_handler
                0x1000916c       0x6c src/ASF/thirdparty/wireless/ble_smart_sdk/ble_services/ble_mgr/ble_manager.o
                0x1000916c                ble_disconnected_state_handler
 .text.ble_conn_param_update
                0x100091d8        0x4 src/ASF/thirdparty/wireless/ble_smart_sdk/ble_services/ble_mgr/ble_manager.o
                0x100091d8                ble_conn_param_update
 .text.ble_encryption_status_change_handler
                0x100091dc       0x6c src/ASF/thirdparty/wireless/ble_smart_sdk/ble_services/ble_mgr/ble_manager.o
                0x100091dc                ble_encryption_status_change_handler
 .text.ble_conn_param_update_req
                0x10009248       0x18 src/ASF/thirdparty/wireless/ble_smart_sdk/ble_services/ble_mgr/ble_manager.o
                0x10009248                ble_conn_param_update_req
 .text.ble_slave_security_request_handler
                0x10009260      0x168 src/ASF/thirdparty/wireless/ble_smart_sdk/ble_services/ble_mgr/ble_manager.o
                0x10009260                ble_slave_security_request_handler
 .text.ble_pair_request_handler
                0x100093c8       0xf8 src/ASF/thirdparty/wireless/ble_smart_sdk/ble_services/ble_mgr/ble_manager.o
                0x100093c8                ble_pair_request_handler
 .text.ble_encryption_request_handler
                0x100094c0       0x90 src/ASF/thirdparty/wireless/ble_smart_sdk/ble_services/ble_mgr/ble_manager.o
                0x100094c0                ble_encryption_request_handler
 .text.ble_scan_info_handler
                0x10009550       0x40 src/ASF/thirdparty/wireless/ble_smart_sdk/ble_services/ble_mgr/ble_manager.o
                0x10009550                ble_scan_info_handler
 .text.ble_pair_done_handler
                0x10009590       0xac src/ASF/thirdparty/wireless/ble_smart_sdk/ble_services/ble_mgr/ble_manager.o
                0x10009590                ble_pair_done_handler
 .text.ble_pair_key_request_handler
                0x1000963c       0x84 src/ASF/thirdparty/wireless/ble_smart_sdk/ble_services/ble_mgr/ble_manager.o
                0x1000963c                ble_pair_key_request_handler
 .text.ble_mtu_changed_indication_handler
                0x100096c0        0x4 src/ASF/thirdparty/wireless/ble_smart_sdk/ble_services/ble_mgr/ble_manager.o
                0x100096c0                ble_mtu_changed_indication_handler
 .text.ble_undefined_event_handler
                0x100096c4        0x4 src/ASF/thirdparty/wireless/ble_smart_sdk/ble_services/ble_mgr/ble_manager.o
                0x100096c4                ble_undefined_event_handler
 .text.ble_mtu_changed_cmd_complete_handler
                0x100096c8        0xa src/ASF/thirdparty/wireless/ble_smart_sdk/ble_services/ble_mgr/ble_manager.o
                0x100096c8                ble_mtu_changed_cmd_complete_handler
 *fill*         0x100096d2        0x2 
 .text.ble_set_device_name
                0x100096d4       0x1c src/ASF/thirdparty/wireless/ble_smart_sdk/ble_services/ble_mgr/ble_manager.o
                0x100096d4                ble_set_device_name
 .text.ble_mgr_events_callback_handler
                0x100096f0       0x64 src/ASF/thirdparty/wireless/ble_smart_sdk/ble_services/ble_mgr/ble_manager.o
                0x100096f0                ble_mgr_events_callback_handler
 .text.ble_device_init
                0x10009754      0x1c4 src/ASF/thirdparty/wireless/ble_smart_sdk/ble_services/ble_mgr/ble_manager.o
                0x10009754                ble_device_init
 .text.gap_dev_connect
                0x10009918       0x48 src/ASF/thirdparty/wireless/ble_smart_sdk/ble_services/ble_mgr/ble_manager.o
                0x10009918                gap_dev_connect
 .text.gap_dev_scan
                0x10009960       0x24 src/ASF/thirdparty/wireless/ble_smart_sdk/ble_services/ble_mgr/ble_manager.o
                0x10009960                gap_dev_scan
 .text.scan_info_parse
                0x10009984       0xd0 src/ASF/thirdparty/wireless/ble_smart_sdk/ble_services/ble_mgr/ble_manager.o
                0x10009984                scan_info_parse
 .text.ble_send_slave_sec_request
                0x10009a54       0x18 src/ASF/thirdparty/wireless/ble_smart_sdk/ble_services/ble_mgr/ble_manager.o
                0x10009a54                ble_send_slave_sec_request
 .text.ble_connected_state_handler
                0x10009a6c      0x168 src/ASF/thirdparty/wireless/ble_smart_sdk/ble_services/ble_mgr/ble_manager.o
                0x10009a6c                ble_connected_state_handler
 .text.ble_resolv_rand_addr_handler
                0x10009bd4       0xc4 src/ASF/thirdparty/wireless/ble_smart_sdk/ble_services/ble_mgr/ble_manager.o
                0x10009bd4                ble_resolv_rand_addr_handler
 .text.ble_connected_device_role
                0x10009c98       0x34 src/ASF/thirdparty/wireless/ble_smart_sdk/ble_services/ble_mgr/ble_manager.o
                0x10009c98                ble_connected_device_role
 .text.ble_check_iscentral
                0x10009ccc       0x28 src/ASF/thirdparty/wireless/ble_smart_sdk/ble_services/ble_mgr/ble_manager.o
                0x10009ccc                ble_check_iscentral
 .text.ble_event_manager
                0x10009cf4      0x104 src/ASF/thirdparty/wireless/ble_smart_sdk/ble_services/ble_mgr/ble_manager.o
                0x10009cf4                ble_event_manager
 .text.ble_event_task
                0x10009df8       0x30 src/ASF/thirdparty/wireless/ble_smart_sdk/ble_services/ble_mgr/ble_manager.o
                0x10009df8                ble_event_task
 .text.button_init
                0x10009e28       0x44 src/ASF/thirdparty/wireless/ble_smart_sdk/services/button.o
                0x10009e28                button_init
 .text.uart_read_complete_callback
                0x10009e6c        0xc src/ASF/thirdparty/wireless/ble_smart_sdk/services/console_serial.o
 .text.usart_serial_getchar
                0x10009e78       0x18 src/ASF/thirdparty/wireless/ble_smart_sdk/services/console_serial.o
 .text.usart_serial_putchar
                0x10009e90       0x18 src/ASF/thirdparty/wireless/ble_smart_sdk/services/console_serial.o
 .text.serial_console_init
                0x10009ea8       0x94 src/ASF/thirdparty/wireless/ble_smart_sdk/services/console_serial.o
                0x10009ea8                serial_console_init
 .text._time_start
                0x10009f3c       0x54 src/ASF/thirdparty/wireless/ble_smart_sdk/services/console_serial.o
                0x10009f3c                _time_start
 .text._time_done
                0x10009f90       0x10 src/ASF/thirdparty/wireless/ble_smart_sdk/services/console_serial.o
                0x10009f90                _time_done
 .text.getchar_b11_timeout
                0x10009fa0       0x8c src/ASF/thirdparty/wireless/ble_smart_sdk/services/console_serial.o
                0x10009fa0                getchar_b11_timeout
 .text.dualtimer_callback2
                0x1000a02c       0x14 src/ASF/thirdparty/wireless/ble_smart_sdk/services/timer_hw.o
                0x1000a02c                dualtimer_callback2
 .text.hw_timer_register_callback
                0x1000a040       0x34 src/ASF/thirdparty/wireless/ble_smart_sdk/services/timer_hw.o
                0x1000a040                hw_timer_register_callback
 .text.hw_timer_start
                0x1000a074       0x2c src/ASF/thirdparty/wireless/ble_smart_sdk/services/timer_hw.o
                0x1000a074                hw_timer_start
 .text.hw_timer_stop
                0x1000a0a0       0x10 src/ASF/thirdparty/wireless/ble_smart_sdk/services/timer_hw.o
                0x1000a0a0                hw_timer_stop
 .text.platform_event_free
                0x1000a0b0       0x10 src/ASF/thirdparty/wireless/ble_smart_sdk/src/event_handler.o
                0x1000a0b0                platform_event_free
 .text.platform_event_post
                0x1000a0c0       0x3c src/ASF/thirdparty/wireless/ble_smart_sdk/src/event_handler.o
                0x1000a0c0                platform_event_post
 .text.platform_event_init
                0x1000a0fc       0x2c src/ASF/thirdparty/wireless/ble_smart_sdk/src/event_handler.o
                0x1000a0fc                platform_event_init
 .text.samb11_plf_resume_callback
                0x1000a128       0x2c src/ASF/thirdparty/wireless/ble_smart_sdk/src/platform_drv.o
                0x1000a128                samb11_plf_resume_callback
 .text.at_ke_msg_send
                0x1000a154       0x6c src/ASF/thirdparty/wireless/ble_smart_sdk/src/platform_drv.o
 .text.init_port_list
                0x1000a1c0       0x48 src/ASF/thirdparty/wireless/ble_smart_sdk/src/platform_drv.o
                0x1000a1c0                init_port_list
 .text.init_clock
                0x1000a208       0x30 src/ASF/thirdparty/wireless/ble_smart_sdk/src/platform_drv.o
                0x1000a208                init_clock
 .text.platform_driver_init
                0x1000a238      0x1f4 src/ASF/thirdparty/wireless/ble_smart_sdk/src/platform_drv.o
                0x1000a238                platform_driver_init
 .text.platform_register_ble_msg_handler
                0x1000a42c       0x1c src/ASF/thirdparty/wireless/ble_smart_sdk/src/platform_drv.o
                0x1000a42c                platform_register_ble_msg_handler
 .text.platform_interface_send
                0x1000a448       0x48 src/ASF/thirdparty/wireless/ble_smart_sdk/src/platform_drv.o
                0x1000a448                platform_interface_send
 .text.send_plf_int_msg_ind
                0x1000a490       0x58 src/ASF/thirdparty/wireless/ble_smart_sdk/src/platform_drv.o
                0x1000a490                send_plf_int_msg_ind
 .text.platform_event_wait
                0x1000a4e8      0x200 src/ASF/thirdparty/wireless/ble_smart_sdk/src/platform_drv.o
                0x1000a4e8                platform_event_wait
 .text.acquire_sleep_lock
                0x1000a6e8       0x70 src/ASF/thirdparty/wireless/ble_smart_sdk/src/platform_drv.o
                0x1000a6e8                acquire_sleep_lock
 .text.gpio1_combined_isr_handler
                0x1000a758       0x58 src/ASF/thirdparty/wireless/ble_smart_sdk/src/port_from_sdk.o
                0x1000a758                gpio1_combined_isr_handler
 .text.gpio0_combined_isr_handler
                0x1000a7b0       0x58 src/ASF/thirdparty/wireless/ble_smart_sdk/src/port_from_sdk.o
                0x1000a7b0                gpio0_combined_isr_handler
 .text.PORT1_COMB_Handler
                0x1000a808       0x40 src/ASF/thirdparty/wireless/ble_smart_sdk/src/port_from_sdk.o
                0x1000a808                PORT1_COMB_Handler
 .text.ble_disconnected_app_event
                0x1000a848       0x10 src/main.o
 .text.sms_gateway_char_write_resp
                0x1000a858        0x4 src/main.o
 .text.timer_callback_fn
                0x1000a85c        0xc src/main.o
 .text.sms_gateway_indication_received
                0x1000a868       0x20 src/main.o
 .text.sms_gateway_notification_received
                0x1000a888       0x20 src/main.o
 .text.ble_connected_app_event
                0x1000a8a8       0x24 src/main.o
 .text.ble_scan_data_app_event
                0x1000a8cc      0x158 src/main.o
 .text.button_cb
                0x1000aa24       0x20 src/main.o
 .text.sms_gateway_char_read_multiple
                0x1000aa44        0x4 src/main.o
 .text.sms_gateway_service_found
                0x1000aa48        0x4 src/main.o
 .text.sms_gateway_char_found
                0x1000aa4c        0x4 src/main.o
 .text.sms_gateway_descr_found
                0x1000aa50        0x4 src/main.o
 .text.sms_gateway_discovery_complete
                0x1000aa54        0x4 src/main.o
 .text.sms_gateway_char_read_by_uuid
                0x1000aa58        0x4 src/main.o
 .text.sms_gateway_discover_services
                0x1000aa5c       0x20 src/main.o
                0x1000aa5c                sms_gateway_discover_services
 .text.ble_paired_app_event
                0x1000aa7c       0x18 src/main.o
 .text.startup.main
                0x1000aa94       0xec src/main.o
                0x1000aa94                main
 .text.internal_event_post
                0x1000ab80       0x3c ../src/ASF/thirdparty/wireless/ble_smart_sdk/lib/cm0/gcc\libblusdk.a(event.o)
                0x1000ab80                internal_event_post
 .text.internal_event_init
                0x1000abbc       0x30 ../src/ASF/thirdparty/wireless/ble_smart_sdk/lib/cm0/gcc\libblusdk.a(event.o)
                0x1000abbc                internal_event_init
 .text.special_events_handler
                0x1000abec       0x90 ../src/ASF/thirdparty/wireless/ble_smart_sdk/lib/cm0/gcc\libblusdk.a(event.o)
                0x1000abec                special_events_handler
 .text.at_ble_event_get
                0x1000ac7c      0x628 ../src/ASF/thirdparty/wireless/ble_smart_sdk/lib/cm0/gcc\libblusdk.a(event.o)
                0x1000ac7c                at_ble_event_get
 .text.internal_event_flush
                0x1000b2a4       0x44 ../src/ASF/thirdparty/wireless/ble_smart_sdk/lib/cm0/gcc\libblusdk.a(event.o)
                0x1000b2a4                internal_event_flush
 .text.internal_conn_flush
                0x1000b2e8       0x54 ../src/ASF/thirdparty/wireless/ble_smart_sdk/lib/cm0/gcc\libblusdk.a(event.o)
                0x1000b2e8                internal_conn_flush
 .text.at_ble_device_name_set
                0x1000b33c       0x34 ../src/ASF/thirdparty/wireless/ble_smart_sdk/lib/cm0/gcc\libblusdk.a(gap.o)
                0x1000b33c                at_ble_device_name_set
 .text.at_ble_addr_get
                0x1000b370       0x24 ../src/ASF/thirdparty/wireless/ble_smart_sdk/lib/cm0/gcc\libblusdk.a(gap.o)
                0x1000b370                at_ble_addr_get
 .text.at_ble_set_dev_config
                0x1000b394       0x90 ../src/ASF/thirdparty/wireless/ble_smart_sdk/lib/cm0/gcc\libblusdk.a(gap.o)
                0x1000b394                at_ble_set_dev_config
 .text.at_ble_init
                0x1000b424      0x198 ../src/ASF/thirdparty/wireless/ble_smart_sdk/lib/cm0/gcc\libblusdk.a(gap.o)
                0x1000b424                at_ble_init
 .text.at_ble_addr_set
                0x1000b5bc       0x54 ../src/ASF/thirdparty/wireless/ble_smart_sdk/lib/cm0/gcc\libblusdk.a(gap.o)
                0x1000b5bc                at_ble_addr_set
 .text.at_ble_scan_start
                0x1000b610       0x90 ../src/ASF/thirdparty/wireless/ble_smart_sdk/lib/cm0/gcc\libblusdk.a(gap.o)
                0x1000b610                at_ble_scan_start
 .text.at_ble_scan_stop
                0x1000b6a0       0x20 ../src/ASF/thirdparty/wireless/ble_smart_sdk/lib/cm0/gcc\libblusdk.a(gap.o)
                0x1000b6a0                at_ble_scan_stop
 .text.at_ble_connect
                0x1000b6c0       0xd8 ../src/ASF/thirdparty/wireless/ble_smart_sdk/lib/cm0/gcc\libblusdk.a(gap.o)
                0x1000b6c0                at_ble_connect
 .text.at_ble_disconnect
                0x1000b798       0x20 ../src/ASF/thirdparty/wireless/ble_smart_sdk/lib/cm0/gcc\libblusdk.a(gap.o)
                0x1000b798                at_ble_disconnect
 .text.at_ble_conn_update_reply
                0x1000b7b8        0xc ../src/ASF/thirdparty/wireless/ble_smart_sdk/lib/cm0/gcc\libblusdk.a(gap.o)
                0x1000b7b8                at_ble_conn_update_reply
 .text.at_ble_random_address_resolve
                0x1000b7c4       0x28 ../src/ASF/thirdparty/wireless/ble_smart_sdk/lib/cm0/gcc\libblusdk.a(gap.o)
                0x1000b7c4                at_ble_random_address_resolve
 .text.at_ble_uuid_len2type
                0x1000b7ec       0x14 ../src/ASF/thirdparty/wireless/ble_smart_sdk/lib/cm0/gcc\libblusdk.a(gap.o)
                0x1000b7ec                at_ble_uuid_len2type
 .text.init_gatt_client_module
                0x1000b800        0xc ../src/ASF/thirdparty/wireless/ble_smart_sdk/lib/cm0/gcc\libblusdk.a(gatt_client.o)
                0x1000b800                init_gatt_client_module
 .text.at_ble_primary_service_discover_all
                0x1000b80c       0x28 ../src/ASF/thirdparty/wireless/ble_smart_sdk/lib/cm0/gcc\libblusdk.a(gatt_client.o)
                0x1000b80c                at_ble_primary_service_discover_all
 .text.db_searchATT
                0x1000b834       0x40 ../src/ASF/thirdparty/wireless/ble_smart_sdk/lib/cm0/gcc\libblusdk.a(gatt_server.o)
 .text.at_ble_read_authorize_reply.part.2
                0x1000b874       0x30 ../src/ASF/thirdparty/wireless/ble_smart_sdk/lib/cm0/gcc\libblusdk.a(gatt_server.o)
 .text.initi_gatt_server_module
                0x1000b8a4       0x34 ../src/ASF/thirdparty/wireless/ble_smart_sdk/lib/cm0/gcc\libblusdk.a(gatt_server.o)
                0x1000b8a4                initi_gatt_server_module
 .text.db_init  0x1000b8d8       0x44 ../src/ASF/thirdparty/wireless/ble_smart_sdk/lib/cm0/gcc\libblusdk.a(gatt_server.o)
                0x1000b8d8                db_init
 .text.at_ble_characteristic_value_set
                0x1000b91c       0x3c ../src/ASF/thirdparty/wireless/ble_smart_sdk/lib/cm0/gcc\libblusdk.a(gatt_server.o)
                0x1000b91c                at_ble_characteristic_value_set
 .text.at_ble_characteristic_value_get
                0x1000b958       0x40 ../src/ASF/thirdparty/wireless/ble_smart_sdk/lib/cm0/gcc\libblusdk.a(gatt_server.o)
                0x1000b958                at_ble_characteristic_value_get
 .text.at_ble_write_authorize_reply
                0x1000b998       0x88 ../src/ASF/thirdparty/wireless/ble_smart_sdk/lib/cm0/gcc\libblusdk.a(gatt_server.o)
                0x1000b998                at_ble_write_authorize_reply
 .text.gatts_handle_read_req
                0x1000ba20       0x30 ../src/ASF/thirdparty/wireless/ble_smart_sdk/lib/cm0/gcc\libblusdk.a(gatt_server.o)
                0x1000ba20                gatts_handle_read_req
 .text.gatts_handle_att_info_req
                0x1000ba50       0x3c ../src/ASF/thirdparty/wireless/ble_smart_sdk/lib/cm0/gcc\libblusdk.a(gatt_server.o)
                0x1000ba50                gatts_handle_att_info_req
 .text.gatts_handle_write_req
                0x1000ba8c       0x30 ../src/ASF/thirdparty/wireless/ble_smart_sdk/lib/cm0/gcc\libblusdk.a(gatt_server.o)
                0x1000ba8c                gatts_handle_write_req
 .text.init_l2cc_task_module
                0x1000babc        0xc ../src/ASF/thirdparty/wireless/ble_smart_sdk/lib/cm0/gcc\libblusdk.a(l2cc_task.o)
                0x1000babc                init_l2cc_task_module
 .text.l2cc_data_send_rsp_handler
                0x1000bac8       0x2c ../src/ASF/thirdparty/wireless/ble_smart_sdk/lib/cm0/gcc\libblusdk.a(l2cc_task.o)
                0x1000bac8                l2cc_data_send_rsp_handler
 .text.l2cc_data_received_handler
                0x1000baf4       0x30 ../src/ASF/thirdparty/wireless/ble_smart_sdk/lib/cm0/gcc\libblusdk.a(l2cc_task.o)
                0x1000baf4                l2cc_data_received_handler
 .text.at_ble_authenticate
                0x1000bb24      0x130 ../src/ASF/thirdparty/wireless/ble_smart_sdk/lib/cm0/gcc\libblusdk.a(security.o)
                0x1000bb24                at_ble_authenticate
 .text.at_ble_pair_key_reply
                0x1000bc54       0x7c ../src/ASF/thirdparty/wireless/ble_smart_sdk/lib/cm0/gcc\libblusdk.a(security.o)
                0x1000bc54                at_ble_pair_key_reply
 .text.at_ble_send_slave_sec_request
                0x1000bcd0       0x40 ../src/ASF/thirdparty/wireless/ble_smart_sdk/lib/cm0/gcc\libblusdk.a(security.o)
                0x1000bcd0                at_ble_send_slave_sec_request
 .text.at_ble_encryption_start
                0x1000bd10       0x78 ../src/ASF/thirdparty/wireless/ble_smart_sdk/lib/cm0/gcc\libblusdk.a(security.o)
                0x1000bd10                at_ble_encryption_start
 .text.at_ble_encryption_request_reply
                0x1000bd88       0x34 ../src/ASF/thirdparty/wireless/ble_smart_sdk/lib/cm0/gcc\libblusdk.a(security.o)
                0x1000bd88                at_ble_encryption_request_reply
 .text.rx_callback
                0x1000bdbc       0x88 ../src/ASF/thirdparty/wireless/ble_smart_sdk/lib/cm0/gcc\libblusdk.a(interface.o)
                0x1000bdbc                rx_callback
 .text.interface_send
                0x1000be44       0x10 ../src/ASF/thirdparty/wireless/ble_smart_sdk/lib/cm0/gcc\libblusdk.a(interface.o)
                0x1000be44                interface_send
 .text.interface_init
                0x1000be54       0x40 ../src/ASF/thirdparty/wireless/ble_smart_sdk/lib/cm0/gcc\libblusdk.a(interface.o)
                0x1000be54                interface_init
 .text.platform_cmd_cmpl_signal
                0x1000be94        0xc ../src/ASF/thirdparty/wireless/ble_smart_sdk/lib/cm0/gcc\libblusdk.a(interface.o)
                0x1000be94                platform_cmd_cmpl_signal
 .text.platform_cmd_cmpl_wait
                0x1000bea0       0x2c ../src/ASF/thirdparty/wireless/ble_smart_sdk/lib/cm0/gcc\libblusdk.a(interface.o)
                0x1000bea0                platform_cmd_cmpl_wait
 .text.start_timer
                0x1000becc        0x2 ../src/ASF/thirdparty/wireless/ble_smart_sdk/lib/cm0/gcc\libblusdk.a(interface.o)
                0x1000becc                start_timer
 .text.stop_timer
                0x1000bece        0x2 ../src/ASF/thirdparty/wireless/ble_smart_sdk/lib/cm0/gcc\libblusdk.a(interface.o)
                0x1000bece                stop_timer
 .text.dbg_le_set_bd_addr_req_handler
                0x1000bed0       0x7c ../src/ASF/thirdparty/wireless/ble_smart_sdk/lib/cm0/gcc\libblusdk.a(dbg_task.o)
                0x1000bed0                dbg_le_set_bd_addr_req_handler
 .text.gapc_get_dev_info_cfm.constprop.1
                0x1000bf4c       0xc0 ../src/ASF/thirdparty/wireless/ble_smart_sdk/lib/cm0/gcc\libblusdk.a(gapc_task.o)
 .text.check_ConnData_idx_role
                0x1000c00c       0x3c ../src/ASF/thirdparty/wireless/ble_smart_sdk/lib/cm0/gcc\libblusdk.a(gapc_task.o)
                0x1000c00c                check_ConnData_idx_role
 .text.check_ConnData_emptyEntry
                0x1000c048       0x28 ../src/ASF/thirdparty/wireless/ble_smart_sdk/lib/cm0/gcc\libblusdk.a(gapc_task.o)
                0x1000c048                check_ConnData_emptyEntry
 .text.gapc_cmp_evt
                0x1000c070       0xd0 ../src/ASF/thirdparty/wireless/ble_smart_sdk/lib/cm0/gcc\libblusdk.a(gapc_task.o)
                0x1000c070                gapc_cmp_evt
 .text.gapc_connection_cfm_handler
                0x1000c140       0xc4 ../src/ASF/thirdparty/wireless/ble_smart_sdk/lib/cm0/gcc\libblusdk.a(gapc_task.o)
                0x1000c140                gapc_connection_cfm_handler
 .text.gapc_con_req_ind
                0x1000c204       0xe0 ../src/ASF/thirdparty/wireless/ble_smart_sdk/lib/cm0/gcc\libblusdk.a(gapc_task.o)
                0x1000c204                gapc_con_req_ind
 .text.gapc_disconnect_cmd_handler
                0x1000c2e4       0x44 ../src/ASF/thirdparty/wireless/ble_smart_sdk/lib/cm0/gcc\libblusdk.a(gapc_task.o)
                0x1000c2e4                gapc_disconnect_cmd_handler
 .text.gapc_disconnect_ind
                0x1000c328       0x34 ../src/ASF/thirdparty/wireless/ble_smart_sdk/lib/cm0/gcc\libblusdk.a(gapc_task.o)
                0x1000c328                gapc_disconnect_ind
 .text.gapc_bond_cmd_handler
                0x1000c35c       0x68 ../src/ASF/thirdparty/wireless/ble_smart_sdk/lib/cm0/gcc\libblusdk.a(gapc_task.o)
                0x1000c35c                gapc_bond_cmd_handler
 .text.gapc_bond_ind
                0x1000c3c4       0xd8 ../src/ASF/thirdparty/wireless/ble_smart_sdk/lib/cm0/gcc\libblusdk.a(gapc_task.o)
                0x1000c3c4                gapc_bond_ind
 .text.gapc_bond_req_ind
                0x1000c49c       0xe0 ../src/ASF/thirdparty/wireless/ble_smart_sdk/lib/cm0/gcc\libblusdk.a(gapc_task.o)
                0x1000c49c                gapc_bond_req_ind
 .text.gapc_bond_cfm_handler_pair_resp
                0x1000c57c       0x7c ../src/ASF/thirdparty/wireless/ble_smart_sdk/lib/cm0/gcc\libblusdk.a(gapc_task.o)
                0x1000c57c                gapc_bond_cfm_handler_pair_resp
 .text.gapc_bond_cfm_handler_key_exch
                0x1000c5f8       0x50 ../src/ASF/thirdparty/wireless/ble_smart_sdk/lib/cm0/gcc\libblusdk.a(gapc_task.o)
                0x1000c5f8                gapc_bond_cfm_handler_key_exch
 .text.gapc_security_cmd_handler
                0x1000c648       0x40 ../src/ASF/thirdparty/wireless/ble_smart_sdk/lib/cm0/gcc\libblusdk.a(gapc_task.o)
                0x1000c648                gapc_security_cmd_handler
 .text.gapc_encrypt_cmd_handler
                0x1000c688       0x9c ../src/ASF/thirdparty/wireless/ble_smart_sdk/lib/cm0/gcc\libblusdk.a(gapc_task.o)
                0x1000c688                gapc_encrypt_cmd_handler
 .text.gapc_encrypt_req_ind
                0x1000c724       0x20 ../src/ASF/thirdparty/wireless/ble_smart_sdk/lib/cm0/gcc\libblusdk.a(gapc_task.o)
                0x1000c724                gapc_encrypt_req_ind
 .text.gapc_encrypt_cfm_handler
                0x1000c744       0x80 ../src/ASF/thirdparty/wireless/ble_smart_sdk/lib/cm0/gcc\libblusdk.a(gapc_task.o)
                0x1000c744                gapc_encrypt_cfm_handler
 .text.gapc_encrypt_ind
                0x1000c7c4        0xe ../src/ASF/thirdparty/wireless/ble_smart_sdk/lib/cm0/gcc\libblusdk.a(gapc_task.o)
                0x1000c7c4                gapc_encrypt_ind
 *fill*         0x1000c7d2        0x2 
 .text.gapc_param_update_cfm_handler
                0x1000c7d4       0x4c ../src/ASF/thirdparty/wireless/ble_smart_sdk/lib/cm0/gcc\libblusdk.a(gapc_task.o)
                0x1000c7d4                gapc_param_update_cfm_handler
 .text.gapc_param_updated_ind
                0x1000c820       0x2a ../src/ASF/thirdparty/wireless/ble_smart_sdk/lib/cm0/gcc\libblusdk.a(gapc_task.o)
                0x1000c820                gapc_param_updated_ind
 .text.gapc_param_updated_req_ind
                0x1000c84a       0x30 ../src/ASF/thirdparty/wireless/ble_smart_sdk/lib/cm0/gcc\libblusdk.a(gapc_task.o)
                0x1000c84a                gapc_param_updated_req_ind
 *fill*         0x1000c87a        0x2 
 .text.gapc_dev_info_req_ind_handler
                0x1000c87c       0x28 ../src/ASF/thirdparty/wireless/ble_smart_sdk/lib/cm0/gcc\libblusdk.a(gapc_task.o)
                0x1000c87c                gapc_dev_info_req_ind_handler
 .text.gapc_sec_req_ind
                0x1000c8a4       0x16 ../src/ASF/thirdparty/wireless/ble_smart_sdk/lib/cm0/gcc\libblusdk.a(gapc_task.o)
                0x1000c8a4                gapc_sec_req_ind
 .text.gapc_sign_counter_ind_handler
                0x1000c8ba       0x34 ../src/ASF/thirdparty/wireless/ble_smart_sdk/lib/cm0/gcc\libblusdk.a(gapc_task.o)
                0x1000c8ba                gapc_sign_counter_ind_handler
 *fill*         0x1000c8ee        0x2 
 .text.gapc_peer_att_info_ind_handler
                0x1000c8f0       0x7c ../src/ASF/thirdparty/wireless/ble_smart_sdk/lib/cm0/gcc\libblusdk.a(gapc_task.o)
                0x1000c8f0                gapc_peer_att_info_ind_handler
 .text.gapc_con_channel_map_ind_handler
                0x1000c96c       0x18 ../src/ASF/thirdparty/wireless/ble_smart_sdk/lib/cm0/gcc\libblusdk.a(gapc_task.o)
                0x1000c96c                gapc_con_channel_map_ind_handler
 .text.gapc_lecb_connected
                0x1000c984       0x2e ../src/ASF/thirdparty/wireless/ble_smart_sdk/lib/cm0/gcc\libblusdk.a(gapc_task.o)
                0x1000c984                gapc_lecb_connected
 .text.gapc_lecb_disconnected
                0x1000c9b2       0x16 ../src/ASF/thirdparty/wireless/ble_smart_sdk/lib/cm0/gcc\libblusdk.a(gapc_task.o)
                0x1000c9b2                gapc_lecb_disconnected
 .text.gapc_lecb_connect_req_ind
                0x1000c9c8       0x2a ../src/ASF/thirdparty/wireless/ble_smart_sdk/lib/cm0/gcc\libblusdk.a(gapc_task.o)
                0x1000c9c8                gapc_lecb_connect_req_ind
 .text.gapc_lecb_add_credit_resp_handler
                0x1000c9f2       0x20 ../src/ASF/thirdparty/wireless/ble_smart_sdk/lib/cm0/gcc\libblusdk.a(gapc_task.o)
                0x1000c9f2                gapc_lecb_add_credit_resp_handler
 *fill*         0x1000ca12        0x2 
 .text.gapm_reset_req_handler
                0x1000ca14       0x70 ../src/ASF/thirdparty/wireless/ble_smart_sdk/lib/cm0/gcc\libblusdk.a(gapm_task.o)
                0x1000ca14                gapm_reset_req_handler
 .text.gapm_set_dev_config_cmd_handler
                0x1000ca84      0x108 ../src/ASF/thirdparty/wireless/ble_smart_sdk/lib/cm0/gcc\libblusdk.a(gapm_task.o)
                0x1000ca84                gapm_set_dev_config_cmd_handler
 .text.gapm_get_dev_config_cmd_handler
                0x1000cb8c       0xe0 ../src/ASF/thirdparty/wireless/ble_smart_sdk/lib/cm0/gcc\libblusdk.a(gapm_task.o)
                0x1000cb8c                gapm_get_dev_config_cmd_handler
 .text.gapm_cancel_cmd_handler
                0x1000cc6c       0x70 ../src/ASF/thirdparty/wireless/ble_smart_sdk/lib/cm0/gcc\libblusdk.a(gapm_task.o)
                0x1000cc6c                gapm_cancel_cmd_handler
 .text.gapm_dev_bdaddr_ind_handler
                0x1000ccdc       0x1c ../src/ASF/thirdparty/wireless/ble_smart_sdk/lib/cm0/gcc\libblusdk.a(gapm_task.o)
                0x1000ccdc                gapm_dev_bdaddr_ind_handler
 .text.gapm_cmp_evt
                0x1000ccf8      0x148 ../src/ASF/thirdparty/wireless/ble_smart_sdk/lib/cm0/gcc\libblusdk.a(gapm_task.o)
                0x1000ccf8                gapm_cmp_evt
 .text.get_gap_local_addr_type
                0x1000ce40       0x18 ../src/ASF/thirdparty/wireless/ble_smart_sdk/lib/cm0/gcc\libblusdk.a(gapm_task.o)
                0x1000ce40                get_gap_local_addr_type
 .text.gapm_start_scan_cmd_handler
                0x1000ce58       0x98 ../src/ASF/thirdparty/wireless/ble_smart_sdk/lib/cm0/gcc\libblusdk.a(gapm_task.o)
                0x1000ce58                gapm_start_scan_cmd_handler
 .text.gapm_adv_report_evt_handler
                0x1000cef0       0x88 ../src/ASF/thirdparty/wireless/ble_smart_sdk/lib/cm0/gcc\libblusdk.a(gapm_task.o)
                0x1000cef0                gapm_adv_report_evt_handler
 .text.gapm_start_connection_cmd_handler
                0x1000cf78      0x11c ../src/ASF/thirdparty/wireless/ble_smart_sdk/lib/cm0/gcc\libblusdk.a(gapm_task.o)
                0x1000cf78                gapm_start_connection_cmd_handler
 .text.gapm_resolv_addr_cmd_handler
                0x1000d094       0x68 ../src/ASF/thirdparty/wireless/ble_smart_sdk/lib/cm0/gcc\libblusdk.a(gapm_task.o)
                0x1000d094                gapm_resolv_addr_cmd_handler
 .text.gapm_addr_solved_ind_handler
                0x1000d0fc       0x24 ../src/ASF/thirdparty/wireless/ble_smart_sdk/lib/cm0/gcc\libblusdk.a(gapm_task.o)
                0x1000d0fc                gapm_addr_solved_ind_handler
 .text.gapm_profile_added_ind_handler
                0x1000d120       0x20 ../src/ASF/thirdparty/wireless/ble_smart_sdk/lib/cm0/gcc\libblusdk.a(gapm_task.o)
                0x1000d120                gapm_profile_added_ind_handler
 .text.gattc_read_req_ind_parser
                0x1000d140        0xc ../src/ASF/thirdparty/wireless/ble_smart_sdk/lib/cm0/gcc\libblusdk.a(gattc_task.o)
                0x1000d140                gattc_read_req_ind_parser
 .text.gattc_write_req_ind_parser
                0x1000d14c       0x38 ../src/ASF/thirdparty/wireless/ble_smart_sdk/lib/cm0/gcc\libblusdk.a(gattc_task.o)
                0x1000d14c                gattc_write_req_ind_parser
 .text.gattc_att_info_req_parser
                0x1000d184        0xc ../src/ASF/thirdparty/wireless/ble_smart_sdk/lib/cm0/gcc\libblusdk.a(gattc_task.o)
                0x1000d184                gattc_att_info_req_parser
 .text.gattc_read_cfm
                0x1000d190       0x6c ../src/ASF/thirdparty/wireless/ble_smart_sdk/lib/cm0/gcc\libblusdk.a(gattc_task.o)
                0x1000d190                gattc_read_cfm
 .text.gattc_write_cfm
                0x1000d1fc       0x44 ../src/ASF/thirdparty/wireless/ble_smart_sdk/lib/cm0/gcc\libblusdk.a(gattc_task.o)
                0x1000d1fc                gattc_write_cfm
 .text.gattc_att_info_cfm
                0x1000d240       0x48 ../src/ASF/thirdparty/wireless/ble_smart_sdk/lib/cm0/gcc\libblusdk.a(gattc_task.o)
                0x1000d240                gattc_att_info_cfm
 .text.gattc_disc_cmd_handler
                0x1000d288       0x90 ../src/ASF/thirdparty/wireless/ble_smart_sdk/lib/cm0/gcc\libblusdk.a(gattc_task.o)
                0x1000d288                gattc_disc_cmd_handler
 .text.gattc_event_cfm_handler
                0x1000d318       0x40 ../src/ASF/thirdparty/wireless/ble_smart_sdk/lib/cm0/gcc\libblusdk.a(gattc_task.o)
                0x1000d318                gattc_event_cfm_handler
 .text.gattc_disc_svc_ind_parser
                0x1000d358       0x3c ../src/ASF/thirdparty/wireless/ble_smart_sdk/lib/cm0/gcc\libblusdk.a(gattc_task.o)
                0x1000d358                gattc_disc_svc_ind_parser
 .text.gattc_disc_svc_incl_ind_parser
                0x1000d394       0x48 ../src/ASF/thirdparty/wireless/ble_smart_sdk/lib/cm0/gcc\libblusdk.a(gattc_task.o)
                0x1000d394                gattc_disc_svc_incl_ind_parser
 .text.gattc_disc_char_ind_parser
                0x1000d3dc       0x44 ../src/ASF/thirdparty/wireless/ble_smart_sdk/lib/cm0/gcc\libblusdk.a(gattc_task.o)
                0x1000d3dc                gattc_disc_char_ind_parser
 .text.gattc_disc_char_desc_ind_parser
                0x1000d420       0x34 ../src/ASF/thirdparty/wireless/ble_smart_sdk/lib/cm0/gcc\libblusdk.a(gattc_task.o)
                0x1000d420                gattc_disc_char_desc_ind_parser
 .text.gattc_event_ind_and_notification_parser
                0x1000d454       0x54 ../src/ASF/thirdparty/wireless/ble_smart_sdk/lib/cm0/gcc\libblusdk.a(gattc_task.o)
                0x1000d454                gattc_event_ind_and_notification_parser
 .text.gattc_complete_evt_handler
                0x1000d4a8       0x78 ../src/ASF/thirdparty/wireless/ble_smart_sdk/lib/cm0/gcc\libblusdk.a(gattc_task.o)
                0x1000d4a8                gattc_complete_evt_handler
 .text.gattc_event_mtu_changed_ind_parser
                0x1000d520       0x10 ../src/ASF/thirdparty/wireless/ble_smart_sdk/lib/cm0/gcc\libblusdk.a(gattc_task.o)
                0x1000d520                gattc_event_mtu_changed_ind_parser
 .text.gattc_read_ind_parser
                0x1000d530       0x40 ../src/ASF/thirdparty/wireless/ble_smart_sdk/lib/cm0/gcc\libblusdk.a(gattc_task.o)
                0x1000d530                gattc_read_ind_parser
 .text.gattc_svc_changed_cfg_ind_parser
                0x1000d570       0x10 ../src/ASF/thirdparty/wireless/ble_smart_sdk/lib/cm0/gcc\libblusdk.a(gattc_task.o)
                0x1000d570                gattc_svc_changed_cfg_ind_parser
 .text.init_gattc_task_module
                0x1000d580       0x14 ../src/ASF/thirdparty/wireless/ble_smart_sdk/lib/cm0/gcc\libblusdk.a(gattc_task.o)
                0x1000d580                init_gattc_task_module
 .text.gattm_att_set_value_req_handler
                0x1000d594       0x8c ../src/ASF/thirdparty/wireless/ble_smart_sdk/lib/cm0/gcc\libblusdk.a(gattm_task.o)
                0x1000d594                gattm_att_set_value_req_handler
 .text.gattm_att_get_value_req_handler
                0x1000d620       0x9c ../src/ASF/thirdparty/wireless/ble_smart_sdk/lib/cm0/gcc\libblusdk.a(gattm_task.o)
                0x1000d620                gattm_att_get_value_req_handler
 .text.htpt_enable_rsp_handler
                0x1000d6bc        0xa ../src/ASF/thirdparty/wireless/ble_smart_sdk/lib/cm0/gcc\libblusdk.a(htpt_task.o)
                0x1000d6bc                htpt_enable_rsp_handler
 .text.htpt_temp_send_rsp_handler
                0x1000d6c6        0x6 ../src/ASF/thirdparty/wireless/ble_smart_sdk/lib/cm0/gcc\libblusdk.a(htpt_task.o)
                0x1000d6c6                htpt_temp_send_rsp_handler
 .text.htpt_meas_intv_upd_rsp_handler
                0x1000d6cc        0x6 ../src/ASF/thirdparty/wireless/ble_smart_sdk/lib/cm0/gcc\libblusdk.a(htpt_task.o)
                0x1000d6cc                htpt_meas_intv_upd_rsp_handler
 .text.htpt_meas_intv_chg_req_ind_handler
                0x1000d6d2        0xc ../src/ASF/thirdparty/wireless/ble_smart_sdk/lib/cm0/gcc\libblusdk.a(htpt_task.o)
                0x1000d6d2                htpt_meas_intv_chg_req_ind_handler
 .text.htpt_cfg_indntf_ind_handler
                0x1000d6de        0xa ../src/ASF/thirdparty/wireless/ble_smart_sdk/lib/cm0/gcc\libblusdk.a(htpt_task.o)
                0x1000d6de                htpt_cfg_indntf_ind_handler
 .text          0x1000d6e8       0x14 c:/program files (x86)/atmel/studio/7.0/toolchain/arm/arm-gnu-toolchain/bin/../lib/gcc/arm-none-eabi/5.3.1/armv6-m\libgcc.a(_thumb1_case_uqi.o)
                0x1000d6e8                __gnu_thumb1_case_uqi
 .text          0x1000d6fc       0x14 c:/program files (x86)/atmel/studio/7.0/toolchain/arm/arm-gnu-toolchain/bin/../lib/gcc/arm-none-eabi/5.3.1/armv6-m\libgcc.a(_thumb1_case_uhi.o)
                0x1000d6fc                __gnu_thumb1_case_uhi
 .text          0x1000d710      0x114 c:/program files (x86)/atmel/studio/7.0/toolchain/arm/arm-gnu-toolchain/bin/../lib/gcc/arm-none-eabi/5.3.1/armv6-m\libgcc.a(_udivsi3.o)
                0x1000d710                __aeabi_uidiv
                0x1000d710                __udivsi3
                0x1000d81c                __aeabi_uidivmod
 .text          0x1000d824        0x4 c:/program files (x86)/atmel/studio/7.0/toolchain/arm/arm-gnu-toolchain/bin/../lib/gcc/arm-none-eabi/5.3.1/armv6-m\libgcc.a(_dvmd_tls.o)
                0x1000d824                __aeabi_idiv0
                0x1000d824                __aeabi_ldiv0
 .text          0x1000d828       0x3c c:/program files (x86)/atmel/studio/7.0/toolchain/arm/arm-gnu-toolchain/bin/../lib/gcc/arm-none-eabi/5.3.1/armv6-m\libgcc.a(_fixunsdfsi.o)
                0x1000d828                __aeabi_d2uiz
                0x1000d828                __fixunsdfsi
 .text          0x1000d864      0x4f4 c:/program files (x86)/atmel/studio/7.0/toolchain/arm/arm-gnu-toolchain/bin/../lib/gcc/arm-none-eabi/5.3.1/armv6-m\libgcc.a(muldf3.o)
                0x1000d864                __aeabi_dmul
 .text          0x1000dd58      0x6a8 c:/program files (x86)/atmel/studio/7.0/toolchain/arm/arm-gnu-toolchain/bin/../lib/gcc/arm-none-eabi/5.3.1/armv6-m\libgcc.a(subdf3.o)
                0x1000dd58                __aeabi_dsub
 .text          0x1000e400       0x6c c:/program files (x86)/atmel/studio/7.0/toolchain/arm/arm-gnu-toolchain/bin/../lib/gcc/arm-none-eabi/5.3.1/armv6-m\libgcc.a(fixdfsi.o)
                0x1000e400                __aeabi_d2iz
 .text          0x1000e46c       0x70 c:/program files (x86)/atmel/studio/7.0/toolchain/arm/arm-gnu-toolchain/bin/../lib/gcc/arm-none-eabi/5.3.1/armv6-m\libgcc.a(floatunsidf.o)
                0x1000e46c                __aeabi_ui2d
 .text          0x1000e4dc       0x7c c:/program files (x86)/atmel/studio/7.0/toolchain/arm/arm-gnu-toolchain/bin/../lib/gcc/arm-none-eabi/5.3.1/armv6-m\libgcc.a(_arm_cmpdf2.o)
                0x1000e4dc                __aeabi_cdrcmple
                0x1000e4ec                __aeabi_cdcmple
                0x1000e4ec                __aeabi_cdcmpeq
                0x1000e4fc                __aeabi_dcmpeq
                0x1000e508                __aeabi_dcmplt
                0x1000e51c                __aeabi_dcmple
                0x1000e530                __aeabi_dcmpgt
                0x1000e544                __aeabi_dcmpge
 .text          0x1000e558       0x3c c:/program files (x86)/atmel/studio/7.0/toolchain/arm/arm-gnu-toolchain/bin/../lib/gcc/arm-none-eabi/5.3.1/armv6-m\libgcc.a(_clzsi2.o)
                0x1000e558                __clzsi2
 .text          0x1000e594       0x80 c:/program files (x86)/atmel/studio/7.0/toolchain/arm/arm-gnu-toolchain/bin/../lib/gcc/arm-none-eabi/5.3.1/armv6-m\libgcc.a(eqdf2.o)
                0x1000e594                __nedf2
                0x1000e594                __eqdf2
 .text          0x1000e614       0xc8 c:/program files (x86)/atmel/studio/7.0/toolchain/arm/arm-gnu-toolchain/bin/../lib/gcc/arm-none-eabi/5.3.1/armv6-m\libgcc.a(gedf2.o)
                0x1000e614                __gedf2
                0x1000e614                __gtdf2
 .text          0x1000e6dc       0xd4 c:/program files (x86)/atmel/studio/7.0/toolchain/arm/arm-gnu-toolchain/bin/../lib/gcc/arm-none-eabi/5.3.1/armv6-m\libgcc.a(ledf2.o)
                0x1000e6dc                __ledf2
                0x1000e6dc                __ltdf2
 .text.__libc_init_array
                0x1000e7b0       0x4c c:/program files (x86)/atmel/studio/7.0/toolchain/arm/arm-gnu-toolchain/bin/../lib/gcc/arm-none-eabi/5.3.1/../../../../arm-none-eabi/lib/armv6-m\libc_nano.a(lib_a-init.o)
                0x1000e7b0                __libc_init_array
 .text.memcmp   0x1000e7fc       0x1e c:/program files (x86)/atmel/studio/7.0/toolchain/arm/arm-gnu-toolchain/bin/../lib/gcc/arm-none-eabi/5.3.1/../../../../arm-none-eabi/lib/armv6-m\libc_nano.a(lib_a-memcmp.o)
                0x1000e7fc                memcmp
 .text.memcpy   0x1000e81a       0x12 c:/program files (x86)/atmel/studio/7.0/toolchain/arm/arm-gnu-toolchain/bin/../lib/gcc/arm-none-eabi/5.3.1/../../../../arm-none-eabi/lib/armv6-m\libc_nano.a(lib_a-memcpy-stub.o)
                0x1000e81a                memcpy
 .text.memset   0x1000e82c       0x10 c:/program files (x86)/atmel/studio/7.0/toolchain/arm/arm-gnu-toolchain/bin/../lib/gcc/arm-none-eabi/5.3.1/../../../../arm-none-eabi/lib/armv6-m\libc_nano.a(lib_a-memset.o)
                0x1000e82c                memset
 .text._puts_r  0x1000e83c       0xc4 c:/program files (x86)/atmel/studio/7.0/toolchain/arm/arm-gnu-toolchain/bin/../lib/gcc/arm-none-eabi/5.3.1/../../../../arm-none-eabi/lib/armv6-m\libc_nano.a(lib_a-puts.o)
                0x1000e83c                _puts_r
 .text.puts     0x1000e900       0x14 c:/program files (x86)/atmel/studio/7.0/toolchain/arm/arm-gnu-toolchain/bin/../lib/gcc/arm-none-eabi/5.3.1/../../../../arm-none-eabi/lib/armv6-m\libc_nano.a(lib_a-puts.o)
                0x1000e900                puts
 .text.rand     0x1000e914       0x78 c:/program files (x86)/atmel/studio/7.0/toolchain/arm/arm-gnu-toolchain/bin/../lib/gcc/arm-none-eabi/5.3.1/../../../../arm-none-eabi/lib/armv6-m\libc_nano.a(lib_a-rand.o)
                0x1000e914                rand
 .text.setbuf   0x1000e98c       0x12 c:/program files (x86)/atmel/studio/7.0/toolchain/arm/arm-gnu-toolchain/bin/../lib/gcc/arm-none-eabi/5.3.1/../../../../arm-none-eabi/lib/armv6-m\libc_nano.a(lib_a-setbuf.o)
                0x1000e98c                setbuf
 *fill*         0x1000e99e        0x2 
 .text.setvbuf  0x1000e9a0      0x160 c:/program files (x86)/atmel/studio/7.0/toolchain/arm/arm-gnu-toolchain/bin/../lib/gcc/arm-none-eabi/5.3.1/../../../../arm-none-eabi/lib/armv6-m\libc_nano.a(lib_a-setvbuf.o)
                0x1000e9a0                setvbuf
 .text.__swbuf_r
                0x1000eb00       0xb0 c:/program files (x86)/atmel/studio/7.0/toolchain/arm/arm-gnu-toolchain/bin/../lib/gcc/arm-none-eabi/5.3.1/../../../../arm-none-eabi/lib/armv6-m\libc_nano.a(lib_a-wbuf.o)
                0x1000eb00                __swbuf_r
 .text.__swsetup_r
                0x1000ebb0       0xec c:/program files (x86)/atmel/studio/7.0/toolchain/arm/arm-gnu-toolchain/bin/../lib/gcc/arm-none-eabi/5.3.1/../../../../arm-none-eabi/lib/armv6-m\libc_nano.a(lib_a-wsetup.o)
                0x1000ebb0                __swsetup_r
 .text.__sflush_r
                0x1000ec9c      0x10c c:/program files (x86)/atmel/studio/7.0/toolchain/arm/arm-gnu-toolchain/bin/../lib/gcc/arm-none-eabi/5.3.1/../../../../arm-none-eabi/lib/armv6-m\libc_nano.a(lib_a-fflush.o)
                0x1000ec9c                __sflush_r
 .text._fflush_r
                0x1000eda8       0x58 c:/program files (x86)/atmel/studio/7.0/toolchain/arm/arm-gnu-toolchain/bin/../lib/gcc/arm-none-eabi/5.3.1/../../../../arm-none-eabi/lib/armv6-m\libc_nano.a(lib_a-fflush.o)
                0x1000eda8                _fflush_r
 .text._cleanup_r
                0x1000ee00       0x10 c:/program files (x86)/atmel/studio/7.0/toolchain/arm/arm-gnu-toolchain/bin/../lib/gcc/arm-none-eabi/5.3.1/../../../../arm-none-eabi/lib/armv6-m\libc_nano.a(lib_a-findfp.o)
                0x1000ee00                _cleanup_r
 .text.std.isra.0
                0x1000ee10       0x48 c:/program files (x86)/atmel/studio/7.0/toolchain/arm/arm-gnu-toolchain/bin/../lib/gcc/arm-none-eabi/5.3.1/../../../../arm-none-eabi/lib/armv6-m\libc_nano.a(lib_a-findfp.o)
 .text.__sfmoreglue
                0x1000ee58       0x2c c:/program files (x86)/atmel/studio/7.0/toolchain/arm/arm-gnu-toolchain/bin/../lib/gcc/arm-none-eabi/5.3.1/../../../../arm-none-eabi/lib/armv6-m\libc_nano.a(lib_a-findfp.o)
                0x1000ee58                __sfmoreglue
 .text.__sinit  0x1000ee84       0x68 c:/program files (x86)/atmel/studio/7.0/toolchain/arm/arm-gnu-toolchain/bin/../lib/gcc/arm-none-eabi/5.3.1/../../../../arm-none-eabi/lib/armv6-m\libc_nano.a(lib_a-findfp.o)
                0x1000ee84                __sinit
 .text.__sfp    0x1000eeec       0x7c c:/program files (x86)/atmel/studio/7.0/toolchain/arm/arm-gnu-toolchain/bin/../lib/gcc/arm-none-eabi/5.3.1/../../../../arm-none-eabi/lib/armv6-m\libc_nano.a(lib_a-findfp.o)
                0x1000eeec                __sfp
 .text._fwalk_reent
                0x1000ef68       0x42 c:/program files (x86)/atmel/studio/7.0/toolchain/arm/arm-gnu-toolchain/bin/../lib/gcc/arm-none-eabi/5.3.1/../../../../arm-none-eabi/lib/armv6-m\libc_nano.a(lib_a-fwalk.o)
                0x1000ef68                _fwalk_reent
 *fill*         0x1000efaa        0x2 
 .text.__swhatbuf_r
                0x1000efac       0x4c c:/program files (x86)/atmel/studio/7.0/toolchain/arm/arm-gnu-toolchain/bin/../lib/gcc/arm-none-eabi/5.3.1/../../../../arm-none-eabi/lib/armv6-m\libc_nano.a(lib_a-makebuf.o)
                0x1000efac                __swhatbuf_r
 .text.__smakebuf_r
                0x1000eff8       0x7c c:/program files (x86)/atmel/studio/7.0/toolchain/arm/arm-gnu-toolchain/bin/../lib/gcc/arm-none-eabi/5.3.1/../../../../arm-none-eabi/lib/armv6-m\libc_nano.a(lib_a-makebuf.o)
                0x1000eff8                __smakebuf_r
 .text.malloc   0x1000f074       0x14 c:/program files (x86)/atmel/studio/7.0/toolchain/arm/arm-gnu-toolchain/bin/../lib/gcc/arm-none-eabi/5.3.1/../../../../arm-none-eabi/lib/armv6-m\libc_nano.a(lib_a-malloc.o)
                0x1000f074                malloc
 .text._free_r  0x1000f088       0x8c c:/program files (x86)/atmel/studio/7.0/toolchain/arm/arm-gnu-toolchain/bin/../lib/gcc/arm-none-eabi/5.3.1/../../../../arm-none-eabi/lib/armv6-m\libc_nano.a(lib_a-nano-freer.o)
                0x1000f088                _free_r
 .text._malloc_r
                0x1000f114       0xac c:/program files (x86)/atmel/studio/7.0/toolchain/arm/arm-gnu-toolchain/bin/../lib/gcc/arm-none-eabi/5.3.1/../../../../arm-none-eabi/lib/armv6-m\libc_nano.a(lib_a-nano-mallocr.o)
                0x1000f114                _malloc_r
 .text._sbrk_r  0x1000f1c0       0x24 c:/program files (x86)/atmel/studio/7.0/toolchain/arm/arm-gnu-toolchain/bin/../lib/gcc/arm-none-eabi/5.3.1/../../../../arm-none-eabi/lib/armv6-m\libc_nano.a(lib_a-sbrkr.o)
                0x1000f1c0                _sbrk_r
 .text.__sread  0x1000f1e4       0x28 c:/program files (x86)/atmel/studio/7.0/toolchain/arm/arm-gnu-toolchain/bin/../lib/gcc/arm-none-eabi/5.3.1/../../../../arm-none-eabi/lib/armv6-m\libc_nano.a(lib_a-stdio.o)
                0x1000f1e4                __sread
 .text.__swrite
                0x1000f20c       0x38 c:/program files (x86)/atmel/studio/7.0/toolchain/arm/arm-gnu-toolchain/bin/../lib/gcc/arm-none-eabi/5.3.1/../../../../arm-none-eabi/lib/armv6-m\libc_nano.a(lib_a-stdio.o)
                0x1000f20c                __swrite
 .text.__sseek  0x1000f244       0x2c c:/program files (x86)/atmel/studio/7.0/toolchain/arm/arm-gnu-toolchain/bin/../lib/gcc/arm-none-eabi/5.3.1/../../../../arm-none-eabi/lib/armv6-m\libc_nano.a(lib_a-stdio.o)
                0x1000f244                __sseek
 .text.__sclose
                0x1000f270        0xc c:/program files (x86)/atmel/studio/7.0/toolchain/arm/arm-gnu-toolchain/bin/../lib/gcc/arm-none-eabi/5.3.1/../../../../arm-none-eabi/lib/armv6-m\libc_nano.a(lib_a-stdio.o)
                0x1000f270                __sclose
 .text._write_r
                0x1000f27c       0x28 c:/program files (x86)/atmel/studio/7.0/toolchain/arm/arm-gnu-toolchain/bin/../lib/gcc/arm-none-eabi/5.3.1/../../../../arm-none-eabi/lib/armv6-m\libc_nano.a(lib_a-writer.o)
                0x1000f27c                _write_r
 .text._close_r
                0x1000f2a4       0x24 c:/program files (x86)/atmel/studio/7.0/toolchain/arm/arm-gnu-toolchain/bin/../lib/gcc/arm-none-eabi/5.3.1/../../../../arm-none-eabi/lib/armv6-m\libc_nano.a(lib_a-closer.o)
                0x1000f2a4                _close_r
 .text._fstat_r
                0x1000f2c8       0x24 c:/program files (x86)/atmel/studio/7.0/toolchain/arm/arm-gnu-toolchain/bin/../lib/gcc/arm-none-eabi/5.3.1/../../../../arm-none-eabi/lib/armv6-m\libc_nano.a(lib_a-fstatr.o)
                0x1000f2c8                _fstat_r
 .text._isatty_r
                0x1000f2ec       0x24 c:/program files (x86)/atmel/studio/7.0/toolchain/arm/arm-gnu-toolchain/bin/../lib/gcc/arm-none-eabi/5.3.1/../../../../arm-none-eabi/lib/armv6-m\libc_nano.a(lib_a-isattyr.o)
                0x1000f2ec                _isatty_r
 .text._lseek_r
                0x1000f310       0x28 c:/program files (x86)/atmel/studio/7.0/toolchain/arm/arm-gnu-toolchain/bin/../lib/gcc/arm-none-eabi/5.3.1/../../../../arm-none-eabi/lib/armv6-m\libc_nano.a(lib_a-lseekr.o)
                0x1000f310                _lseek_r
 .text._read_r  0x1000f338       0x28 c:/program files (x86)/atmel/studio/7.0/toolchain/arm/arm-gnu-toolchain/bin/../lib/gcc/arm-none-eabi/5.3.1/../../../../arm-none-eabi/lib/armv6-m\libc_nano.a(lib_a-readr.o)
                0x1000f338                _read_r
 .text          0x1000f360       0x58 c:/program files (x86)/atmel/studio/7.0/toolchain/arm/arm-gnu-toolchain/bin/../lib/gcc/arm-none-eabi/5.3.1/armv6-m\libgcc.a(_muldi3.o)
                0x1000f360                __muldi3
                0x1000f360                __aeabi_lmul
 *(.glue_7t)
 .glue_7t       0x1000f3b8        0x0 linker stubs
 *(.glue_7)
 .glue_7        0x1000f3b8        0x0 linker stubs
 *(.rodata .rodata* .gnu.linkonce.r.*)
 .rodata        0x1000f3b8       0x16 src/ASF/thirdparty/wireless/ble_smart_sdk/ble_services/ble_mgr/ble_manager.o
 *fill*         0x1000f3ce        0x2 
 .rodata.ble_mgr_gatt_server_handle
                0x1000f3d0       0x28 src/ASF/thirdparty/wireless/ble_smart_sdk/ble_services/ble_mgr/ble_manager.o
 .rodata.str1.1
                0x1000f3f8        0xa src/ASF/thirdparty/wireless/ble_smart_sdk/ble_services/ble_mgr/ble_manager.o
 *fill*         0x1000f402        0x2 
 .rodata.ble_mgr_gap_handle
                0x1000f404       0x4c src/ASF/thirdparty/wireless/ble_smart_sdk/ble_services/ble_mgr/ble_manager.o
 .rodata.CSWTCH.91
                0x1000f450        0x7 src/ASF/thirdparty/wireless/ble_smart_sdk/ble_services/ble_mgr/ble_manager.o
 *fill*         0x1000f457        0x1 
 .rodata.CSWTCH.92
                0x1000f458       0x1c src/ASF/thirdparty/wireless/ble_smart_sdk/ble_services/ble_mgr/ble_manager.o
 .rodata.str1.1
                0x1000f474       0x11 src/ASF/thirdparty/wireless/ble_smart_sdk/services/timer_hw.o
 *fill*         0x1000f485        0x3 
 .rodata.sms_gateway_app_gap_cb
                0x1000f488       0x4c src/main.o
 .rodata.str1.1
                0x1000f4d4       0x13 src/main.o
 *fill*         0x1000f4e7        0x1 
 .rodata.sms_gateway_app_gatt_client_cb
                0x1000f4e8       0x28 src/main.o
 .rodata        0x1000f510        0xb ../src/ASF/thirdparty/wireless/ble_smart_sdk/lib/cm0/gcc\libblusdk.a(gap.o)
 .rodata.CSWTCH.51
                0x1000f51b        0xf ../src/ASF/thirdparty/wireless/ble_smart_sdk/lib/cm0/gcc\libblusdk.a(gap.o)
 *fill*         0x1000f52a        0x2 
 .rodata        0x1000f52c       0x40 c:/program files (x86)/atmel/studio/7.0/toolchain/arm/arm-gnu-toolchain/bin/../lib/gcc/arm-none-eabi/5.3.1/armv6-m\libgcc.a(muldf3.o)
 .rodata.str1.1
                0x1000f56c        0x2 c:/program files (x86)/atmel/studio/7.0/toolchain/arm/arm-gnu-toolchain/bin/../lib/gcc/arm-none-eabi/5.3.1/../../../../arm-none-eabi/lib/armv6-m\libc_nano.a(lib_a-impure.o)
 *fill*         0x1000f56e        0x2 
 .rodata._global_impure_ptr
                0x1000f570        0x4 c:/program files (x86)/atmel/studio/7.0/toolchain/arm/arm-gnu-toolchain/bin/../lib/gcc/arm-none-eabi/5.3.1/../../../../arm-none-eabi/lib/armv6-m\libc_nano.a(lib_a-impure.o)
                0x1000f570                _global_impure_ptr
 .rodata.__sf_fake_stdin
                0x1000f574       0x20 c:/program files (x86)/atmel/studio/7.0/toolchain/arm/arm-gnu-toolchain/bin/../lib/gcc/arm-none-eabi/5.3.1/../../../../arm-none-eabi/lib/armv6-m\libc_nano.a(lib_a-findfp.o)
                0x1000f574                __sf_fake_stdin
 .rodata.__sf_fake_stdout
                0x1000f594       0x20 c:/program files (x86)/atmel/studio/7.0/toolchain/arm/arm-gnu-toolchain/bin/../lib/gcc/arm-none-eabi/5.3.1/../../../../arm-none-eabi/lib/armv6-m\libc_nano.a(lib_a-findfp.o)
                0x1000f594                __sf_fake_stdout
 .rodata.__sf_fake_stderr
                0x1000f5b4       0x20 c:/program files (x86)/atmel/studio/7.0/toolchain/arm/arm-gnu-toolchain/bin/../lib/gcc/arm-none-eabi/5.3.1/../../../../arm-none-eabi/lib/armv6-m\libc_nano.a(lib_a-findfp.o)
                0x1000f5b4                __sf_fake_stderr
 *(.ARM.extab* .gnu.linkonce.armextab.*)
                0x1000f5d4                . = ALIGN (0x4)
 *(.init)
 .init          0x1000f5d4        0x4 c:/program files (x86)/atmel/studio/7.0/toolchain/arm/arm-gnu-toolchain/bin/../lib/gcc/arm-none-eabi/5.3.1/armv6-m/crti.o
                0x1000f5d4                _init
 .init          0x1000f5d8        0x8 c:/program files (x86)/atmel/studio/7.0/toolchain/arm/arm-gnu-toolchain/bin/../lib/gcc/arm-none-eabi/5.3.1/armv6-m/crtn.o
                0x1000f5e0                . = ALIGN (0x4)
                0x1000f5e0                __preinit_array_start = .
 *(.preinit_array)
                0x1000f5e0                __preinit_array_end = .
                0x1000f5e0                . = ALIGN (0x4)
                0x1000f5e0                __init_array_start = .
 *(SORT(.init_array.*))
 *(.init_array)
 .init_array    0x1000f5e0        0x4 c:/program files (x86)/atmel/studio/7.0/toolchain/arm/arm-gnu-toolchain/bin/../lib/gcc/arm-none-eabi/5.3.1/armv6-m/crtbegin.o
                0x1000f5e4                __init_array_end = .
                0x1000f5e4                . = ALIGN (0x4)
 *crtbegin.o(.ctors)
 *(EXCLUDE_FILE(*crtend.o) .ctors)
 *(SORT(.ctors.*))
 *crtend.o(.ctors)
                0x1000f5e4                . = ALIGN (0x4)
 *(.fini)
 .fini          0x1000f5e4        0x4 c:/program files (x86)/atmel/studio/7.0/toolchain/arm/arm-gnu-toolchain/bin/../lib/gcc/arm-none-eabi/5.3.1/armv6-m/crti.o
                0x1000f5e4                _fini
 .fini          0x1000f5e8        0x8 c:/program files (x86)/atmel/studio/7.0/toolchain/arm/arm-gnu-toolchain/bin/../lib/gcc/arm-none-eabi/5.3.1/armv6-m/crtn.o
                0x1000f5f0                . = ALIGN (0x4)
                0x1000f5f0                __fini_array_start = .
 *(.fini_array)
 .fini_array    0x1000f5f0        0x4 c:/program files (x86)/atmel/studio/7.0/toolchain/arm/arm-gnu-toolchain/bin/../lib/gcc/arm-none-eabi/5.3.1/armv6-m/crtbegin.o
 *(SORT(.fini_array.*))
                0x1000f5f4                __fini_array_end = .
 *crtbegin.o(.dtors)
 *(EXCLUDE_FILE(*crtend.o) .dtors)
 *(SORT(.dtors.*))
 *crtend.o(.dtors)
                0x1000f5f4                . = ALIGN (0x4)
                0x1000f5f4                _efixed = .

.vfp11_veneer   0x1000f5f4        0x0
 .vfp11_veneer  0x1000f5f4        0x0 linker stubs

.v4_bx          0x1000f5f4        0x0
 .v4_bx         0x1000f5f4        0x0 linker stubs

.iplt           0x1000f5f4        0x0
 .iplt          0x1000f5f4        0x0 c:/program files (x86)/atmel/studio/7.0/toolchain/arm/arm-gnu-toolchain/bin/../lib/gcc/arm-none-eabi/5.3.1/armv6-m/crtbegin.o

.eh_frame       0x1000f5f4        0x0
 .eh_frame      0x1000f5f4        0x0 c:/program files (x86)/atmel/studio/7.0/toolchain/arm/arm-gnu-toolchain/bin/../lib/gcc/arm-none-eabi/5.3.1/armv6-m/crtbegin.o

.rel.dyn        0x1000f5f4        0x0
 .rel.iplt      0x1000f5f4        0x0 c:/program files (x86)/atmel/studio/7.0/toolchain/arm/arm-gnu-toolchain/bin/../lib/gcc/arm-none-eabi/5.3.1/armv6-m/crtbegin.o

.jcr            0x1000f5f4        0x0
 .jcr           0x1000f5f4        0x0 c:/program files (x86)/atmel/studio/7.0/toolchain/arm/arm-gnu-toolchain/bin/../lib/gcc/arm-none-eabi/5.3.1/armv6-m/crtbegin.o

.igot.plt       0x1000f5f4        0x0
 .igot.plt      0x1000f5f4        0x0 c:/program files (x86)/atmel/studio/7.0/toolchain/arm/arm-gnu-toolchain/bin/../lib/gcc/arm-none-eabi/5.3.1/armv6-m/crtbegin.o
                0x1000f5f4                . = ALIGN (0x4)
                0x1000f5f4                _etext = .

.relocate       0x1000f5f4       0x6c
                0x1000f5f4                . = ALIGN (0x4)
                0x1000f5f4                _srelocate = .
 *(.ramfunc .ramfunc.*)
 *(.data .data.*)
 .data.dbg_gpio_pin
                0x1000f5f4        0x1 src/main.o
                0x1000f5f4                dbg_gpio_pin
 .data.l2cap_avail_buffers
                0x1000f5f5        0x1 ../src/ASF/thirdparty/wireless/ble_smart_sdk/lib/cm0/gcc\libblusdk.a(l2cc_task.o)
                0x1000f5f5                l2cap_avail_buffers
 *fill*         0x1000f5f6        0x2 
 .data.dummy_buffer
                0x1000f5f8        0x4 ../src/ASF/thirdparty/wireless/ble_smart_sdk/lib/cm0/gcc\libblusdk.a(interface.o)
                0x1000f5f8                dummy_buffer
 .data.impure_data
                0x1000f5fc       0x60 c:/program files (x86)/atmel/studio/7.0/toolchain/arm/arm-gnu-toolchain/bin/../lib/gcc/arm-none-eabi/5.3.1/../../../../arm-none-eabi/lib/armv6-m\libc_nano.a(lib_a-impure.o)
 .data._impure_ptr
                0x1000f65c        0x4 c:/program files (x86)/atmel/studio/7.0/toolchain/arm/arm-gnu-toolchain/bin/../lib/gcc/arm-none-eabi/5.3.1/../../../../arm-none-eabi/lib/armv6-m\libc_nano.a(lib_a-impure.o)
                0x1000f65c                _impure_ptr
                0x1000f660                . = ALIGN (0x4)
                0x1000f660                _erelocate = .

.bss            0x1000f660     0x1b64
                0x1000f660                . = ALIGN (0x4)
                0x1000f660                _sbss = .
                0x1000f660                _szero = .
 *(.bss .bss.*)
 .bss           0x1000f660       0x1c c:/program files (x86)/atmel/studio/7.0/toolchain/arm/arm-gnu-toolchain/bin/../lib/gcc/arm-none-eabi/5.3.1/armv6-m/crtbegin.o
 .bss.dualtimer_callback_timer1
                0x1000f67c        0x4 src/ASF/sam0/drivers/dualtimer/dualtimer.o
 .bss.dualtimer_callback_timer2
                0x1000f680        0x4 src/ASF/sam0/drivers/dualtimer/dualtimer.o
 .bss.heap.5286
                0x1000f684        0x4 src/ASF/sam0/utils/syscalls/gcc/syscalls.o
 .bss.hw_timer_stop_func_cb
                0x1000f688        0x4 src/ASF/thirdparty/wireless/ble_smart_sdk/ble_profiles/pxp_monitor/pxp_monitor.o
                0x1000f688                hw_timer_stop_func_cb
 .bss.pxp_connect_request_flag
                0x1000f68c        0x1 src/ASF/thirdparty/wireless/ble_smart_sdk/ble_profiles/pxp_monitor/pxp_monitor.o
                0x1000f68c                pxp_connect_request_flag
 *fill*         0x1000f68d        0x3 
 .bss.hw_timer_start_func_cb
                0x1000f690        0x4 src/ASF/thirdparty/wireless/ble_smart_sdk/ble_profiles/pxp_monitor/pxp_monitor.o
                0x1000f690                hw_timer_start_func_cb
 .bss.scan_index
                0x1000f694        0x1 src/ASF/thirdparty/wireless/ble_smart_sdk/ble_profiles/pxp_monitor/pxp_monitor.o
                0x1000f694                scan_index
 *fill*         0x1000f695        0x3 
 .bss.att_db_data
                0x1000f698      0x4e0 src/ASF/thirdparty/wireless/ble_smart_sdk/ble_services/ble_mgr/ble_manager.o
                0x1000f698                att_db_data
 .bss.ble_user_event_cb
                0x1000fb78        0x4 src/ASF/thirdparty/wireless/ble_smart_sdk/ble_services/ble_mgr/ble_manager.o
                0x1000fb78                ble_user_event_cb
 .bss.scan_response_count
                0x1000fb7c        0x1 src/ASF/thirdparty/wireless/ble_smart_sdk/ble_services/ble_mgr/ble_manager.o
                0x1000fb7c                scan_response_count
 .bss.ble_peripheral_dev_address
                0x1000fb7d        0x7 src/ASF/thirdparty/wireless/ble_smart_sdk/ble_services/ble_mgr/ble_manager.o
 .bss.read_complete_flag
                0x1000fb84        0x1 src/ASF/thirdparty/wireless/ble_smart_sdk/services/console_serial.o
 *fill*         0x1000fb85        0x3 
 .bss.tick      0x1000fb88        0x4 src/ASF/thirdparty/wireless/ble_smart_sdk/services/console_serial.o
                0x1000fb88                tick
 .bss.string_input
                0x1000fb8c        0x1 src/ASF/thirdparty/wireless/ble_smart_sdk/services/console_serial.o
                0x1000fb8c                string_input
 *fill*         0x1000fb8d        0x3 
 .bss.platform_event_pending_list
                0x1000fb90        0x4 src/ASF/thirdparty/wireless/ble_smart_sdk/src/event_handler.o
 .bss.platform_event_free_list
                0x1000fb94        0x4 src/ASF/thirdparty/wireless/ble_smart_sdk/src/event_handler.o
 .bss.platform_event_pool
                0x1000fb98       0x78 src/ASF/thirdparty/wireless/ble_smart_sdk/src/event_handler.o
 .bss.ke_free   0x1000fc10        0x4 src/ASF/thirdparty/wireless/ble_smart_sdk/src/platform_drv.o
 .bss.gapm_get_id_from_task
                0x1000fc14        0x4 src/ASF/thirdparty/wireless/ble_smart_sdk/src/platform_drv.o
 .bss.gapm_get_task_from_id
                0x1000fc18        0x4 src/ASF/thirdparty/wireless/ble_smart_sdk/src/platform_drv.o
 .bss.os_sem_up
                0x1000fc1c        0x4 src/ASF/thirdparty/wireless/ble_smart_sdk/src/platform_drv.o
 .bss.pwr_wait_BLE_out_of_reset
                0x1000fc20        0x4 src/ASF/thirdparty/wireless/ble_smart_sdk/src/platform_drv.o
 .bss.platform_initialized
                0x1000fc24        0x1 src/ASF/thirdparty/wireless/ble_smart_sdk/src/platform_drv.o
                0x1000fc24                platform_initialized
 *fill*         0x1000fc25        0x3 
 .bss.pwr_disable_arm_wakeup
                0x1000fc28        0x4 src/ASF/thirdparty/wireless/ble_smart_sdk/src/platform_drv.o
 .bss.gstrFwSem
                0x1000fc2c        0x4 src/ASF/thirdparty/wireless/ble_smart_sdk/src/platform_drv.o
 .bss.os_sem_down
                0x1000fc30        0x4 src/ASF/thirdparty/wireless/ble_smart_sdk/src/platform_drv.o
 .bss.pwr_enable_arm_wakeup
                0x1000fc34        0x4 src/ASF/thirdparty/wireless/ble_smart_sdk/src/platform_drv.o
 .bss.NMI_MsgQueueRecv
                0x1000fc38        0x4 src/ASF/thirdparty/wireless/ble_smart_sdk/src/platform_drv.o
 .bss.ke_msg_send
                0x1000fc3c        0x4 src/ASF/thirdparty/wireless/ble_smart_sdk/src/platform_drv.o
 .bss.ke_msg_hdr.12887
                0x1000fc40        0x4 src/ASF/thirdparty/wireless/ble_smart_sdk/src/platform_drv.o
 .bss.rcv_msg.12886
                0x1000fc44        0x4 src/ASF/thirdparty/wireless/ble_smart_sdk/src/platform_drv.o
 .bss.ble_stack_message_handler
                0x1000fc48        0x4 src/ASF/thirdparty/wireless/ble_smart_sdk/src/platform_drv.o
 .bss.pwr_arm_wakeup_req
                0x1000fc4c        0x4 src/ASF/thirdparty/wireless/ble_smart_sdk/src/platform_drv.o
 .bss.ke_msg_alloc
                0x1000fc50        0x4 src/ASF/thirdparty/wireless/ble_smart_sdk/src/platform_drv.o
 .bss.InternalAppMsgQHandle
                0x1000fc54        0x4 src/ASF/thirdparty/wireless/ble_smart_sdk/src/platform_drv.o
 .bss.dbg_gpio_pin_state
                0x1000fc58        0x1 src/main.o
                0x1000fc58                dbg_gpio_pin_state
 .bss.sms_gateway_connection_flag
                0x1000fc59        0x1 src/main.o
                0x1000fc59                sms_gateway_connection_flag
 *fill*         0x1000fc5a        0x2 
 .bss.event_pool
                0x1000fc5c       0xa0 ../src/ASF/thirdparty/wireless/ble_smart_sdk/lib/cm0/gcc\libblusdk.a(event.o)
 .bss.event_pending_list
                0x1000fcfc        0x4 ../src/ASF/thirdparty/wireless/ble_smart_sdk/lib/cm0/gcc\libblusdk.a(event.o)
 .bss.event_free_list
                0x1000fd00        0x4 ../src/ASF/thirdparty/wireless/ble_smart_sdk/lib/cm0/gcc\libblusdk.a(event.o)
 .bss.u16GattcSeqNo
                0x1000fd04        0x2 ../src/ASF/thirdparty/wireless/ble_smart_sdk/lib/cm0/gcc\libblusdk.a(gatt_client.o)
 *fill*         0x1000fd06        0x2 
 .bss.pu8valuesBuffer
                0x1000fd08        0x4 ../src/ASF/thirdparty/wireless/ble_smart_sdk/lib/cm0/gcc\libblusdk.a(gatt_server.o)
                0x1000fd08                pu8valuesBuffer
 .bss.unNull    0x1000fd0c        0x1 ../src/ASF/thirdparty/wireless/ble_smart_sdk/lib/cm0/gcc\libblusdk.a(gatt_server.o)
                0x1000fd0c                unNull
 *fill*         0x1000fd0d        0x3 
 .bss.ptstrattDb
                0x1000fd10        0x4 ../src/ASF/thirdparty/wireless/ble_smart_sdk/lib/cm0/gcc\libblusdk.a(gatt_server.o)
                0x1000fd10                ptstrattDb
 .bss.pu8valuesBufferEnd
                0x1000fd14        0x4 ../src/ASF/thirdparty/wireless/ble_smart_sdk/lib/cm0/gcc\libblusdk.a(gatt_server.o)
                0x1000fd14                pu8valuesBufferEnd
 .bss.u32numberOfValues
                0x1000fd18        0x4 ../src/ASF/thirdparty/wireless/ble_smart_sdk/lib/cm0/gcc\libblusdk.a(gatt_server.o)
                0x1000fd18                u32numberOfValues
 .bss.u32dbMemorySize
                0x1000fd1c        0x4 ../src/ASF/thirdparty/wireless/ble_smart_sdk/lib/cm0/gcc\libblusdk.a(gatt_server.o)
                0x1000fd1c                u32dbMemorySize
 .bss.service_setup_buffer
                0x1000fd20        0x4 ../src/ASF/thirdparty/wireless/ble_smart_sdk/lib/cm0/gcc\libblusdk.a(gatt_server.o)
                0x1000fd20                service_setup_buffer
 .bss.cmd_cmpl_flag
                0x1000fd24        0x4 ../src/ASF/thirdparty/wireless/ble_smart_sdk/lib/cm0/gcc\libblusdk.a(interface.o)
 .bss.dummy_key.7389
                0x1000fd28       0x10 ../src/ASF/thirdparty/wireless/ble_smart_sdk/lib/cm0/gcc\libblusdk.a(gapc_task.o)
 .bss.dummy_key.7407
                0x1000fd38       0x10 ../src/ASF/thirdparty/wireless/ble_smart_sdk/lib/cm0/gcc\libblusdk.a(gapc_task.o)
 .bss.peer_key_info
                0x1000fd48       0x46 ../src/ASF/thirdparty/wireless/ble_smart_sdk/lib/cm0/gcc\libblusdk.a(gapc_task.o)
 .bss.dummy_key.7271
                0x1000fd8e       0x10 ../src/ASF/thirdparty/wireless/ble_smart_sdk/lib/cm0/gcc\libblusdk.a(gapc_task.o)
 .bss.g_seq_num_tx
                0x1000fd9e        0x2 ../src/ASF/thirdparty/wireless/ble_smart_sdk/lib/cm0/gcc\libblusdk.a(gattc_task.o)
 .bss.Seq_NUM   0x1000fda0        0x2 ../src/ASF/thirdparty/wireless/ble_smart_sdk/lib/cm0/gcc\libblusdk.a(gattc_task.o)
                0x1000fda0                Seq_NUM
 *fill*         0x1000fda2        0x2 
 .bss.u32usedBuffers
                0x1000fda4        0x4 ../src/ASF/thirdparty/wireless/ble_smart_sdk/lib/cm0/gcc\libblusdk.a(gattm_task.o)
                0x1000fda4                u32usedBuffers
 .bss.__malloc_sbrk_start
                0x1000fda8        0x4 c:/program files (x86)/atmel/studio/7.0/toolchain/arm/arm-gnu-toolchain/bin/../lib/gcc/arm-none-eabi/5.3.1/../../../../arm-none-eabi/lib/armv6-m\libc_nano.a(lib_a-nano-mallocr.o)
                0x1000fda8                __malloc_sbrk_start
 .bss.__malloc_free_list
                0x1000fdac        0x4 c:/program files (x86)/atmel/studio/7.0/toolchain/arm/arm-gnu-toolchain/bin/../lib/gcc/arm-none-eabi/5.3.1/../../../../arm-none-eabi/lib/armv6-m\libc_nano.a(lib_a-nano-mallocr.o)
                0x1000fdac                __malloc_free_list
 *(COMMON)
 COMMON         0x1000fdb0       0x90 src/ASF/sam0/drivers/gpio/gpio.o
                0x1000fdb0                _gpio_instances
 COMMON         0x1000fe40        0x4 src/ASF/sam0/drivers/system/system_sam_b.o
                0x1000fe40                system_clock_value
 COMMON         0x1000fe44        0x8 src/ASF/sam0/drivers/uart/uart.o
                0x1000fe44                _uart_instances
 COMMON         0x1000fe4c        0x4 src/ASF/sam0/utils/stdio/read.o
                0x1000fe4c                ptr_get
 COMMON         0x1000fe50        0x8 src/ASF/sam0/utils/stdio/write.o
                0x1000fe50                ptr_put
                0x1000fe54                stdio_base
 COMMON         0x1000fe58       0x1e src/ASF/thirdparty/wireless/ble_smart_sdk/ble_profiles/pxp_monitor/pxp_monitor.o
                0x1000fe58                lls_char_data
                0x1000fe59                ias_char_data
                0x1000fe5a                pxp_supp_scan_index
                0x1000fe6e                pxp_reporter_address
                0x1000fe75                tx_power_char_data
 *fill*         0x1000fe76        0x2 
 COMMON         0x1000fe78      0x830 src/ASF/thirdparty/wireless/ble_smart_sdk/ble_services/ble_mgr/ble_manager.o
                0x1000fe78                ble_mgr_htpt_event_cb
                0x1000fe7c                ble_mgr_gatt_server_event_cb
                0x1000fe90                ble_dev_info
                0x100100fc                ble_device_count
                0x10010100                ble_mgr_dtm_event_cb
                0x10010114                ble_mgr_gap_event_cb
                0x10010128                ble_mgr_gatt_client_event_cb
                0x1001013c                connected_state_info
                0x10010150                pf_cfg
                0x1001015c                event
                0x10010160                ble_mgr_l2cap_event_cb
                0x10010164                scan_info
                0x10010498                ble_event_params
                0x100106a4                ble_mgr_custom_event_cb
 COMMON         0x100106a8       0x4c src/ASF/thirdparty/wireless/ble_smart_sdk/services/console_serial.o
                0x100106a8                uart_instance
                0x100106cc                config_uart
 COMMON         0x100106f4      0x2e2 src/ASF/thirdparty/wireless/ble_smart_sdk/src/platform_drv.o
                0x100106f4                default_samb11_clock_init
                0x100106fc                rwip_prevent_sleep_set
                0x10010700                platform_unregister_isr
                0x10010704                rwip_prevent_sleep_clear
                0x10010708                actualfreq
                0x1001070c                port_list
                0x1001073e                rx_buffer
                0x100109c0                platform_register_isr
                0x100109c4                handle_ext_wakeup_isr
                0x100109c8                samb11_app_resume_cb
                0x100109cc                updateuartbr_fp
                0x100109d0                apps_resume_cb
                0x100109d4                plf_event_buff_index
 COMMON         0x100109d6       0x15 src/main.o
                0x100109d6                app_state
                0x100109d7                supp_scan_index
 *fill*         0x100109eb        0x1 
 COMMON         0x100109ec        0xc ../src/ASF/thirdparty/wireless/ble_smart_sdk/lib/cm0/gcc\libblusdk.a(event.o)
                0x100109ec                watched_event
 COMMON         0x100109f8      0x16a ../src/ASF/thirdparty/wireless/ble_smart_sdk/lib/cm0/gcc\libblusdk.a(gap.o)
                0x100109f8                app_task_type
                0x100109fa                gstrConnData
                0x10010a8a                device
 *fill*         0x10010b62        0x2 
 COMMON         0x10010b64      0x65c ../src/ASF/thirdparty/wireless/ble_smart_sdk/lib/cm0/gcc\libblusdk.a(interface.o)
                0x10010b64                event_param_buff_index
                0x10010b68                dummy_buffer_buff
                0x10010d68                interface_send_msg
                0x10010f68                event_param_buff
 COMMON         0x100111c0        0x4 c:/program files (x86)/atmel/studio/7.0/toolchain/arm/arm-gnu-toolchain/bin/../lib/gcc/arm-none-eabi/5.3.1/../../../../arm-none-eabi/lib/armv6-m\libc_nano.a(lib_a-reent.o)
                0x100111c0                errno
                0x100111c4                . = ALIGN (0x4)
                0x100111c4                _ebss = .
                0x100111c4                _ezero = .

.stack          0x100111c4      0x804
                0x100111c8                . = ALIGN (0x8)
 *fill*         0x100111c4        0x4 
                0x100111c8                _sstack = .
                0x100119c8                . = (. + STACK_SIZE)
 *fill*         0x100111c8      0x800 
                0x100119c8                . = ALIGN (0x8)
                0x100119c8                _estack = .
                [!provide]                PROVIDE (__exidx_start, .)

.ARM.exidx
 *(.ARM.exidx* .gnu.linkonce.armexidx.*)
                [!provide]                PROVIDE (__exidx_end, .)
                0x100119c8                . = ALIGN (0x4)
                0x100119c8                _end = .
OUTPUT(SMSgateway1.elf elf32-littlearm)

.ARM.attributes
                0x00000000       0x28
 .ARM.attributes
                0x00000000       0x1e c:/program files (x86)/atmel/studio/7.0/toolchain/arm/arm-gnu-toolchain/bin/../lib/gcc/arm-none-eabi/5.3.1/armv6-m/crti.o
 .ARM.attributes
                0x0000001e       0x2c c:/program files (x86)/atmel/studio/7.0/toolchain/arm/arm-gnu-toolchain/bin/../lib/gcc/arm-none-eabi/5.3.1/armv6-m/crtbegin.o
 .ARM.attributes
                0x0000004a       0x31 src/ASF/sam0/drivers/dualtimer/dualtimer.o
 .ARM.attributes
                0x0000007b       0x31 src/ASF/sam0/drivers/gpio/gpio.o
 .ARM.attributes
                0x000000ac       0x31 src/ASF/sam0/drivers/system/system_sam_b.o
 .ARM.attributes
                0x000000dd       0x31 src/ASF/sam0/drivers/uart/uart.o
 .ARM.attributes
                0x0000010e       0x31 src/ASF/sam0/utils/cmsis/samb11/source/gcc/startup_samb11.o
 .ARM.attributes
                0x0000013f       0x31 src/ASF/sam0/utils/stdio/read.o
 .ARM.attributes
                0x00000170       0x31 src/ASF/sam0/utils/stdio/write.o
 .ARM.attributes
                0x000001a1       0x31 src/ASF/sam0/utils/syscalls/gcc/syscalls.o
 .ARM.attributes
                0x000001d2       0x31 src/ASF/thirdparty/wireless/ble_smart_sdk/ble_profiles/pxp_monitor/pxp_monitor.o
 .ARM.attributes
                0x00000203       0x31 src/ASF/thirdparty/wireless/ble_smart_sdk/ble_services/ble_mgr/ble_manager.o
 .ARM.attributes
                0x00000234       0x31 src/ASF/thirdparty/wireless/ble_smart_sdk/services/button.o
 .ARM.attributes
                0x00000265       0x31 src/ASF/thirdparty/wireless/ble_smart_sdk/services/console_serial.o
 .ARM.attributes
                0x00000296       0x31 src/ASF/thirdparty/wireless/ble_smart_sdk/services/timer_hw.o
 .ARM.attributes
                0x000002c7       0x31 src/ASF/thirdparty/wireless/ble_smart_sdk/src/event_handler.o
 .ARM.attributes
                0x000002f8       0x31 src/ASF/thirdparty/wireless/ble_smart_sdk/src/platform_drv.o
 .ARM.attributes
                0x00000329       0x31 src/ASF/thirdparty/wireless/ble_smart_sdk/src/port_from_sdk.o
 .ARM.attributes
                0x0000035a       0x31 src/main.o
 .ARM.attributes
                0x0000038b       0x31 ../src/ASF/thirdparty/wireless/ble_smart_sdk/lib/cm0/gcc\libblusdk.a(event.o)
 .ARM.attributes
                0x000003bc       0x31 ../src/ASF/thirdparty/wireless/ble_smart_sdk/lib/cm0/gcc\libblusdk.a(gap.o)
 .ARM.attributes
                0x000003ed       0x31 ../src/ASF/thirdparty/wireless/ble_smart_sdk/lib/cm0/gcc\libblusdk.a(gatt_client.o)
 .ARM.attributes
                0x0000041e       0x31 ../src/ASF/thirdparty/wireless/ble_smart_sdk/lib/cm0/gcc\libblusdk.a(gatt_server.o)
 .ARM.attributes
                0x0000044f       0x31 ../src/ASF/thirdparty/wireless/ble_smart_sdk/lib/cm0/gcc\libblusdk.a(l2cc_task.o)
 .ARM.attributes
                0x00000480       0x31 ../src/ASF/thirdparty/wireless/ble_smart_sdk/lib/cm0/gcc\libblusdk.a(security.o)
 .ARM.attributes
                0x000004b1       0x31 ../src/ASF/thirdparty/wireless/ble_smart_sdk/lib/cm0/gcc\libblusdk.a(interface.o)
 .ARM.attributes
                0x000004e2       0x31 ../src/ASF/thirdparty/wireless/ble_smart_sdk/lib/cm0/gcc\libblusdk.a(dbg_task.o)
 .ARM.attributes
                0x00000513       0x31 ../src/ASF/thirdparty/wireless/ble_smart_sdk/lib/cm0/gcc\libblusdk.a(gapc_task.o)
 .ARM.attributes
                0x00000544       0x31 ../src/ASF/thirdparty/wireless/ble_smart_sdk/lib/cm0/gcc\libblusdk.a(gapm_task.o)
 .ARM.attributes
                0x00000575       0x31 ../src/ASF/thirdparty/wireless/ble_smart_sdk/lib/cm0/gcc\libblusdk.a(gattc_task.o)
 .ARM.attributes
                0x000005a6       0x31 ../src/ASF/thirdparty/wireless/ble_smart_sdk/lib/cm0/gcc\libblusdk.a(gattm_task.o)
 .ARM.attributes
                0x000005d7       0x31 ../src/ASF/thirdparty/wireless/ble_smart_sdk/lib/cm0/gcc\libblusdk.a(htpt_task.o)
 .ARM.attributes
                0x00000608       0x1e c:/program files (x86)/atmel/studio/7.0/toolchain/arm/arm-gnu-toolchain/bin/../lib/gcc/arm-none-eabi/5.3.1/armv6-m\libgcc.a(_thumb1_case_uqi.o)
 .ARM.attributes
                0x00000626       0x1e c:/program files (x86)/atmel/studio/7.0/toolchain/arm/arm-gnu-toolchain/bin/../lib/gcc/arm-none-eabi/5.3.1/armv6-m\libgcc.a(_thumb1_case_uhi.o)
 .ARM.attributes
                0x00000644       0x1e c:/program files (x86)/atmel/studio/7.0/toolchain/arm/arm-gnu-toolchain/bin/../lib/gcc/arm-none-eabi/5.3.1/armv6-m\libgcc.a(_udivsi3.o)
 .ARM.attributes
                0x00000662       0x1e c:/program files (x86)/atmel/studio/7.0/toolchain/arm/arm-gnu-toolchain/bin/../lib/gcc/arm-none-eabi/5.3.1/armv6-m\libgcc.a(_dvmd_tls.o)
 .ARM.attributes
                0x00000680       0x2c c:/program files (x86)/atmel/studio/7.0/toolchain/arm/arm-gnu-toolchain/bin/../lib/gcc/arm-none-eabi/5.3.1/armv6-m\libgcc.a(_fixunsdfsi.o)
 .ARM.attributes
                0x000006ac       0x2c c:/program files (x86)/atmel/studio/7.0/toolchain/arm/arm-gnu-toolchain/bin/../lib/gcc/arm-none-eabi/5.3.1/armv6-m\libgcc.a(muldf3.o)
 .ARM.attributes
                0x000006d8       0x2c c:/program files (x86)/atmel/studio/7.0/toolchain/arm/arm-gnu-toolchain/bin/../lib/gcc/arm-none-eabi/5.3.1/armv6-m\libgcc.a(subdf3.o)
 .ARM.attributes
                0x00000704       0x2c c:/program files (x86)/atmel/studio/7.0/toolchain/arm/arm-gnu-toolchain/bin/../lib/gcc/arm-none-eabi/5.3.1/armv6-m\libgcc.a(fixdfsi.o)
 .ARM.attributes
                0x00000730       0x2c c:/program files (x86)/atmel/studio/7.0/toolchain/arm/arm-gnu-toolchain/bin/../lib/gcc/arm-none-eabi/5.3.1/armv6-m\libgcc.a(floatunsidf.o)
 .ARM.attributes
                0x0000075c       0x1e c:/program files (x86)/atmel/studio/7.0/toolchain/arm/arm-gnu-toolchain/bin/../lib/gcc/arm-none-eabi/5.3.1/armv6-m\libgcc.a(_arm_cmpdf2.o)
 .ARM.attributes
                0x0000077a       0x1e c:/program files (x86)/atmel/studio/7.0/toolchain/arm/arm-gnu-toolchain/bin/../lib/gcc/arm-none-eabi/5.3.1/armv6-m\libgcc.a(_clzsi2.o)
 .ARM.attributes
                0x00000798       0x2c c:/program files (x86)/atmel/studio/7.0/toolchain/arm/arm-gnu-toolchain/bin/../lib/gcc/arm-none-eabi/5.3.1/armv6-m\libgcc.a(eqdf2.o)
 .ARM.attributes
                0x000007c4       0x2c c:/program files (x86)/atmel/studio/7.0/toolchain/arm/arm-gnu-toolchain/bin/../lib/gcc/arm-none-eabi/5.3.1/armv6-m\libgcc.a(gedf2.o)
 .ARM.attributes
                0x000007f0       0x2c c:/program files (x86)/atmel/studio/7.0/toolchain/arm/arm-gnu-toolchain/bin/../lib/gcc/arm-none-eabi/5.3.1/armv6-m\libgcc.a(ledf2.o)
 .ARM.attributes
                0x0000081c       0x2c c:/program files (x86)/atmel/studio/7.0/toolchain/arm/arm-gnu-toolchain/bin/../lib/gcc/arm-none-eabi/5.3.1/../../../../arm-none-eabi/lib/armv6-m\libc_nano.a(lib_a-impure.o)
 .ARM.attributes
                0x00000848       0x2c c:/program files (x86)/atmel/studio/7.0/toolchain/arm/arm-gnu-toolchain/bin/../lib/gcc/arm-none-eabi/5.3.1/../../../../arm-none-eabi/lib/armv6-m\libc_nano.a(lib_a-init.o)
 .ARM.attributes
                0x00000874       0x2c c:/program files (x86)/atmel/studio/7.0/toolchain/arm/arm-gnu-toolchain/bin/../lib/gcc/arm-none-eabi/5.3.1/../../../../arm-none-eabi/lib/armv6-m\libc_nano.a(lib_a-memcmp.o)
 .ARM.attributes
                0x000008a0       0x2c c:/program files (x86)/atmel/studio/7.0/toolchain/arm/arm-gnu-toolchain/bin/../lib/gcc/arm-none-eabi/5.3.1/../../../../arm-none-eabi/lib/armv6-m\libc_nano.a(lib_a-memcpy-stub.o)
 .ARM.attributes
                0x000008cc       0x2c c:/program files (x86)/atmel/studio/7.0/toolchain/arm/arm-gnu-toolchain/bin/../lib/gcc/arm-none-eabi/5.3.1/../../../../arm-none-eabi/lib/armv6-m\libc_nano.a(lib_a-memset.o)
 .ARM.attributes
                0x000008f8       0x2c c:/program files (x86)/atmel/studio/7.0/toolchain/arm/arm-gnu-toolchain/bin/../lib/gcc/arm-none-eabi/5.3.1/../../../../arm-none-eabi/lib/armv6-m\libc_nano.a(lib_a-puts.o)
 .ARM.attributes
                0x00000924       0x2c c:/program files (x86)/atmel/studio/7.0/toolchain/arm/arm-gnu-toolchain/bin/../lib/gcc/arm-none-eabi/5.3.1/../../../../arm-none-eabi/lib/armv6-m\libc_nano.a(lib_a-rand.o)
 .ARM.attributes
                0x00000950       0x2c c:/program files (x86)/atmel/studio/7.0/toolchain/arm/arm-gnu-toolchain/bin/../lib/gcc/arm-none-eabi/5.3.1/../../../../arm-none-eabi/lib/armv6-m\libc_nano.a(lib_a-setbuf.o)
 .ARM.attributes
                0x0000097c       0x2c c:/program files (x86)/atmel/studio/7.0/toolchain/arm/arm-gnu-toolchain/bin/../lib/gcc/arm-none-eabi/5.3.1/../../../../arm-none-eabi/lib/armv6-m\libc_nano.a(lib_a-setvbuf.o)
 .ARM.attributes
                0x000009a8       0x2c c:/program files (x86)/atmel/studio/7.0/toolchain/arm/arm-gnu-toolchain/bin/../lib/gcc/arm-none-eabi/5.3.1/../../../../arm-none-eabi/lib/armv6-m\libc_nano.a(lib_a-wbuf.o)
 .ARM.attributes
                0x000009d4       0x2c c:/program files (x86)/atmel/studio/7.0/toolchain/arm/arm-gnu-toolchain/bin/../lib/gcc/arm-none-eabi/5.3.1/../../../../arm-none-eabi/lib/armv6-m\libc_nano.a(lib_a-wsetup.o)
 .ARM.attributes
                0x00000a00       0x2c c:/program files (x86)/atmel/studio/7.0/toolchain/arm/arm-gnu-toolchain/bin/../lib/gcc/arm-none-eabi/5.3.1/../../../../arm-none-eabi/lib/armv6-m\libc_nano.a(lib_a-fflush.o)
 .ARM.attributes