inv_mpu.c:120:5:i2c_write	32	static
inv_mpu.c:141:5:i2c_read	32	static
inv_mpu.c:179:19:reg_int_cb	16	static
inv_mpu.c:184:20:get_ms	24	static
inv_mpu.c:712:12:set_int_enable	32	static
inv_mpu.c:744:5:mpu_reg_dump	24	static
inv_mpu.c:766:5:mpu_read_reg	24	static
inv_mpu.c:788:5:mpu_init	32	static
inv_mpu.c:877:5:mpu_lp_accel_mode	32	static
inv_mpu.c:961:5:mpu_get_gyro_reg	32	static
inv_mpu.c:984:5:mpu_get_accel_reg	32	static
inv_mpu.c:1007:5:mpu_get_temperature	32	static
inv_mpu.c:1033:5:mpu_read_6500_accel_bias	32	static
inv_mpu.c:1055:5:mpu_read_6050_accel_bias	32	static
inv_mpu.c:1069:5:mpu_read_6500_gyro_bias	32	static
inv_mpu.c:1091:5:mpu_set_gyro_bias_reg	40	static
inv_mpu.c:1121:5:mpu_set_accel_bias_6050_reg	48	static
inv_mpu.c:1159:5:mpu_set_accel_bias_6500_reg	48	static
inv_mpu.c:1193:5:mpu_reset_fifo	24	static
inv_mpu.c:1255:5:mpu_get_gyro_fsr	16	static
inv_mpu.c:1282:5:mpu_set_gyro_fsr	32	static
inv_mpu.c:1319:5:mpu_get_accel_fsr	16	static
inv_mpu.c:1347:5:mpu_set_accel_fsr	32	static
inv_mpu.c:1384:5:mpu_get_lpf	16	static
inv_mpu.c:1420:5:mpu_set_lpf	32	static
inv_mpu.c:1453:5:mpu_get_sample_rate	16	static
inv_mpu.c:1468:5:mpu_set_sample_rate	32	static
inv_mpu.c:1515:5:mpu_get_compass_sample_rate	16	static
inv_mpu.c:1537:5:mpu_set_compass_sample_rate	32	static
inv_mpu.c:1559:5:mpu_get_gyro_sens	16	static
inv_mpu.c:1585:5:mpu_get_accel_sens	16	static
inv_mpu.c:1617:5:mpu_get_fifo_config	16	static
inv_mpu.c:1632:5:mpu_configure_fifo	24	static
inv_mpu.c:1674:5:mpu_get_power_state	16	static
inv_mpu.c:1693:5:mpu_set_sensors	32	static
inv_mpu.c:1770:5:mpu_get_int_status	32	static
inv_mpu.c:1799:5:mpu_read_fifo	56	static
inv_mpu.c:1880:5:mpu_read_fifo_stream	40	static
inv_mpu.c:1922:5:mpu_set_bypass	32	static
inv_mpu.c:1975:5:mpu_set_int_level	16	static
inv_mpu.c:1987:5:mpu_set_int_latched	32	static
inv_mpu.c:2084:12:compass_self_test	32	static
inv_mpu.c:2148:12:get_st_biases	264	static
inv_mpu.c:2305:12:accel_6500_self_test	136	static
inv_mpu.c:2395:12:gyro_6500_self_test	136	static
inv_mpu.c:2488:12:get_st_6500_biases	792	static
inv_mpu.c:2630:5:mpu_run_6500_self_test	80	static
inv_mpu.c:2751:5:mpu_run_self_test	32	static
inv_mpu.c:2855:5:mpu_write_mem	32	static
inv_mpu.c:2888:5:mpu_read_mem	32	static
inv_mpu.c:2920:5:mpu_load_firmware	56	static
inv_mpu.c:2961:5:mpu_set_dmp_state	32	static
inv_mpu.c:3001:5:mpu_get_dmp_state	16	static
inv_mpu.c:3009:12:setup_compass	32	static
inv_mpu.c:3117:5:mpu_get_compass_reg	40	static
inv_mpu.c:3170:5:mpu_get_compass_fsr	16	static
inv_mpu.c:3218:5:mpu_lp_motion_interrupt	40	static
