inv_mpu_dmp_motion_driver.c:520:5:dmp_load_motion_driver_firmware	16	static
inv_mpu_dmp_motion_driver.c:533:5:dmp_set_orientation	40	static
inv_mpu_dmp_motion_driver.c:588:5:dmp_set_gyro_bias	88	static
inv_mpu_dmp_motion_driver.c:640:5:dmp_set_accel_bias	112	static
inv_mpu_dmp_motion_driver.c:692:5:dmp_set_fifo_rate	40	static
inv_mpu_dmp_motion_driver.c:718:5:dmp_get_fifo_rate	16	static
inv_mpu_dmp_motion_driver.c:730:5:dmp_set_tap_thresh	40	static
inv_mpu_dmp_motion_driver.c:796:5:dmp_set_tap_axes	24	static
inv_mpu_dmp_motion_driver.c:814:5:dmp_set_tap_count	24	static
inv_mpu_dmp_motion_driver.c:832:5:dmp_set_tap_time	32	static
inv_mpu_dmp_motion_driver.c:848:5:dmp_set_tap_time_multi	32	static
inv_mpu_dmp_motion_driver.c:866:5:dmp_set_shake_reject_thresh	24	static
inv_mpu_dmp_motion_driver.c:885:5:dmp_set_shake_reject_time	32	static
inv_mpu_dmp_motion_driver.c:903:5:dmp_set_shake_reject_timeout	32	static
inv_mpu_dmp_motion_driver.c:918:5:dmp_get_pedometer_step_count	24	static
inv_mpu_dmp_motion_driver.c:939:5:dmp_set_pedometer_step_count	24	static
inv_mpu_dmp_motion_driver.c:955:5:dmp_get_pedometer_walk_time	24	static
inv_mpu_dmp_motion_driver.c:975:5:dmp_set_pedometer_walk_time	24	static
inv_mpu_dmp_motion_driver.c:1005:5:dmp_enable_feature	32	static
inv_mpu_dmp_motion_driver.c:1127:5:dmp_get_enabled_features	16	static
inv_mpu_dmp_motion_driver.c:1142:5:dmp_enable_gyro_cal	40	static
inv_mpu_dmp_motion_driver.c:1160:5:dmp_enable_lp_quat	24	static
inv_mpu_dmp_motion_driver.c:1184:5:dmp_enable_6x_lp_quat	24	static
inv_mpu_dmp_motion_driver.c:1205:12:decode_gesture	24	static
inv_mpu_dmp_motion_driver.c:1237:5:dmp_set_interrupt_mode	40	static
inv_mpu_dmp_motion_driver.c:1276:5:dmp_read_fifo	88	static
inv_mpu_dmp_motion_driver.c:1374:5:dmp_register_tap_cb	16	static
inv_mpu_dmp_motion_driver.c:1385:5:dmp_register_android_orient_cb	16	static
