aon_sleep_timer.c:50:13:delay_cycle	24	static
aon_sleep_timer.c:69:6:aon_sleep_timer_get_config_defaults	16	static
aon_sleep_timer.c:82:6:aon_sleep_timer_disable	16	static
aon_sleep_timer.c:103:10:aon_sleep_timer_get_current_value	8	static
aon_sleep_timer.c:113:6:aon_sleep_timer_sleep_timer_active	8	static
aon_sleep_timer.c:124:6:aon_sleep_timer_clear_interrup	8	static
aon_sleep_timer.c:136:6:aon_sleep_timer_register_callback	16	static
aon_sleep_timer.c:147:6:aon_sleep_timer_unregister_callback	8	static
aon_sleep_timer.c:158:13:aon_sleep_timer_isr_handler	8	static
aon_sleep_timer.c:176:6:aon_sleep_timer_init	24	static
