ble_manager.c:136:13:init_global_var	8	static
ble_manager.c:155:17:ble_event_task	32	static
ble_manager.c:170:6:ble_device_init	24	static
ble_manager.c:254:17:ble_set_device_name	16	static
ble_manager.c:264:13:ble_init	16	static
ble_manager.c:280:13:ble_set_dev_config	64	static
ble_manager.c:336:6:ble_mgr_events_callback_handler	24	static
ble_manager.c:440:17:ble_undefined_event_handler	16	static
ble_manager.c:448:17:gap_dev_connect	48	static
ble_manager.c:465:17:gap_dev_scan	32	static
ble_manager.c:475:17:ble_scan_info_handler	24	static
ble_manager.c:507:17:ble_scan_report_handler	24	static
ble_manager.c:524:9:scan_info_parse	48	static
ble_manager.c:595:17:ble_send_slave_sec_request	16	static
ble_manager.c:611:6:ble_check_ispheripheral	24	static
ble_manager.c:625:6:ble_check_iscentral	24	static
ble_manager.c:639:6:ble_check_disconnected_iscentral	24	static
ble_manager.c:653:17:ble_connected_device_role	24	static
ble_manager.c:671:17:ble_disconnected_device_role	24	static
ble_manager.c:689:17:ble_check_device_state	24	static
ble_manager.c:706:17:ble_connected_state_handler	120	static
ble_manager.c:826:17:ble_resolv_rand_addr_handler	24	static
ble_manager.c:885:17:ble_mtu_changed_indication_handler	24	static
ble_manager.c:895:17:ble_mtu_changed_cmd_complete_handler	24	static
ble_manager.c:916:17:ble_characteristic_write_cmd_complete_handler	24	static
ble_manager.c:937:17:ble_disconnected_state_handler	24	static
ble_manager.c:985:17:ble_conn_param_update	24	static
ble_manager.c:994:17:ble_conn_param_update_req	32	static
ble_manager.c:1002:17:ble_slave_security_request_handler	48	static
ble_manager.c:1115:17:ble_pair_request_handler	48	static
ble_manager.c:1198:17:ble_pair_key_request_handler	40	static
ble_manager.c:1269:17:ble_pair_done_handler	24	static
ble_manager.c:1335:17:ble_encryption_status_change_handler	24	static
ble_manager.c:1378:17:ble_encryption_request_handler	32	static
ble_manager.c:1432:6:ble_event_manager	56	static
ble_manager.c:1634:17:ble_advertisement_data_set	104	static
ble_manager.c:2387:6:register_ble_user_event_cb	16	static
